#
# There is insufficient memory for the Java Runtime Environment to continue.
# Native memory allocation (malloc) failed to allocate 13887768 bytes. Error detail: Chunk::new
# Possible reasons:
#   The system is out of physical RAM or swap space
#   This process is running with CompressedOops enabled, and the Java Heap may be blocking the growth of the native heap
# Possible solutions:
#   Reduce memory load on the system
#   Increase physical memory or swap space
#   Check if swap backing store is full
#   Decrease Java heap size (-Xmx/-Xms)
#   Decrease number of Java threads
#   Decrease Java thread stack sizes (-Xss)
#   Set larger code cache with -XX:ReservedCodeCacheSize=
#   JVM is running with Unscaled Compressed Oops mode in which the Java heap is
#     placed in the first 4GB address space. The Java Heap base address is the
#     maximum limit for the native heap growth. Please use -XX:HeapBaseMinAddress
#     to set the Java Heap base and to place the Java Heap above 4GB virtual address.
# This output file may be truncated or incomplete.
#
#  Out of Memory Error (arena.cpp:186), pid=1920, tid=5720
#
# JRE version: OpenJDK Runtime Environment Zulu25.36+15-CA (25.0.4+7) (build 25.0.4+7-LTS)
# Java VM: OpenJDK 64-Bit Server VM Zulu25.36+15-CA (25.0.4+7-LTS, mixed mode, sharing, tiered, compressed oops, compressed class ptrs, g1 gc, windows-amd64)
# No core dump will be written. Minidumps are not enabled by default on client versions of Windows
#

---------------  S U M M A R Y ------------

Command Line: -Dfile.encoding=UTF-8 -Dstdout.encoding=UTF-8 -Dstderr.encoding=UTF-8 -XX:+ShowCodeDetailsInExceptionMessages ifrn.pi.eventos.EventosApplication

Host: Intel(R) Core(TM) i3-8130U CPU @ 2.20GHz, 4 cores, 7G,  Windows 10 , 64 bit Build 19041 (10.0.19041.7663)
Time: Wed Sep 30 21:58:45 2026 Hora oficial do Brasil elapsed time: 25.602218 seconds (0d 0h 0m 25s)

---------------  T H R E A D  ---------------

Current thread (0x0000019bf61d1400):  JavaThread "C2 CompilerThread0" daemon [_thread_in_native, id=5720, stack(0x00000032bfa00000,0x00000032bfb00000) (1024K)]


Current CompileTask:
C2:25602 6558       4       org.springframework.core.ResolvableType::hasGenerics (14 bytes)

Stack: [0x00000032bfa00000,0x00000032bfb00000]
Native frames: (J=compiled Java code, j=interpreted, Vv=VM code, C=native code)
V  [jvm.dll+0x7b8c49]  (no source info available)
V  [jvm.dll+0x7827ed]  (no source info available)
V  [jvm.dll+0xa06d9d]  (no source info available)
V  [jvm.dll+0xa09214]  (no source info available)
V  [jvm.dll+0xa09913]  (no source info available)
V  [jvm.dll+0x30a356]  (no source info available)
V  [jvm.dll+0x1126a6]  (no source info available)
V  [jvm.dll+0x1129d1]  (no source info available)
V  [jvm.dll+0x1aa43b]  (no source info available)
V  [jvm.dll+0x3c1b62]  (no source info available)
V  [jvm.dll+0x7be4b4]  (no source info available)
V  [jvm.dll+0x2cdc46]  (no source info available)
V  [jvm.dll+0x2cccc1]  (no source info available)
V  [jvm.dll+0x242f2a]  (no source info available)
V  [jvm.dll+0x2dc531]  (no source info available)
V  [jvm.dll+0x2da77a]  (no source info available)
V  [jvm.dll+0x49da6e]  (no source info available)
V  [jvm.dll+0x9a7b38]  (no source info available)
V  [jvm.dll+0x7b7185]  (no source info available)
C  [ucrtbase.dll+0x21bb2]  (no source info available)
C  [KERNEL32.DLL+0x17374]  (no source info available)
C  [ntdll.dll+0x4cc91]  (no source info available)

Lock stack of current Java thread (top to bottom):


---------------  P R O C E S S  ---------------

Threads class SMR info:
_java_thread_list=0x0000019bfed15d00, length=29, elements={
0x0000019bf61c27e0, 0x0000019bf61c3f60, 0x0000019bf61c6660, 0x0000019bf61c8230,
0x0000019bf61cb140, 0x0000019bf61cbd00, 0x0000019bf61d1400, 0x0000019bf61e8d30,
0x0000019bf627dd40, 0x0000019bf6288530, 0x0000019bfde47560, 0x0000019bfc428bf0,
0x0000019bfc4293b0, 0x0000019bfbff7600, 0x0000019bfb247580, 0x0000019bfdde20f0,
0x0000019bfdde7eb0, 0x0000019bfdde5f70, 0x0000019bfdde3090, 0x0000019bfdde6f10,
0x0000019bfdde76e0, 0x0000019bfdde8680, 0x0000019bfdde4800, 0x0000019bfddf0690,
0x0000019bfddee750, 0x0000019bfddec040, 0x0000019bfddecfe0, 0x0000019bfddedf80,
0x0000019bfdde9160
}

Java Threads: ( => current thread )
  0x0000019bf61c27e0 JavaThread "Reference Handler"          daemon [_thread_blocked, id=14076, stack(0x00000032bf400000,0x00000032bf500000) (1024K)]
  0x0000019bf61c3f60 JavaThread "Finalizer"                  daemon [_thread_blocked, id=9632, stack(0x00000032bf500000,0x00000032bf600000) (1024K)]
  0x0000019bf61c6660 JavaThread "Signal Dispatcher"          daemon [_thread_blocked, id=1312, stack(0x00000032bf600000,0x00000032bf700000) (1024K)]
  0x0000019bf61c8230 JavaThread "Attach Listener"            daemon [_thread_blocked, id=6372, stack(0x00000032bf700000,0x00000032bf800000) (1024K)]
  0x0000019bf61cb140 JavaThread "Service Thread"             daemon [_thread_blocked, id=14204, stack(0x00000032bf800000,0x00000032bf900000) (1024K)]
  0x0000019bf61cbd00 JavaThread "Monitor Deflation Thread"   daemon [_thread_blocked, id=12900, stack(0x00000032bf900000,0x00000032bfa00000) (1024K)]
=>0x0000019bf61d1400 JavaThread "C2 CompilerThread0"         daemon [_thread_in_native, id=5720, stack(0x00000032bfa00000,0x00000032bfb00000) (1024K)]
  0x0000019bf61e8d30 JavaThread "C1 CompilerThread0"         daemon [_thread_blocked, id=14816, stack(0x00000032bfb00000,0x00000032bfc00000) (1024K)]
  0x0000019bf627dd40 JavaThread "Notification Thread"        daemon [_thread_blocked, id=1940, stack(0x00000032bfc00000,0x00000032bfd00000) (1024K)]
  0x0000019bf6288530 JavaThread "Common-Cleaner"             daemon [_thread_blocked, id=15140, stack(0x00000032bfd00000,0x00000032bfe00000) (1024K)]
  0x0000019bfde47560 JavaThread "Catalina-utility-1"                [_thread_blocked, id=13396, stack(0x00000032c0400000,0x00000032c0500000) (1024K)]
  0x0000019bfc428bf0 JavaThread "Catalina-utility-2"                [_thread_blocked, id=11028, stack(0x00000032c0500000,0x00000032c0600000) (1024K)]
  0x0000019bfc4293b0 JavaThread "container-0"                       [_thread_blocked, id=6772, stack(0x00000032c0600000,0x00000032c0700000) (1024K)]
  0x0000019bfbff7600 JavaThread "mysql-cj-abandoned-connection-cleanup" daemon [_thread_blocked, id=13512, stack(0x00000032c0700000,0x00000032c0800000) (1024K)]
  0x0000019bfb247580 JavaThread "HikariPool-1:housekeeper"   daemon [_thread_blocked, id=10464, stack(0x00000032c0900000,0x00000032c0a00000) (1024K)]
  0x0000019bfdde20f0 JavaThread "File Watcher"               daemon [_thread_blocked, id=13024, stack(0x00000032c0b00000,0x00000032c0c00000) (1024K)]
  0x0000019bfdde7eb0 JavaThread "http-nio-8080-exec-1"       daemon [_thread_blocked, id=14896, stack(0x00000032c0c00000,0x00000032c0d00000) (1024K)]
  0x0000019bfdde5f70 JavaThread "http-nio-8080-exec-2"       daemon [_thread_in_vm, id=12192, stack(0x00000032c0d00000,0x00000032c0e00000) (1024K)]
  0x0000019bfdde3090 JavaThread "http-nio-8080-exec-3"       daemon [_thread_blocked, id=12296, stack(0x00000032c0e00000,0x00000032c0f00000) (1024K)]
  0x0000019bfdde6f10 JavaThread "http-nio-8080-exec-4"       daemon [_thread_blocked, id=9272, stack(0x00000032c0f00000,0x00000032c1000000) (1024K)]
  0x0000019bfdde76e0 JavaThread "http-nio-8080-exec-5"       daemon [_thread_blocked, id=1860, stack(0x00000032c1000000,0x00000032c1100000) (1024K)]
  0x0000019bfdde8680 JavaThread "http-nio-8080-exec-6"       daemon [_thread_blocked, id=13504, stack(0x00000032c1100000,0x00000032c1200000) (1024K)]
  0x0000019bfdde4800 JavaThread "http-nio-8080-exec-7"       daemon [_thread_blocked, id=8932, stack(0x00000032c1200000,0x00000032c1300000) (1024K)]
  0x0000019bfddf0690 JavaThread "http-nio-8080-exec-8"       daemon [_thread_blocked, id=1528, stack(0x00000032c1300000,0x00000032c1400000) (1024K)]
  0x0000019bfddee750 JavaThread "http-nio-8080-exec-9"       daemon [_thread_blocked, id=13020, stack(0x00000032c1400000,0x00000032c1500000) (1024K)]
  0x0000019bfddec040 JavaThread "http-nio-8080-exec-10"      daemon [_thread_blocked, id=14684, stack(0x00000032c1500000,0x00000032c1600000) (1024K)]
  0x0000019bfddecfe0 JavaThread "http-nio-8080-Poller"       daemon [_thread_in_native, id=13240, stack(0x00000032c1600000,0x00000032c1700000) (1024K)]
  0x0000019bfddedf80 JavaThread "http-nio-8080-Acceptor"     daemon [_thread_in_native, id=2828, stack(0x00000032c1700000,0x00000032c1800000) (1024K)]
  0x0000019bfdde9160 JavaThread "DestroyJavaVM"                     [_thread_blocked, id=10872, stack(0x00000032bec00000,0x00000032bed00000) (1024K)]
Total: 29

Other Threads:
  0x0000019bf61af590 VMThread "VM Thread"                           [id=8056, stack(0x00000032bf300000,0x00000032bf400000) (1024K)]
  0x0000019bf61a12a0 WatcherThread "VM Periodic Task Thread"        [id=9532, stack(0x00000032bf200000,0x00000032bf300000) (1024K)]
  0x0000019be8afb1a0 WorkerThread "GC Thread#0"                     [id=2176, stack(0x00000032bed00000,0x00000032bee00000) (1024K)]
  0x0000019bfb471390 WorkerThread "GC Thread#1"                     [id=6988, stack(0x00000032c0100000,0x00000032c0200000) (1024K)]
  0x0000019bfb4717c0 WorkerThread "GC Thread#2"                     [id=11580, stack(0x00000032c0200000,0x00000032c0300000) (1024K)]
  0x0000019bfb1f28c0 WorkerThread "GC Thread#3"                     [id=13320, stack(0x00000032c0300000,0x00000032c0400000) (1024K)]
  0x0000019be8b13df0 ConcurrentGCThread "G1 Main Marker"            [id=8268, stack(0x00000032bee00000,0x00000032bef00000) (1024K)]
  0x0000019be8b14990 WorkerThread "G1 Conc#0"                       [id=8600, stack(0x00000032bef00000,0x00000032bf000000) (1024K)]
  0x0000019be8b4c3b0 ConcurrentGCThread "G1 Refine#0"               [id=12756, stack(0x00000032bf000000,0x00000032bf100000) (1024K)]
  0x0000019be8b4cfc0 ConcurrentGCThread "G1 Service"                [id=5040, stack(0x00000032bf100000,0x00000032bf200000) (1024K)]
Total: 10

Threads with active compile tasks:
C2 CompilerThread0  25729 6558       4       org.springframework.core.ResolvableType::hasGenerics (14 bytes)
Total: 1

VM state: not at safepoint (normal execution)

VM Mutex/Monitor currently owned by a thread: None

Heap address: 0x0000000081800000, size: 2024 MB, Compressed Oops mode: 32-bit

CDS archive(s) mapped at: [0x0000000009000000-0x0000000009db0000-0x0000000009db0000), size 14352384, SharedBaseAddress: 0x0000000009000000, ArchiveRelocationMode: 1.
Compressed class space mapped at: 0x000000000a000000-0x000000004a000000, reserved size: 1073741824
UseCompressedClassPointers 1, UseCompactObjectHeaders 0
Narrow klass pointer bits 32, Max shift 3
Narrow klass base: 0x0000000009000000, Narrow klass shift: 0
Encoding Range: [0x0000000009000000 - 0x0000000109000000), (4294967296 bytes)
Klass Range:    [0x0000000009010000 - 0x000000004a000000), (1090453504 bytes)
Klass ID Range:  [65536 - 1090519033) (1090453497)
Protection zone: [0x0000000009000000 - 0x0000000009010000), (65536 bytes)

GC Precious Log:
 CardTable entry size: 512
 Card Set container configuration: InlinePtr #cards 5 size 8 Array Of Cards #cards 10 size 36 Howl #buckets 4 coarsen threshold 1843 Howl Bitmap #cards 512 size 80 coarsen threshold 460 Card regions per heap region 1 cards per card region 2048
 CPUs: 4 total, 4 available
 Memory: 8088M
 Large Page Support: Disabled
 NUMA Support: Disabled
 Compressed Oops: Enabled (32-bit)
 Heap Region Size: 1M
 Heap Min Capacity: 8M
 Heap Initial Capacity: 128M
 Heap Max Capacity: 2024M
 Pre-touch: Disabled
 Parallel Workers: 4
 Concurrent Workers: 1
 Concurrent Refinement Workers: 4
 Periodic GC: Disabled

Heap:
 garbage-first heap   total reserved 2072576K, committed 58368K, used 36218K [0x0000000081800000, 0x0000000100000000)
  region size 1024K, 6 young (6144K), 2 survivors (2048K)

Heap Regions: E=young(eden), S=young(survivor), O=old, HS=humongous(starts), HC=humongous(continues), CS=collection set, F=free, TAMS=top-at-mark-start, PB=parsable bottom
|   0|0x0000000081800000, 0x0000000081900000, 0x0000000081900000|100%|HS|  |TAMS 0x0000000081800000| PB 0x0000000081800000| Complete |  0
|   1|0x0000000081900000, 0x0000000081900000, 0x0000000081a00000|  0%| F|  |TAMS 0x0000000081900000| PB 0x0000000081900000| Untracked |  0
|   2|0x0000000081a00000, 0x0000000081b00000, 0x0000000081b00000|100%| O|  |TAMS 0x0000000081a00000| PB 0x0000000081a00000| Untracked |  0
|   3|0x0000000081b00000, 0x0000000081c00000, 0x0000000081c00000|100%| O|  |TAMS 0x0000000081b00000| PB 0x0000000081b00000| Untracked |  0
|   4|0x0000000081c00000, 0x0000000081d00000, 0x0000000081d00000|100%| O|  |TAMS 0x0000000081c00000| PB 0x0000000081c00000| Untracked |  0
|   5|0x0000000081d00000, 0x0000000081e00000, 0x0000000081e00000|100%| O|  |TAMS 0x0000000081d00000| PB 0x0000000081d00000| Untracked |  0
|   6|0x0000000081e00000, 0x0000000081f00000, 0x0000000081f00000|100%| O|  |TAMS 0x0000000081e00000| PB 0x0000000081e00000| Untracked |  0
|   7|0x0000000081f00000, 0x0000000082000000, 0x0000000082000000|100%| O|  |TAMS 0x0000000081f00000| PB 0x0000000081f00000| Untracked |  0
|   8|0x0000000082000000, 0x0000000082100000, 0x0000000082100000|100%| O|  |TAMS 0x0000000082000000| PB 0x0000000082000000| Untracked |  0
|   9|0x0000000082100000, 0x0000000082200000, 0x0000000082200000|100%| O|  |TAMS 0x0000000082100000| PB 0x0000000082100000| Untracked |  0
|  10|0x0000000082200000, 0x0000000082300000, 0x0000000082300000|100%| O|  |TAMS 0x0000000082200000| PB 0x0000000082200000| Untracked |  0
|  11|0x0000000082300000, 0x0000000082400000, 0x0000000082400000|100%| O|  |TAMS 0x0000000082300000| PB 0x0000000082300000| Untracked |  0
|  12|0x0000000082400000, 0x0000000082500000, 0x0000000082500000|100%| O|  |TAMS 0x0000000082400000| PB 0x0000000082400000| Untracked |  0
|  13|0x0000000082500000, 0x0000000082600000, 0x0000000082600000|100%| O|  |TAMS 0x0000000082500000| PB 0x0000000082500000| Untracked |  0
|  14|0x0000000082600000, 0x0000000082700000, 0x0000000082700000|100%| O|  |TAMS 0x0000000082600000| PB 0x0000000082600000| Untracked |  0
|  15|0x0000000082700000, 0x0000000082800000, 0x0000000082800000|100%| O|  |TAMS 0x0000000082700000| PB 0x0000000082700000| Untracked |  0
|  16|0x0000000082800000, 0x0000000082900000, 0x0000000082900000|100%| O|  |TAMS 0x0000000082800000| PB 0x0000000082800000| Untracked |  0
|  17|0x0000000082900000, 0x0000000082a00000, 0x0000000082a00000|100%| O|  |TAMS 0x0000000082900000| PB 0x0000000082900000| Untracked |  0
|  18|0x0000000082a00000, 0x0000000082b00000, 0x0000000082b00000|100%| O|  |TAMS 0x0000000082a00000| PB 0x0000000082a00000| Untracked |  0
|  19|0x0000000082b00000, 0x0000000082c00000, 0x0000000082c00000|100%| O|  |TAMS 0x0000000082b00000| PB 0x0000000082b00000| Untracked |  0
|  20|0x0000000082c00000, 0x0000000082d00000, 0x0000000082d00000|100%| O|  |TAMS 0x0000000082c00000| PB 0x0000000082c00000| Untracked |  0
|  21|0x0000000082d00000, 0x0000000082e00000, 0x0000000082e00000|100%| O|  |TAMS 0x0000000082d00000| PB 0x0000000082d00000| Untracked |  0
|  22|0x0000000082e00000, 0x0000000082f00000, 0x0000000082f00000|100%| O|  |TAMS 0x0000000082e00000| PB 0x0000000082e00000| Untracked |  0
|  23|0x0000000082f00000, 0x0000000083000000, 0x0000000083000000|100%| O|  |TAMS 0x0000000082f00000| PB 0x0000000082f00000| Untracked |  0
|  24|0x0000000083000000, 0x0000000083100000, 0x0000000083100000|100%| O|  |TAMS 0x0000000083000000| PB 0x0000000083000000| Untracked |  0
|  25|0x0000000083100000, 0x0000000083200000, 0x0000000083200000|100%| O|  |TAMS 0x0000000083100000| PB 0x0000000083100000| Untracked |  0
|  26|0x0000000083200000, 0x0000000083300000, 0x0000000083300000|100%| O|  |TAMS 0x0000000083200000| PB 0x0000000083200000| Untracked |  0
|  27|0x0000000083300000, 0x0000000083400000, 0x0000000083400000|100%| O|  |TAMS 0x0000000083300000| PB 0x0000000083300000| Untracked |  0
|  28|0x0000000083400000, 0x0000000083500000, 0x0000000083500000|100%| O|  |TAMS 0x0000000083400000| PB 0x0000000083400000| Untracked |  0
|  29|0x0000000083500000, 0x0000000083600000, 0x0000000083600000|100%| O|  |TAMS 0x0000000083500000| PB 0x0000000083500000| Untracked |  0
|  30|0x0000000083600000, 0x00000000836fa080, 0x0000000083700000| 97%| O|  |TAMS 0x0000000083600000| PB 0x0000000083600000| Untracked |  0
|  31|0x0000000083700000, 0x0000000083700000, 0x0000000083800000|  0%| F|  |TAMS 0x0000000083700000| PB 0x0000000083700000| Untracked |  0
|  32|0x0000000083800000, 0x00000000838648c0, 0x0000000083900000| 39%| S|CS|TAMS 0x0000000083800000| PB 0x0000000083800000| Complete |  0
|  33|0x0000000083900000, 0x0000000083900000, 0x0000000083a00000|  0%| F|  |TAMS 0x0000000083900000| PB 0x0000000083900000| Untracked |  0
|  34|0x0000000083a00000, 0x0000000083a00000, 0x0000000083b00000|  0%| F|  |TAMS 0x0000000083a00000| PB 0x0000000083a00000| Untracked |  0
|  35|0x0000000083b00000, 0x0000000083c00000, 0x0000000083c00000|100%| S|CS|TAMS 0x0000000083b00000| PB 0x0000000083b00000| Complete |  0
|  36|0x0000000083c00000, 0x0000000083c00000, 0x0000000083d00000|  0%| F|  |TAMS 0x0000000083c00000| PB 0x0000000083c00000| Untracked |  0
|  37|0x0000000083d00000, 0x0000000083d00000, 0x0000000083e00000|  0%| F|  |TAMS 0x0000000083d00000| PB 0x0000000083d00000| Untracked |  0
|  38|0x0000000083e00000, 0x0000000083e00000, 0x0000000083f00000|  0%| F|  |TAMS 0x0000000083e00000| PB 0x0000000083e00000| Untracked |  0
|  39|0x0000000083f00000, 0x0000000083f00000, 0x0000000084000000|  0%| F|  |TAMS 0x0000000083f00000| PB 0x0000000083f00000| Untracked |  0
|  40|0x0000000084000000, 0x0000000084000000, 0x0000000084100000|  0%| F|  |TAMS 0x0000000084000000| PB 0x0000000084000000| Untracked |  0
|  41|0x0000000084100000, 0x0000000084100000, 0x0000000084200000|  0%| F|  |TAMS 0x0000000084100000| PB 0x0000000084100000| Untracked |  0
|  42|0x0000000084200000, 0x0000000084200000, 0x0000000084300000|  0%| F|  |TAMS 0x0000000084200000| PB 0x0000000084200000| Untracked |  0
|  43|0x0000000084300000, 0x0000000084300000, 0x0000000084400000|  0%| F|  |TAMS 0x0000000084300000| PB 0x0000000084300000| Untracked |  0
|  44|0x0000000084400000, 0x0000000084400000, 0x0000000084500000|  0%| F|  |TAMS 0x0000000084400000| PB 0x0000000084400000| Untracked |  0
|  45|0x0000000084500000, 0x0000000084500000, 0x0000000084600000|  0%| F|  |TAMS 0x0000000084500000| PB 0x0000000084500000| Untracked |  0
|  46|0x0000000084600000, 0x0000000084600000, 0x0000000084700000|  0%| F|  |TAMS 0x0000000084600000| PB 0x0000000084600000| Untracked |  0
|  47|0x0000000084700000, 0x0000000084700000, 0x0000000084800000|  0%| F|  |TAMS 0x0000000084700000| PB 0x0000000084700000| Untracked |  0
|  48|0x0000000084800000, 0x0000000084800000, 0x0000000084900000|  0%| F|  |TAMS 0x0000000084800000| PB 0x0000000084800000| Untracked |  0
|  49|0x0000000084900000, 0x0000000084900000, 0x0000000084a00000|  0%| F|  |TAMS 0x0000000084900000| PB 0x0000000084900000| Untracked |  0
| 118|0x0000000088e00000, 0x0000000088e00000, 0x0000000088f00000|  0%| F|  |TAMS 0x0000000088e00000| PB 0x0000000088e00000| Untracked |  0
| 119|0x0000000088f00000, 0x0000000088f00000, 0x0000000089000000|  0%| F|  |TAMS 0x0000000088f00000| PB 0x0000000088f00000| Untracked |  0
| 120|0x0000000089000000, 0x00000000890ccaf0, 0x0000000089100000| 79%| E|  |TAMS 0x0000000089000000| PB 0x0000000089000000| Complete |  0
| 121|0x0000000089100000, 0x0000000089200000, 0x0000000089200000|100%| E|CS|TAMS 0x0000000089100000| PB 0x0000000089100000| Complete |  0
| 122|0x0000000089200000, 0x0000000089300000, 0x0000000089300000|100%| E|CS|TAMS 0x0000000089200000| PB 0x0000000089200000| Complete |  0
|2022|0x00000000ffe00000, 0x00000000fff00000, 0x00000000fff00000|100%| O|  |TAMS 0x00000000ffe00000| PB 0x00000000ffe00000| Untracked |  0
|2023|0x00000000fff00000, 0x0000000100000000, 0x0000000100000000|100%| E|CS|TAMS 0x00000000fff00000| PB 0x00000000fff00000| Complete |  0

Card table byte_map: [0x0000019bf19b0000,0x0000019bf1db0000] _byte_map_base: 0x0000019bf15a4000

Marking Bits: (CMBitMap*) 0x0000019be8afb930
 Bits: [0x0000019bf1db0000, 0x0000019bf3d50000)

Polling page: 0x0000019be6910000

Metaspace:
Metaspace        used 79922K, committed 80512K, reserved 1179648K
 class space     used 11577K, committed 11840K, reserved 1048576K

Usage:
  Non-class:     66.74 MB used.
      Class:     11.31 MB used.
       Both:     78.05 MB used.

Virtual space:
  Non-class space:      128.00 MB reserved,      67.06 MB ( 52%) committed,  2 nodes.
      Class space:        1.00 GB reserved,      11.56 MB (  1%) committed,  1 nodes.
             Both:        1.12 GB reserved,      78.62 MB (  7%) committed. 

Chunk freelists:
   Non-Class:  12.86 MB
       Class:  4.48 MB
        Both:  17.34 MB

MaxMetaspaceSize: unlimited
CompressedClassSpaceSize: 1.00 GB
Initial GC threshold: 21.00 MB
Current GC threshold: 115.62 MB
CDS: on
 - commit_granule_bytes: 65536.
 - commit_granule_words: 8192.
 - virtual_space_node_default_size: 8388608.
 - enlarge_chunks_in_place: 1.
UseCompressedClassPointers 1, UseCompactObjectHeaders 0
Narrow klass pointer bits 32, Max shift 3
Narrow klass base: 0x0000000009000000, Narrow klass shift: 0
Encoding Range: [0x0000000009000000 - 0x0000000109000000), (4294967296 bytes)
Klass Range:    [0x0000000009010000 - 0x000000004a000000), (1090453504 bytes)
Klass ID Range:  [65536 - 1090519033) (1090453497)
Protection zone: [0x0000000009000000 - 0x0000000009010000), (65536 bytes)


Internal statistics:

num_allocs_failed_limit: 9.
num_arena_births: 710.
num_arena_deaths: 0.
num_vsnodes_births: 3.
num_vsnodes_deaths: 0.
num_space_committed: 1258.
num_space_uncommitted: 0.
num_chunks_returned_to_freelist: 9.
num_chunks_taken_from_freelist: 3419.
num_chunk_merges: 9.
num_chunk_splits: 2570.
num_chunks_enlarged: 2150.
num_inconsistent_stats: 0.

CodeHeap 'non-profiled nmethods': size=120064Kb used=2857Kb max_used=2857Kb free=117207Kb
 bounds [0x0000019b87ae0000, 0x0000019b87db0000, 0x0000019b8f020000]
CodeHeap 'profiled nmethods': size=120064Kb used=8849Kb max_used=8849Kb free=111214Kb
 bounds [0x0000019b80000000, 0x0000019b808b0000, 0x0000019b87540000]
CodeHeap 'non-nmethods': size=5760Kb used=1706Kb max_used=1741Kb free=4053Kb
 bounds [0x0000019b87540000, 0x0000019b877b0000, 0x0000019b87ae0000]
CodeCache: size=245888Kb, used=13412Kb, max_used=13447Kb, free=232474Kb
 total_blobs=6586, nmethods=5770, adapters=718, full_count=0
Compilation: enabled, stopped_count=0, restarted_count=0

Compilation events (20 events):
Event: 25.600 Thread 0x0000019bf61e8d30 6675       2       java.util.concurrent.locks.ReentrantReadWriteLock$Sync::tryRelease (54 bytes)
Event: 25.600 Thread 0x0000019bf61e8d30 nmethod 6675 0x0000019b80868e08 code [0x0000019b80868f00, 0x0000019b80869150]
Event: 25.600 Thread 0x0000019bf61e8d30 6673       2       java.util.concurrent.locks.ReentrantReadWriteLock$Sync::isHeldExclusively (16 bytes)
Event: 25.600 Thread 0x0000019bf61e8d30 nmethod 6673 0x0000019b80868b08 code [0x0000019b80868c00, 0x0000019b80868d20]
Event: 25.600 Thread 0x0000019bf61e8d30 6676       2       java.util.concurrent.locks.ReentrantReadWriteLock$FairSync::writerShouldBlock (5 bytes)
Event: 25.600 Thread 0x0000019bf61e8d30 nmethod 6676 0x0000019b80868808 code [0x0000019b80868900, 0x0000019b80868a20]
Event: 25.600 Thread 0x0000019bf61e8d30 6677       1       org.thymeleaf.processor.element.AbstractElementTagProcessor::getMatchingElementName (5 bytes)
Event: 25.600 Thread 0x0000019bf61e8d30 nmethod 6677 0x0000019b87da8c08 code [0x0000019b87da8d00, 0x0000019b87da8dc8]
Event: 25.600 Thread 0x0000019bf61e8d30 6678       1       org.thymeleaf.processor.element.AbstractElementTagProcessor::getMatchingAttributeName (5 bytes)
Event: 25.600 Thread 0x0000019bf61e8d30 nmethod 6678 0x0000019b87da8f08 code [0x0000019b87da9000, 0x0000019b87da90c8]
Event: 25.600 Thread 0x0000019bf61e8d30 6679       1       org.thymeleaf.processor.element.MatchingAttributeName::getTemplateMode (5 bytes)
Event: 25.600 Thread 0x0000019bf61e8d30 nmethod 6679 0x0000019b87da9208 code [0x0000019b87da9300, 0x0000019b87da93c8]
Event: 25.600 Thread 0x0000019bf61e8d30 6680       1       org.thymeleaf.processor.element.MatchingAttributeName::isMatchingAllAttributes (5 bytes)
Event: 25.600 Thread 0x0000019bf61e8d30 nmethod 6680 0x0000019b87da9508 code [0x0000019b87da9600, 0x0000019b87da96c8]
Event: 25.600 Thread 0x0000019bf61e8d30 6681       2       org.thymeleaf.util.ProcessorConfigurationUtils$AbstractProcessorWrapper::getTemplateMode (10 bytes)
Event: 25.601 Thread 0x0000019bf61e8d30 nmethod 6681 0x0000019b80868508 code [0x0000019b80868600, 0x0000019b80868730]
Event: 25.601 Thread 0x0000019bf61e8d30 6682       2       org.thymeleaf.util.ProcessorConfigurationUtils$AbstractElementProcessorWrapper::getMatchingElementName (10 bytes)
Event: 25.601 Thread 0x0000019bf61e8d30 nmethod 6682 0x0000019b80868208 code [0x0000019b80868300, 0x0000019b80868430]
Event: 25.601 Thread 0x0000019bf61e8d30 6683       2       org.thymeleaf.util.ProcessorConfigurationUtils$AbstractElementProcessorWrapper::getMatchingAttributeName (10 bytes)
Event: 25.601 Thread 0x0000019bf61e8d30 nmethod 6683 0x0000019b80867f08 code [0x0000019b80868000, 0x0000019b80868130]

GC Heap Usage History (20 events):
Event: 4.955 {heap Before GC invocations=7 (full 0):
 garbage-first heap   total reserved 2072576K, committed 48128K, used 38221K [0x0000000081800000, 0x0000000100000000)
  region size 1024K, 22 young (22528K), 2 survivors (2048K)
}
Event: 4.959 {heap After GC invocations=8 (full 0):
 garbage-first heap   total reserved 2072576K, committed 48128K, used 20484K [0x0000000081800000, 0x0000000100000000)
  region size 1024K, 2 young (2048K), 2 survivors (2048K)
}
Event: 5.233 {heap Before GC invocations=8 (full 0):
 garbage-first heap   total reserved 2072576K, committed 48128K, used 28676K [0x0000000081800000, 0x0000000100000000)
  region size 1024K, 11 young (11264K), 2 survivors (2048K)
}
Event: 5.237 {heap After GC invocations=9 (full 0):
 garbage-first heap   total reserved 2072576K, committed 48128K, used 21141K [0x0000000081800000, 0x0000000100000000)
  region size 1024K, 1 young (1024K), 1 survivors (1024K)
}
Event: 5.777 {heap Before GC invocations=10 (full 0):
 garbage-first heap   total reserved 2072576K, committed 48128K, used 40597K [0x0000000081800000, 0x0000000100000000)
  region size 1024K, 20 young (20480K), 1 survivors (1024K)
}
Event: 5.780 {heap After GC invocations=11 (full 0):
 garbage-first heap   total reserved 2072576K, committed 48128K, used 22608K [0x0000000081800000, 0x0000000100000000)
  region size 1024K, 2 young (2048K), 2 survivors (2048K)
}
Event: 6.624 {heap Before GC invocations=11 (full 0):
 garbage-first heap   total reserved 2072576K, committed 48128K, used 41040K [0x0000000081800000, 0x0000000100000000)
  region size 1024K, 20 young (20480K), 2 survivors (2048K)
}
Event: 6.630 {heap After GC invocations=12 (full 0):
 garbage-first heap   total reserved 2072576K, committed 48128K, used 24558K [0x0000000081800000, 0x0000000100000000)
  region size 1024K, 3 young (3072K), 3 survivors (3072K)
}
Event: 7.054 {heap Before GC invocations=12 (full 0):
 garbage-first heap   total reserved 2072576K, committed 48128K, used 40942K [0x0000000081800000, 0x0000000100000000)
  region size 1024K, 20 young (20480K), 3 survivors (3072K)
}
Event: 7.059 {heap After GC invocations=13 (full 0):
 garbage-first heap   total reserved 2072576K, committed 48128K, used 26070K [0x0000000081800000, 0x0000000100000000)
  region size 1024K, 3 young (3072K), 3 survivors (3072K)
}
Event: 7.389 {heap Before GC invocations=13 (full 0):
 garbage-first heap   total reserved 2072576K, committed 48128K, used 41430K [0x0000000081800000, 0x0000000100000000)
  region size 1024K, 19 young (19456K), 3 survivors (3072K)
}
Event: 7.393 {heap After GC invocations=14 (full 0):
 garbage-first heap   total reserved 2072576K, committed 48128K, used 27150K [0x0000000081800000, 0x0000000100000000)
  region size 1024K, 3 young (3072K), 3 survivors (3072K)
}
Event: 7.802 {heap Before GC invocations=15 (full 0):
 garbage-first heap   total reserved 2072576K, committed 48128K, used 41486K [0x0000000081800000, 0x0000000100000000)
  region size 1024K, 18 young (18432K), 3 survivors (3072K)
}
Event: 7.805 {heap After GC invocations=16 (full 0):
 garbage-first heap   total reserved 2072576K, committed 48128K, used 27684K [0x0000000081800000, 0x0000000100000000)
  region size 1024K, 2 young (2048K), 2 survivors (2048K)
}
Event: 8.136 {heap Before GC invocations=16 (full 0):
 garbage-first heap   total reserved 2072576K, committed 48128K, used 43044K [0x0000000081800000, 0x0000000100000000)
  region size 1024K, 17 young (17408K), 2 survivors (2048K)
}
Event: 8.141 {heap After GC invocations=17 (full 0):
 garbage-first heap   total reserved 2072576K, committed 58368K, used 28513K [0x0000000081800000, 0x0000000100000000)
  region size 1024K, 3 young (3072K), 3 survivors (3072K)
}
Event: 8.662 {heap Before GC invocations=17 (full 0):
 garbage-first heap   total reserved 2072576K, committed 58368K, used 52065K [0x0000000081800000, 0x0000000100000000)
  region size 1024K, 26 young (26624K), 3 survivors (3072K)
}
Event: 8.668 {heap After GC invocations=18 (full 0):
 garbage-first heap   total reserved 2072576K, committed 58368K, used 30180K [0x0000000081800000, 0x0000000100000000)
  region size 1024K, 4 young (4096K), 4 survivors (4096K)
}
Event: 9.270 {heap Before GC invocations=19 (full 0):
 garbage-first heap   total reserved 2072576K, committed 58368K, used 51684K [0x0000000081800000, 0x0000000100000000)
  region size 1024K, 25 young (25600K), 4 survivors (4096K)
}
Event: 9.276 {heap After GC invocations=20 (full 0):
 garbage-first heap   total reserved 2072576K, committed 58368K, used 32064K [0x0000000081800000, 0x0000000100000000)
  region size 1024K, 2 young (2048K), 2 survivors (2048K)
}

Metaspace Usage History (20 events):
Event: 4.955 {metaspace Before GC invocations=7 (full 0):
 Metaspace       used 33223K, committed 33664K, reserved 1114112K
  class space    used 4449K, committed 4672K, reserved 1048576K
}
Event: 4.959 {metaspace After GC invocations=8 (full 0):
 Metaspace       used 33223K, committed 33664K, reserved 1114112K
  class space    used 4449K, committed 4672K, reserved 1048576K
}
Event: 5.233 {metaspace Before GC invocations=8 (full 0):
 Metaspace       used 35561K, committed 35968K, reserved 1114112K
  class space    used 4786K, committed 4992K, reserved 1048576K
}
Event: 5.237 {metaspace After GC invocations=9 (full 0):
 Metaspace       used 35561K, committed 35968K, reserved 1114112K
  class space    used 4786K, committed 4992K, reserved 1048576K
}
Event: 5.777 {metaspace Before GC invocations=10 (full 0):
 Metaspace       used 40443K, committed 40896K, reserved 1114112K
  class space    used 5789K, committed 6016K, reserved 1048576K
}
Event: 5.780 {metaspace After GC invocations=11 (full 0):
 Metaspace       used 40443K, committed 40896K, reserved 1114112K
  class space    used 5789K, committed 6016K, reserved 1048576K
}
Event: 6.624 {metaspace Before GC invocations=11 (full 0):
 Metaspace       used 49654K, committed 50112K, reserved 1114112K
  class space    used 6916K, committed 7104K, reserved 1048576K
}
Event: 6.630 {metaspace After GC invocations=12 (full 0):
 Metaspace       used 49654K, committed 50112K, reserved 1114112K
  class space    used 6916K, committed 7104K, reserved 1048576K
}
Event: 7.054 {metaspace Before GC invocations=12 (full 0):
 Metaspace       used 53888K, committed 54336K, reserved 1114112K
  class space    used 7462K, committed 7680K, reserved 1048576K
}
Event: 7.059 {metaspace After GC invocations=13 (full 0):
 Metaspace       used 53888K, committed 54336K, reserved 1114112K
  class space    used 7462K, committed 7680K, reserved 1048576K
}
Event: 7.389 {metaspace Before GC invocations=13 (full 0):
 Metaspace       used 57859K, committed 58304K, reserved 1114112K
  class space    used 8005K, committed 8192K, reserved 1048576K
}
Event: 7.393 {metaspace After GC invocations=14 (full 0):
 Metaspace       used 57859K, committed 58304K, reserved 1114112K
  class space    used 8005K, committed 8192K, reserved 1048576K
}
Event: 7.802 {metaspace Before GC invocations=15 (full 0):
 Metaspace       used 63213K, committed 63680K, reserved 1114112K
  class space    used 9020K, committed 9216K, reserved 1048576K
}
Event: 7.805 {metaspace After GC invocations=16 (full 0):
 Metaspace       used 63213K, committed 63680K, reserved 1114112K
  class space    used 9020K, committed 9216K, reserved 1048576K
}
Event: 8.136 {metaspace Before GC invocations=16 (full 0):
 Metaspace       used 66933K, committed 67392K, reserved 1114112K
  class space    used 9605K, committed 9792K, reserved 1048576K
}
Event: 8.141 {metaspace After GC invocations=17 (full 0):
 Metaspace       used 66933K, committed 67392K, reserved 1114112K
  class space    used 9605K, committed 9792K, reserved 1048576K
}
Event: 8.662 {metaspace Before GC invocations=17 (full 0):
 Metaspace       used 70547K, committed 71040K, reserved 1114112K
  class space    used 10100K, committed 10304K, reserved 1048576K
}
Event: 8.668 {metaspace After GC invocations=18 (full 0):
 Metaspace       used 70547K, committed 71040K, reserved 1114112K
  class space    used 10100K, committed 10304K, reserved 1048576K
}
Event: 9.270 {metaspace Before GC invocations=19 (full 0):
 Metaspace       used 73277K, committed 73856K, reserved 1114112K
  class space    used 10522K, committed 10752K, reserved 1048576K
}
Event: 9.276 {metaspace After GC invocations=20 (full 0):
 Metaspace       used 73277K, committed 73856K, reserved 1114112K
  class space    used 10522K, committed 10752K, reserved 1048576K
}

Dll operation events (18 events):
Event: 0.069 Attempting to load shared library C:\Users\tela\Java\zulu25.36.15-ca-jdk25.0.4-win_x64\bin\java.dll
Event: 0.129 Loaded shared library C:\Users\tela\Java\zulu25.36.15-ca-jdk25.0.4-win_x64\bin\java.dll
Event: 0.306 Attempting to load shared library C:\Users\tela\Java\zulu25.36.15-ca-jdk25.0.4-win_x64\bin\net.dll
Event: 0.333 Loaded shared library C:\Users\tela\Java\zulu25.36.15-ca-jdk25.0.4-win_x64\bin\net.dll
Event: 0.335 Attempting to load shared library C:\Users\tela\Java\zulu25.36.15-ca-jdk25.0.4-win_x64\bin\nio.dll
Event: 0.360 Loaded shared library C:\Users\tela\Java\zulu25.36.15-ca-jdk25.0.4-win_x64\bin\nio.dll
Event: 0.362 Attempting to load shared library C:\Users\tela\Java\zulu25.36.15-ca-jdk25.0.4-win_x64\bin\zip.dll
Event: 0.385 Loaded shared library C:\Users\tela\Java\zulu25.36.15-ca-jdk25.0.4-win_x64\bin\zip.dll
Event: 0.516 Attempting to load shared library C:\Users\tela\Java\zulu25.36.15-ca-jdk25.0.4-win_x64\bin\jimage.dll
Event: 0.516 Loaded shared library C:\Users\tela\Java\zulu25.36.15-ca-jdk25.0.4-win_x64\bin\jimage.dll
Event: 1.059 Attempting to load shared library C:\Users\tela\Java\zulu25.36.15-ca-jdk25.0.4-win_x64\bin\management.dll
Event: 1.080 Loaded shared library C:\Users\tela\Java\zulu25.36.15-ca-jdk25.0.4-win_x64\bin\management.dll
Event: 1.082 Attempting to load shared library C:\Users\tela\Java\zulu25.36.15-ca-jdk25.0.4-win_x64\bin\management_ext.dll
Event: 1.107 Loaded shared library C:\Users\tela\Java\zulu25.36.15-ca-jdk25.0.4-win_x64\bin\management_ext.dll
Event: 2.432 Attempting to load shared library C:\Users\tela\Java\zulu25.36.15-ca-jdk25.0.4-win_x64\bin\sunmscapi.dll
Event: 2.471 Loaded shared library C:\Users\tela\Java\zulu25.36.15-ca-jdk25.0.4-win_x64\bin\sunmscapi.dll
Event: 6.057 Attempting to load shared library C:\Users\tela\Java\zulu25.36.15-ca-jdk25.0.4-win_x64\bin\extnet.dll
Event: 6.078 Loaded shared library C:\Users\tela\Java\zulu25.36.15-ca-jdk25.0.4-win_x64\bin\extnet.dll

Deoptimization events (20 events):
Event: 25.155 Thread 0x0000019bfdde5f70 Uncommon trap: trap_request=0xffffff45 fr.pc=0x0000019b87d52f64 relative=0x0000000000000164
Event: 25.155 Thread 0x0000019bfdde5f70 Uncommon trap: reason=unstable_if action=reinterpret pc=0x0000019b87d52f64 method=java.util.HashMap.getNode(Ljava/lang/Object;)Ljava/util/HashMap$Node; @ 66 c2
Event: 25.155 Thread 0x0000019bfdde5f70 DEOPT PACKING pc=0x0000019b87d52f64 sp=0x00000032c0dfd400
Event: 25.155 Thread 0x0000019bfdde5f70 DEOPT UNPACKING pc=0x0000019b8765f582 sp=0x00000032c0dfd2b0 mode 2
Event: 25.159 Thread 0x0000019bfdde5f70 Uncommon trap: trap_request=0xffffffde fr.pc=0x0000019b87b98314 relative=0x0000000000000494
Event: 25.160 Thread 0x0000019bfdde5f70 Uncommon trap: reason=class_check action=maybe_recompile pc=0x0000019b87b98314 method=org.springframework.core.annotation.AnnotatedElementUtils.getAnnotationAttributes(Lorg/springframework/core/annotation/MergedAnnotation;ZZ)Lorg/springframework/core/anno
Event: 25.160 Thread 0x0000019bfdde5f70 DEOPT PACKING pc=0x0000019b87b98314 sp=0x00000032c0dfcf10
Event: 25.160 Thread 0x0000019bfdde5f70 DEOPT UNPACKING pc=0x0000019b8765f582 sp=0x00000032c0dfcd40 mode 2
Event: 25.165 Thread 0x0000019bfdde5f70 Uncommon trap: trap_request=0xffffff45 fr.pc=0x0000019b87d1c428 relative=0x0000000000000128
Event: 25.165 Thread 0x0000019bfdde5f70 Uncommon trap: reason=unstable_if action=reinterpret pc=0x0000019b87d1c428 method=java.lang.ThreadLocal$ThreadLocalMap.getEntry(Ljava/lang/ThreadLocal;)Ljava/lang/ThreadLocal$ThreadLocalMap$Entry; @ 29 c2
Event: 25.165 Thread 0x0000019bfdde5f70 DEOPT PACKING pc=0x0000019b87d1c428 sp=0x00000032c0dfc9b0
Event: 25.165 Thread 0x0000019bfdde5f70 DEOPT UNPACKING pc=0x0000019b8765f582 sp=0x00000032c0dfc8d0 mode 2
Event: 25.174 Thread 0x0000019bfdde5f70 Uncommon trap: trap_request=0xffffff45 fr.pc=0x0000019b87d1d768 relative=0x00000000000000e8
Event: 25.174 Thread 0x0000019bfdde5f70 Uncommon trap: reason=unstable_if action=reinterpret pc=0x0000019b87d1d768 method=java.lang.ThreadLocal$ThreadLocalMap.getEntry(Ljava/lang/ThreadLocal;)Ljava/lang/ThreadLocal$ThreadLocalMap$Entry; @ 29 c2
Event: 25.174 Thread 0x0000019bfdde5f70 DEOPT PACKING pc=0x0000019b87d1d768 sp=0x00000032c0dfcf20
Event: 25.174 Thread 0x0000019bfdde5f70 DEOPT UNPACKING pc=0x0000019b8765f582 sp=0x00000032c0dfcec0 mode 2
Event: 25.487 Thread 0x0000019bfdde5f70 Uncommon trap: trap_request=0xffffff45 fr.pc=0x0000019b87ae49e0 relative=0x0000000000000160
Event: 25.487 Thread 0x0000019bfdde5f70 Uncommon trap: reason=unstable_if action=reinterpret pc=0x0000019b87ae49e0 method=java.lang.StringCoding.countPositives([BII)I @ 17 c2
Event: 25.487 Thread 0x0000019bfdde5f70 DEOPT PACKING pc=0x0000019b87ae49e0 sp=0x00000032c0dfb050
Event: 25.487 Thread 0x0000019bfdde5f70 DEOPT UNPACKING pc=0x0000019b8765f582 sp=0x00000032c0dfafd8 mode 2

Classes loaded (20 events):
Event: 24.905 Loading class java/nio/channels/SelectionKey
Event: 24.905 Loading class java/nio/channels/SelectionKey done
Event: 24.905 Loading class java/nio/channels/spi/AbstractSelectionKey done
Event: 24.905 Loading class sun/nio/ch/SelectionKeyImpl done
Event: 24.905 Loading class java/lang/invoke/ConstantBootstraps
Event: 24.906 Loading class java/lang/invoke/ConstantBootstraps done
Event: 24.979 Loading class java/io/Reader$2
Event: 24.979 Loading class java/io/Reader$2 done
Event: 25.130 Loading class sun/nio/cs/ISO_8859_1$Encoder
Event: 25.130 Loading class sun/nio/cs/ISO_8859_1$Encoder done
Event: 25.178 Loading class java/lang/invoke/SerializedLambda
Event: 25.178 Loading class java/lang/invoke/SerializedLambda done
Event: 25.398 Loading class java/util/AbstractMap$SimpleEntry
Event: 25.398 Loading class java/util/AbstractMap$SimpleEntry done
Event: 25.422 Loading class java/util/regex/Pattern$Bound
Event: 25.423 Loading class java/util/regex/Pattern$Bound done
Event: 25.519 Loading class java/util/concurrent/locks/ReentrantReadWriteLock$FairSync
Event: 25.519 Loading class java/util/concurrent/locks/ReentrantReadWriteLock$FairSync done
Event: 25.595 Loading class java/util/EnumMap$EntryIterator$Entry
Event: 25.595 Loading class java/util/EnumMap$EntryIterator$Entry done

Classes unloaded (0 events):
No events

Classes redefined (0 events):
No events

Internal exceptions (20 events):
Event: 8.820 Thread 0x0000019bfb12f660 Exception <a 'java/lang/NoSuchMethodError'{0x000000008917e648}: 'java.lang.Object java.lang.invoke.DirectMethodHandle$Holder.invokeVirtual(java.lang.Object, java.lang.Object, java.lang.Object, int)'> (0x000000008917e648) 
thrown [s\src\hotspot\share\interpreter\linkResolver.cpp, line 804]
Event: 8.853 Thread 0x0000019bfb12f660 Exception <a 'java/lang/NoSuchMethodError'{0x0000000088f7f3f0}: 'java.lang.Object java.lang.invoke.DirectMethodHandle$Holder.invokeVirtual(java.lang.Object, java.lang.Object, int)'> (0x0000000088f7f3f0) 
thrown [s\src\hotspot\share\interpreter\linkResolver.cpp, line 804]
Event: 8.958 Thread 0x0000019bfb12f660 Exception <a 'java/lang/IncompatibleClassChangeError'{0x000000008476ada8}: Found class java.lang.Object, but interface was expected> (0x000000008476ada8) 
thrown [s\src\hotspot\share\interpreter\linkResolver.cpp, line 871]
Event: 8.980 Thread 0x0000019bfb12f660 Implicit null exception at 0x0000019b87bcd532 to 0x0000019b87bcd60a
Event: 9.036 Thread 0x0000019bfb12f660 Exception <a 'java/lang/NoSuchMethodError'{0x00000000844bba38}: 'int java.lang.invoke.DirectMethodHandle$Holder.invokeStaticInit(java.lang.Object, java.lang.Object, java.lang.Object, java.lang.Object)'> (0x00000000844bba38) 
thrown [s\src\hotspot\share\interpreter\linkResolver.cpp, line 804]
Event: 9.148 Thread 0x0000019bfb12f660 Exception <a 'java/lang/IncompatibleClassChangeError'{0x00000000841ff848}: Found class java.lang.Object, but interface was expected> (0x00000000841ff848) 
thrown [s\src\hotspot\share\interpreter\linkResolver.cpp, line 871]
Event: 9.154 Thread 0x0000019bfb12f660 Implicit null exception at 0x0000019b87c2b128 to 0x0000019b87c2b27c
Event: 9.239 Thread 0x0000019bfb12f660 Exception <a 'java/lang/NoSuchMethodError'{0x0000000083d561c0}: 'java.lang.Object java.lang.invoke.DirectMethodHandle$Holder.newInvokeSpecial(java.lang.Object, java.lang.Object, int, java.lang.Object, java.lang.Object)'> (0x0000000083d561c0) 
thrown [s\src\hotspot\share\interpreter\linkResolver.cpp, line 804]
Event: 24.895 Thread 0x0000019bfddedf80 Exception <a 'java/lang/NoSuchMethodError'{0x00000000fff1bd48}: 'java.lang.Object java.lang.invoke.DirectMethodHandle$Holder.invokeStatic(java.lang.Object, java.lang.Object, java.lang.Object, int, int)'> (0x00000000fff1bd48) 
thrown [s\src\hotspot\share\interpreter\linkResolver.cpp, line 804]
Event: 24.897 Thread 0x0000019bfddedf80 Exception <a 'java/lang/NoSuchMethodError'{0x00000000fff23ca0}: 'java.lang.Object java.lang.invoke.DirectMethodHandle$Holder.invokeStaticInit(java.lang.Object, java.lang.Object, java.lang.Object, int, int)'> (0x00000000fff23ca0) 
thrown [s\src\hotspot\share\interpreter\linkResolver.cpp, line 804]
Event: 24.969 Thread 0x0000019bfdde7eb0 Exception <a 'java/lang/NoSuchMethodError'{0x00000000890be0f8}: 'java.lang.Object java.lang.invoke.DirectMethodHandle$Holder.invokeSpecial(java.lang.Object, java.lang.Object, java.lang.Object, java.lang.Object, java.lang.Object, long)'> (0x00000000890be0f8) 
thrown [s\src\hotspot\share\interpreter\linkResolver.cpp, line 804]
Event: 24.971 Thread 0x0000019bfdde7eb0 Exception <a 'java/lang/NoSuchMethodError'{0x00000000890c6bd0}: 'java.lang.Object java.lang.invoke.DirectMethodHandle$Holder.invokeSpecial(java.lang.Object, java.lang.Object, java.lang.Object, java.lang.Object, java.lang.Object, java.lang.Object, long)'> (0x00000000890c6bd0) 
thrown [s\src\hotspot\share\interpreter\linkResolver.cpp, line 804]
Event: 24.971 Thread 0x0000019bfdde7eb0 Exception <a 'java/lang/NoSuchMethodError'{0x00000000890cef40}: 'java.lang.Object java.lang.invoke.DelegatingMethodHandle$Holder.reinvoke_L(java.lang.Object, java.lang.Object, java.lang.Object, java.lang.Object, java.lang.Object, long)'> (0x00000000890cef40) 
thrown [s\src\hotspot\share\interpreter\linkResolver.cpp, line 804]
Event: 24.972 Thread 0x0000019bfdde7eb0 Exception <a 'java/lang/NoSuchMethodError'{0x00000000890df268}: 'java.lang.Object java.lang.invoke.Invokers$Holder.linkToTargetMethod(java.lang.Object, java.lang.Object, java.lang.Object, long, java.lang.Object)'> (0x00000000890df268) 
thrown [s\src\hotspot\share\interpreter\linkResolver.cpp, line 804]
Event: 25.164 Thread 0x0000019bfdde5f70 Exception <a 'java/lang/IncompatibleClassChangeError'{0x0000000084854138}: Found class java.lang.Object, but interface was expected> (0x0000000084854138) 
thrown [s\src\hotspot\share\interpreter\linkResolver.cpp, line 871]
Event: 25.365 Thread 0x0000019bfdde5f70 Exception <a 'java/lang/NoSuchMethodError'{0x00000000844c8178}: 'java.lang.Object java.lang.invoke.DirectMethodHandle$Holder.invokeStatic(java.lang.Object, java.lang.Object, java.lang.Object, java.lang.Object, java.lang.Object, java.lang.Object, java.lang.Object, java.lang.Object, java.lang.Object, int)'> (0x00000000844c8178) 
thrown [s\src\hotspot\share\interpreter\linkResolver.cpp, line 804]
Event: 25.368 Thread 0x0000019bfdde5f70 Exception <a 'java/lang/NoSuchMethodError'{0x00000000844f04b0}: 'java.lang.Object java.lang.invoke.DirectMethodHandle$Holder.invokeStatic(java.lang.Object, java.lang.Object, java.lang.Object, java.lang.Object, java.lang.Object, java.lang.Object, java.lang.Object, java.lang.Object, int)'> (0x00000000844f04b0) 
thrown [s\src\hotspot\share\interpreter\linkResolver.cpp, line 804]
Event: 25.402 Thread 0x0000019bfdde5f70 Exception <a 'java/lang/NoSuchMethodError'{0x00000000842bc560}: 'java.lang.Object java.lang.invoke.DirectMethodHandle$Holder.newInvokeSpecial(java.lang.Object, java.lang.Object, int, int)'> (0x00000000842bc560) 
thrown [s\src\hotspot\share\interpreter\linkResolver.cpp, line 804]
Event: 25.487 Thread 0x0000019bfdde5f70 Exception <a 'java/lang/IncompatibleClassChangeError'{0x00000000840bc270}: Found class java.lang.Object, but interface was expected> (0x00000000840bc270) 
thrown [s\src\hotspot\share\interpreter\linkResolver.cpp, line 871]
Event: 25.586 Thread 0x0000019bfdde5f70 Exception <a 'java/lang/NoClassDefFoundError'{0x0000000083dcf470}: com/fasterxml/jackson/databind/ObjectMapper> (0x0000000083dcf470) 
thrown [s\src\hotspot\share\classfile\systemDictionary.cpp, line 317]

VM Operations (20 events):
Event: 8.771 Executing safepoint VM operation: G1PauseCleanup
Event: 8.772 Executing safepoint VM operation: G1PauseCleanup done
Event: 8.909 Executing non-safepoint VM operation: HandshakeAllThreads (Deoptimize)
Event: 8.909 Executing non-safepoint VM operation: HandshakeAllThreads (Deoptimize) done
Event: 8.918 Executing non-safepoint VM operation: HandshakeAllThreads (Deoptimize)
Event: 8.918 Executing non-safepoint VM operation: HandshakeAllThreads (Deoptimize) done
Event: 8.918 Executing non-safepoint VM operation: HandshakeAllThreads (Deoptimize)
Event: 8.919 Executing non-safepoint VM operation: HandshakeAllThreads (Deoptimize) done
Event: 8.969 Executing non-safepoint VM operation: HandshakeAllThreads (Deoptimize)
Event: 8.969 Executing non-safepoint VM operation: HandshakeAllThreads (Deoptimize) done
Event: 9.013 Executing non-safepoint VM operation: HandshakeAllThreads (Deoptimize)
Event: 9.013 Executing non-safepoint VM operation: HandshakeAllThreads (Deoptimize) done
Event: 9.269 Executing safepoint VM operation: G1CollectForAllocation (G1 Evacuation Pause)
Event: 9.276 Executing safepoint VM operation: G1CollectForAllocation (G1 Evacuation Pause) done
Event: 24.998 Executing non-safepoint VM operation: HandshakeAllThreads (Deoptimize)
Event: 24.998 Executing non-safepoint VM operation: HandshakeAllThreads (Deoptimize) done
Event: 25.092 Executing non-safepoint VM operation: HandshakeAllThreads (Deoptimize)
Event: 25.092 Executing non-safepoint VM operation: HandshakeAllThreads (Deoptimize) done
Event: 25.131 Executing non-safepoint VM operation: HandshakeAllThreads (Deoptimize)
Event: 25.131 Executing non-safepoint VM operation: HandshakeAllThreads (Deoptimize) done

Memory protections (0 events):
No events

Nmethod flushes (20 events):
Event: 8.745 Thread 0x0000019bf61af590 flushing  nmethod 0x0000019b8023f188
Event: 8.745 Thread 0x0000019bf61af590 flushing  nmethod 0x0000019b802cfb08
Event: 8.745 Thread 0x0000019bf61af590 flushing  nmethod 0x0000019b802d0b08
Event: 8.745 Thread 0x0000019bf61af590 flushing  nmethod 0x0000019b802f3588
Event: 8.745 Thread 0x0000019bf61af590 flushing  nmethod 0x0000019b80333588
Event: 8.745 Thread 0x0000019bf61af590 flushing  nmethod 0x0000019b80335088
Event: 8.745 Thread 0x0000019bf61af590 flushing  nmethod 0x0000019b8037e508
Event: 8.745 Thread 0x0000019bf61af590 flushing  nmethod 0x0000019b8039a408
Event: 8.745 Thread 0x0000019bf61af590 flushing  nmethod 0x0000019b8039b788
Event: 8.745 Thread 0x0000019bf61af590 flushing  nmethod 0x0000019b8039ca88
Event: 8.745 Thread 0x0000019bf61af590 flushing  nmethod 0x0000019b803cd988
Event: 8.745 Thread 0x0000019bf61af590 flushing  nmethod 0x0000019b803ceb08
Event: 8.745 Thread 0x0000019bf61af590 flushing  nmethod 0x0000019b8051da88
Event: 8.745 Thread 0x0000019bf61af590 flushing  nmethod 0x0000019b80521c88
Event: 8.745 Thread 0x0000019bf61af590 flushing  nmethod 0x0000019b8075ad88
Event: 8.745 Thread 0x0000019bf61af590 flushing  nmethod 0x0000019b807aa588
Event: 8.745 Thread 0x0000019bf61af590 flushing  nmethod 0x0000019b807cf508
Event: 8.745 Thread 0x0000019bf61af590 flushing  nmethod 0x0000019b807cf808
Event: 8.745 Thread 0x0000019bf61af590 flushing  nmethod 0x0000019b807d4988
Event: 8.745 Thread 0x0000019bf61af590 flushing  nmethod 0x0000019b80834588

Events (20 events):
Event: 6.687 Thread 0x0000019bfb247580 Thread added: 0x0000019bfb24ac30
Event: 9.187 Thread 0x0000019bfb12f660 Thread added: 0x0000019bfdde20f0
Event: 9.247 Thread 0x0000019bfb12f660 Thread added: 0x0000019bfdde7eb0
Event: 9.247 Thread 0x0000019bfb12f660 Thread added: 0x0000019bfdde5f70
Event: 9.248 Thread 0x0000019bfb12f660 Thread added: 0x0000019bfdde3090
Event: 9.248 Thread 0x0000019bfb12f660 Thread added: 0x0000019bfdde6f10
Event: 9.248 Thread 0x0000019bfb12f660 Thread added: 0x0000019bfdde76e0
Event: 9.248 Thread 0x0000019bfb12f660 Thread added: 0x0000019bfdde8680
Event: 9.248 Thread 0x0000019bfb12f660 Thread added: 0x0000019bfdde4800
Event: 9.248 Thread 0x0000019bfb12f660 Thread added: 0x0000019bfddf0690
Event: 9.248 Thread 0x0000019bfb12f660 Thread added: 0x0000019bfddee750
Event: 9.248 Thread 0x0000019bfb12f660 Thread added: 0x0000019bfddec040
Event: 9.261 Thread 0x0000019bfb12f660 Thread added: 0x0000019bfddecfe0
Event: 9.262 Thread 0x0000019bfb12f660 Thread added: 0x0000019bfddedf80
Event: 9.292 Thread 0x0000019bfb12f660 Thread exited: 0x0000019bfb12f660
Event: 9.295 Thread 0x0000019bfb14d4d0 Thread exited: 0x0000019bfb14d4d0
Event: 9.295 Thread 0x0000019be8a9a360 Thread exited: 0x0000019be8a9a360
Event: 9.295 Thread 0x0000019bfdde9160 Thread added: 0x0000019bfdde9160
Event: 10.195 Thread 0x0000019bf64087e0 Thread exited: 0x0000019bf64087e0
Event: 12.196 Thread 0x0000019bfb24ac30 Thread exited: 0x0000019bfb24ac30


Dynamic libraries:
0x00007ff657ee0000 - 0x00007ff657eee000 	C:\Users\tela\Java\zulu25.36.15-ca-jdk25.0.4-win_x64\bin\javaw.exe
0x00007ff836f50000 - 0x00007ff837149000 	C:\Windows\SYSTEM32\ntdll.dll
0x00007ff8350b0000 - 0x00007ff835172000 	C:\Windows\System32\KERNEL32.DLL
0x00007ff8348c0000 - 0x00007ff834bb7000 	C:\Windows\System32\KERNELBASE.dll
0x00007ff834660000 - 0x00007ff834760000 	C:\Windows\System32\ucrtbase.dll
0x00007ff831640000 - 0x00007ff83165e000 	C:\Users\tela\Java\zulu25.36.15-ca-jdk25.0.4-win_x64\bin\VCRUNTIME140.dll
0x00007ff831540000 - 0x00007ff831557000 	C:\Users\tela\Java\zulu25.36.15-ca-jdk25.0.4-win_x64\bin\jli.dll
0x00007ff836100000 - 0x00007ff83629d000 	C:\Windows\System32\USER32.dll
0x00007ff834dc0000 - 0x00007ff834de2000 	C:\Windows\System32\win32u.dll
0x00007ff8357d0000 - 0x00007ff8357fb000 	C:\Windows\System32\GDI32.dll
0x00007ff834bc0000 - 0x00007ff834cda000 	C:\Windows\System32\gdi32full.dll
0x00007ff8345c0000 - 0x00007ff83465d000 	C:\Windows\System32\msvcp_win.dll
0x00007ff824c30000 - 0x00007ff824ecb000 	C:\Windows\WinSxS\amd64_microsoft.windows.common-controls_6595b64144ccf1df_6.0.19041.7663_none_60b9ed0b71f50c93\COMCTL32.dll
0x00007ff834fb0000 - 0x00007ff83504e000 	C:\Windows\System32\msvcrt.dll
0x00007ff8362a0000 - 0x00007ff8362cf000 	C:\Windows\System32\IMM32.DLL
0x00007ff824590000 - 0x00007ff82459c000 	C:\Users\tela\Java\zulu25.36.15-ca-jdk25.0.4-win_x64\bin\vcruntime140_1.dll
0x00007ff80d260000 - 0x00007ff80d2ed000 	C:\Users\tela\Java\zulu25.36.15-ca-jdk25.0.4-win_x64\bin\msvcp140.dll
0x00007fff92ce0000 - 0x00007fff93c19000 	C:\Users\tela\Java\zulu25.36.15-ca-jdk25.0.4-win_x64\bin\server\jvm.dll
0x00007ff835700000 - 0x00007ff8357b2000 	C:\Windows\System32\ADVAPI32.dll
0x00007ff8353f0000 - 0x00007ff835490000 	C:\Windows\System32\sechost.dll
0x00007ff835800000 - 0x00007ff835926000 	C:\Windows\System32\RPCRT4.dll
0x00007ff834df0000 - 0x00007ff834e17000 	C:\Windows\System32\bcrypt.dll
0x00007ff835570000 - 0x00007ff8355db000 	C:\Windows\System32\WS2_32.dll
0x00007ff834360000 - 0x00007ff8343ab000 	C:\Windows\SYSTEM32\POWRPROF.dll
0x00007ff81c740000 - 0x00007ff81c767000 	C:\Windows\SYSTEM32\WINMM.dll
0x00007ff82db10000 - 0x00007ff82db1a000 	C:\Windows\SYSTEM32\VERSION.dll
0x00007ff834340000 - 0x00007ff834352000 	C:\Windows\SYSTEM32\UMPDC.dll
0x00007ff832420000 - 0x00007ff832432000 	C:\Windows\SYSTEM32\kernel.appcore.dll
0x00007ff822ec0000 - 0x00007ff822eca000 	C:\Users\tela\Java\zulu25.36.15-ca-jdk25.0.4-win_x64\bin\jimage.dll
0x00007ff8316a0000 - 0x00007ff8318a1000 	C:\Windows\SYSTEM32\DBGHELP.DLL
0x00007ff831660000 - 0x00007ff831694000 	C:\Windows\SYSTEM32\dbgcore.DLL
0x00007ff834d30000 - 0x00007ff834db2000 	C:\Windows\System32\bcryptPrimitives.dll
0x00007ff8226f0000 - 0x00007ff82270e000 	C:\Users\tela\Java\zulu25.36.15-ca-jdk25.0.4-win_x64\bin\java.dll
0x00007ff835180000 - 0x00007ff8352ab000 	C:\Windows\System32\ole32.dll
0x00007ff835da0000 - 0x00007ff8360f3000 	C:\Windows\System32\combase.dll
0x00007ff8365c0000 - 0x00007ff836d31000 	C:\Windows\System32\SHELL32.dll
0x00007ff832630000 - 0x00007ff832ddc000 	C:\Windows\SYSTEM32\windows.storage.dll
0x00007ff833f70000 - 0x00007ff833f9b000 	C:\Windows\SYSTEM32\Wldp.dll
0x00007ff836330000 - 0x00007ff836406000 	C:\Windows\System32\OLEAUT32.dll
0x00007ff835340000 - 0x00007ff8353ed000 	C:\Windows\System32\SHCORE.dll
0x00007ff834f50000 - 0x00007ff834fab000 	C:\Windows\System32\shlwapi.dll
0x00007ff8344e0000 - 0x00007ff834505000 	C:\Windows\SYSTEM32\profapi.dll
0x00007ff822ab0000 - 0x00007ff822ac0000 	C:\Users\tela\Java\zulu25.36.15-ca-jdk25.0.4-win_x64\bin\net.dll
0x00007ff833c40000 - 0x00007ff833caa000 	C:\Windows\system32\mswsock.dll
0x00007ff814fc0000 - 0x00007ff814fd6000 	C:\Users\tela\Java\zulu25.36.15-ca-jdk25.0.4-win_x64\bin\nio.dll
0x00007ff814fa0000 - 0x00007ff814fb6000 	C:\Users\tela\Java\zulu25.36.15-ca-jdk25.0.4-win_x64\bin\zip.dll
0x00007ff8226e0000 - 0x00007ff8226ea000 	C:\Users\tela\Java\zulu25.36.15-ca-jdk25.0.4-win_x64\bin\management.dll
0x00007ff8226a0000 - 0x00007ff8226ab000 	C:\Users\tela\Java\zulu25.36.15-ca-jdk25.0.4-win_x64\bin\management_ext.dll
0x00007ff8357c0000 - 0x00007ff8357c8000 	C:\Windows\System32\PSAPI.DLL
0x00007ff822000000 - 0x00007ff82200e000 	C:\Users\tela\Java\zulu25.36.15-ca-jdk25.0.4-win_x64\bin\sunmscapi.dll
0x00007ff834760000 - 0x00007ff8348bd000 	C:\Windows\System32\CRYPT32.dll
0x00007ff833fe0000 - 0x00007ff834007000 	C:\Windows\SYSTEM32\ncrypt.dll
0x00007ff833fa0000 - 0x00007ff833fdb000 	C:\Windows\SYSTEM32\NTASN1.dll
0x00007ff833e70000 - 0x00007ff833e88000 	C:\Windows\SYSTEM32\CRYPTSP.dll
0x00007ff833560000 - 0x00007ff833598000 	C:\Windows\system32\rsaenh.dll
0x00007ff834460000 - 0x00007ff83448e000 	C:\Windows\SYSTEM32\USERENV.dll
0x00007ff833e60000 - 0x00007ff833e6c000 	C:\Windows\SYSTEM32\CRYPTBASE.dll
0x00007ff833920000 - 0x00007ff83395b000 	C:\Windows\SYSTEM32\IPHLPAPI.DLL
0x00007ff8356f0000 - 0x00007ff8356f8000 	C:\Windows\System32\NSI.dll
0x00007ff833960000 - 0x00007ff833a2c000 	C:\Windows\SYSTEM32\DNSAPI.dll
0x00000000544e0000 - 0x0000000054506000 	C:\Program Files\Bonjour\mdnsNSP.dll
0x00007ff8247e0000 - 0x00007ff8247ea000 	C:\Windows\System32\rasadhlp.dll
0x00007ff8243b0000 - 0x00007ff824430000 	C:\Windows\System32\fwpuclnt.dll
0x00007ff8215b0000 - 0x00007ff8215b9000 	C:\Users\tela\Java\zulu25.36.15-ca-jdk25.0.4-win_x64\bin\extnet.dll
0x00007ff823a10000 - 0x00007ff823a17000 	C:\Windows\system32\wshunix.dll

JVMTI agents: none

dbghelp: loaded successfully - version: 4.0.5 - missing functions: none
symbol engine: initialized successfully - sym options: 0x614 - pdb path: .;C:\Users\tela\Java\zulu25.36.15-ca-jdk25.0.4-win_x64\bin;C:\Windows\SYSTEM32;C:\Windows\WinSxS\amd64_microsoft.windows.common-controls_6595b64144ccf1df_6.0.19041.7663_none_60b9ed0b71f50c93;C:\Users\tela\Java\zulu25.36.15-ca-jdk25.0.4-win_x64\bin\server;C:\Program Files\Bonjour

VM Arguments:
jvm_args: -Dfile.encoding=UTF-8 -Dstdout.encoding=UTF-8 -Dstderr.encoding=UTF-8 -XX:+ShowCodeDetailsInExceptionMessages 
java_command: ifrn.pi.eventos.EventosApplication
java_class_path (initial): C:\Users\tela\workspace\pi\eventos\target\classes;C:\Users\tela\.m2\repository\org\springframework\boot\spring-boot-starter-thymeleaf\4.1.1\spring-boot-starter-thymeleaf-4.1.1.jar;C:\Users\tela\.m2\repository\org\springframework\boot\spring-boot-starter\4.1.1\spring-boot-starter-4.1.1.jar;C:\Users\tela\.m2\repository\org\springframework\boot\spring-boot-starter-logging\4.1.1\spring-boot-starter-logging-4.1.1.jar;C:\Users\tela\.m2\repository\ch\qos\logback\logback-classic\1.5.38\logback-classic-1.5.38.jar;C:\Users\tela\.m2\repository\ch\qos\logback\logback-core\1.5.38\logback-core-1.5.38.jar;C:\Users\tela\.m2\repository\org\apache\logging\log4j\log4j-to-slf4j\2.25.5\log4j-to-slf4j-2.25.5.jar;C:\Users\tela\.m2\repository\org\apache\logging\log4j\log4j-api\2.25.5\log4j-api-2.25.5.jar;C:\Users\tela\.m2\repository\org\slf4j\jul-to-slf4j\2.0.18\jul-to-slf4j-2.0.18.jar;C:\Users\tela\.m2\repository\jakarta\annotation\jakarta.annotation-api\3.0.0\jakarta.annotation-api-3.0.0.jar;C:\Users\tela\.m2\repository\org\yaml\snakeyaml\2.6\snakeyaml-2.6.jar;C:\Users\tela\.m2\repository\org\springframework\boot\spring-boot-thymeleaf\4.1.1\spring-boot-thymeleaf-4.1.1.jar;C:\Users\tela\.m2\repository\org\thymeleaf\thymeleaf-spring6\3.1.5.RELEASE\thymeleaf-spring6-3.1.5.RELEASE.jar;C:\Users\tela\.m2\repository\org\thymeleaf\thymeleaf\3.1.5.RELEASE\thymeleaf-3.1.5.RELEASE.jar;C:\Users\tela\.m2\repository\org\attoparser\attoparser\2.0.7.RELEASE\attoparser-2.0.7.RELEASE.jar;C:\Users\tela\.m2\repository\org\unbescape\unbescape\1.1.6.RELEASE\unbescape-1.1.6.RELEASE.jar;C:\Users\tela\.m2\repository\org\slf4j\slf4j-api\2.0.18\slf4j-api-2.0.18.jar;C:\Users\tela\.m2\repository\org\springframework\spring-web\7.0.9\spring-web-7.0.9.jar;C:\Users\tela\.m2\repository\org\springframework\spring-beans\7.0.9\spring-beans-7.0.9.jar;C:\Users\tela\.m2\repository\io\micrometer\micrometer-observation\1.17.1\micrometer-observation-1.17.1.jar;C:\Users\tela\.m2\repository\io\micrometer\micrometer-commons\1.17.1\micrometer-commons-1.17.1.jar;C:\Users\tela\.m2\repository\org\springframework\boot\spring-boot-starter-webmvc\4.1.1\spring-boot-starter-webmvc-4.1.1.jar;C:\Users\tela\.m2\repository\org\springframework\boot\spring-boot-starter-jackson\4.1.1\spring-boot-starter-jackson-4.1.1.jar;C:\Users\tela\.m2\repository\org\springframework\boot\spring-boot-jackson\4.1.1\spring-boot-jackson-4.1.1.jar;C:\Users\tela\.m2\repository\tools\jackson\core\jackson-databind\3.1.5\jackson-databind-3.1.5.jar;C:\Users\tela\.m2\repository\com\fasterxml\jackson\core\jackson-annotations\2.21\jackson-annotations-2.21.jar;C:\Users\tela\.m2\repository\tools\jackson\core\jackson-core\3.1.5\jackson-core-3.1.5.jar;C:\Users\tela\.m2\repository\org\springframework\boot\spring-boot-starter-tomcat\4.1.1\spring-boot-starter-tomcat-4.1.1.jar;C:\Users\tela\.m2\repository\org\springframework\boot\spring-boot-starter-tomcat-runtime\4.1.1\spring-boot-starter-tomcat-runtime-4.1.1.jar;C:\Users\tela\.m2\repository\org\apache\tomcat\embed\tomcat-embed-core\11.0.24\tomcat-embed-core-11.0.24.jar;C:\Users\tela\.m2\repository\org\apache\tomcat\embed\tomcat-embed-websocket\11.0.24\tomcat-embed-websocket-11.0.24.jar;C:\Users\tela\.m2\repository\org\springframework\boot\spring-boot-tomcat\4.1.1\spring-boot-tomcat-4.1.1.jar;C:\Users\tela\.m2\repository\org\springframework\boot\spring-boot-http-converter\4.1.1\spring-boot-http-converter-4.1.1.jar;C:\Users\tela\.m2\repository\org\springframework\boot\spring-boot-webmvc\4.1.1\spring-boot-webmvc-4.1.1.jar;C:\Users\tela\.m2\repository\org\springframework\boot\spring-boot-servlet\4.1.1\spring-boot-servlet-4.1.1.jar;C:\Users\tela\.m2\repository\org\springframework\spring-webmvc\7.0.9\spring-webmvc-7.0.9.jar;C:\Users\tela\.m2\repository\org\springframework\spring-aop\7.0.9\spring-aop-7.0.9.jar;C:\Users\tela\.m2\repository\org\springframework\spring-expression\7.0.9\spring-expression-7.0.9.jar;C:\Users\tela\.m2\repository\org\springframework\boot\spring-boot-starter-data-jpa\4.1.1\spring-boot-starter-data-jpa-4.1.1.jar;C:\Users\tela\.m2\repository\org\springframework\boot\spring-boot-starter-jdbc\4.1.1\spring-boot-starter-jdbc-4.1.1.jar;C:\Users\tela\.m2\repository\com\zaxxer\HikariCP\7.0.2\HikariCP-7.0.2.jar;C:\Users\tela\.m2\repository\org\springframework\boot\spring-boot-data-jpa\4.1.1\spring-boot-data-jpa-4.1.1.jar;C:\Users\tela\.m2\repository\org\springframework\boot\spring-boot-data-commons\4.1.1\spring-boot-data-commons-4.1.1.jar;C:\Users\tela\.m2\repository\org\springframework\boot\spring-boot-persistence\4.1.1\spring-boot-persistence-4.1.1.jar;C:\Users\tela\.m2\repository\org\springframework\data\spring-data-commons\4.1.1\spring-data-commons-4.1.1.jar;C:\Users\tela\.m2\repository\org\springframework\boot\spring-boot-hibernate\4.1.1\spring-boot-hibernate-4.1.1.jar;C:\Users\tela\.m2\repository\org\springframework\boot\spring-boot-jpa\4.1.1\spring-boot-jpa-4.1.1.jar;C:\Users\tela\.m2\repository\jakarta\persistence\jakarta.persistence-api\3.2.0\jakarta.persistence-api-3.2.0.jar;C:\Users\tela\.m2\repository\org\hibernate\orm\hibernate-core\7.4.5.Final\hibernate-core-7.4.5.Final.jar;C:\Users\tela\.m2\repository\jakarta\transaction\jakarta.transaction-api\2.0.1\jakarta.transaction-api-2.0.1.jar;C:\Users\tela\.m2\repository\org\hibernate\models\hibernate-models\1.1.1\hibernate-models-1.1.1.jar;C:\Users\tela\.m2\repository\org\glassfish\jaxb\jaxb-runtime\4.0.9\jaxb-runtime-4.0.9.jar;C:\Users\tela\.m2\repository\org\glassfish\jaxb\jaxb-core\4.0.9\jaxb-core-4.0.9.jar;C:\Users\tela\.m2\repository\org\eclipse\angus\angus-activation\2.0.3\angus-activation-2.0.3.jar;C:\Users\tela\.m2\repository\org\glassfish\jaxb\txw2\4.0.9\txw2-4.0.9.jar;C:\Users\tela\.m2\repository\com\sun\istack\istack-commons-runtime\4.1.2\istack-commons-runtime-4.1.2.jar;C:\Users\tela\.m2\repository\jakarta\inject\jakarta.inject-api\2.0.1\jakarta.inject-api-2.0.1.jar;C:\Users\tela\.m2\repository\org\springframework\spring-orm\7.0.9\spring-orm-7.0.9.jar;C:\Users\tela\.m2\repository\org\springframework\data\spring-data-jpa\4.1.1\spring-data-jpa-4.1.1.jar;C:\Users\tela\.m2\repository\org\springframework\spring-tx\7.0.9\spring-tx-7.0.9.jar;C:\Users\tela\.m2\repository\org\antlr\antlr4-runtime\4.13.2\antlr4-runtime-4.13.2.jar;C:\Users\tela\.m2\repository\org\springframework\spring-aspects\7.0.9\spring-aspects-7.0.9.jar;C:\Users\tela\.m2\repository\org\aspectj\aspectjweaver\1.9.25.1\aspectjweaver-1.9.25.1.jar;C:\Users\tela\.m2\repository\org\springframework\boot\spring-boot-jdbc\4.1.1\spring-boot-jdbc-4.1.1.jar;C:\Users\tela\.m2\repository\org\springframework\boot\spring-boot-sql\4.1.1\spring-boot-sql-4.1.1.jar;C:\Users\tela\.m2\repository\org\springframework\boot\spring-boot-transaction\4.1.1\spring-boot-transaction-4.1.1.jar;C:\Users\tela\.m2\repository\org\springframework\spring-jdbc\7.0.9\spring-jdbc-7.0.9.jar;C:\Users\tela\.m2\repository\org\springframework\boot\spring-boot-starter-validation\4.1.1\spring-boot-starter-validation-4.1.1.jar;C:\Users\tela\.m2\repository\org\springframework\boot\spring-boot-validation\4.1.1\spring-boot-validation-4.1.1.jar;C:\Users\tela\.m2\repository\org\apache\tomcat\embed\tomcat-embed-el\11.0.24\tomcat-embed-el-11.0.24.jar;C:\Users\tela\.m2\repository\org\hibernate\validator\hibernate-validator\9.1.3.Final\hibernate-validator-9.1.3.Final.jar;C:\Users\tela\.m2\repository\jakarta\validation\jakarta.validation-api\3.1.1\jakarta.validation-api-3.1.1.jar;C:\Users\tela\.m2\repository\org\jboss\logging\jboss-logging\3.6.3.Final\jboss-logging-3.6.3.Final.jar;C:\Users\tela\.m2\repository\com\fasterxml\classmate\1.7.3\classmate-1.7.3.jar;C:\Users\tela\.m2\repository\com\mysql\mysql-connector-j\9.7.0\mysql-connector-j-9.7.0.jar;C:\Users\tela\.m2\repository\org\springframework\boot\spring-boot-devtools\4.1.1\spring-boot-devtools-4.1.1.jar;C:\Users\tela\.m2\repository\org\springframework\boot\spring-boot\4.1.1\spring-boot-4.1.1.jar;C:\Users\tela\.m2\repository\org\springframework\spring-core\7.0.9\spring-core-7.0.9.jar;C:\Users\tela\.m2\repository\commons-logging\commons-logging\1.3.6\commons-logging-1.3.6.jar;C:\Users\tela\.m2\repository\org\jspecify\jspecify\1.0.1\jspecify-1.0.1.jar;C:\Users\tela\.m2\repository\org\springframework\spring-context\7.0.9\spring-context-7.0.9.jar;C:\Users\tela\.m2\repository\org\springframework\boot\spring-boot-autoconfigure\4.1.1\spring-boot-autoconfigure-4.1.1.jar;C:\Users\tela\.m2\repository\jakarta\xml\bind\jakarta.xml.bind-api\4.0.5\jakarta.xml.bind-api-4.0.5.jar;C:\Users\tela\.m2\repository\jakarta\activation\jakarta.activation-api\2.1.4\jakarta.activation-api-2.1.4.jar;C:\Users\tela\.m2\repository\net\bytebuddy\byte-buddy\1.18.11\byte-buddy-1.18.11.jar;C:\Users\tela\.m2\repository\org\springframework\boot\spring-boot-web-server\4.1.1\spring-boot-web-server-4.1.1.jar
Launcher Type: SUN_STANDARD

[Global flags]
     intx CICompilerCount                          = 3                                         {product} {ergonomic}
     uint ConcGCThreads                            = 1                                         {product} {ergonomic}
     uint G1ConcRefinementThreads                  = 4                                         {product} {ergonomic}
   size_t G1HeapRegionSize                         = 1048576                                   {product} {ergonomic}
   size_t InitialHeapSize                          = 134217728                                 {product} {ergonomic}
   size_t MarkStackSize                            = 4194304                                   {product} {ergonomic}
   size_t MarkStackSizeMax                         = 536870912                                 {product} {ergonomic}
   size_t MaxHeapSize                              = 2122317824                                {product} {ergonomic}
   size_t MaxNewSize                               = 1272971264                                {product} {ergonomic}
   size_t MinHeapDeltaBytes                        = 1048576                                   {product} {ergonomic}
   size_t MinHeapSize                              = 8388608                                   {product} {ergonomic}
    uintx NonNMethodCodeHeapSize                   = 5898240                                {pd product} {ergonomic}
    uintx NonProfiledCodeHeapSize                  = 122945536                              {pd product} {ergonomic}
    uintx ProfiledCodeHeapSize                     = 122945536                              {pd product} {ergonomic}
    uintx ReservedCodeCacheSize                    = 251789312                              {pd product} {ergonomic}
     bool SegmentedCodeCache                       = true                                      {product} {ergonomic}
     bool ShowCodeDetailsInExceptionMessages       = true                                   {manageable} {command line}
   size_t SoftMaxHeapSize                          = 2122317824                             {manageable} {ergonomic}
     bool UseCompressedOops                        = true                           {product lp64_product} {ergonomic}
     bool UseG1GC                                  = true                                      {product} {ergonomic}
     bool UseLargePagesIndividualAllocation        = false                                  {pd product} {ergonomic}

Logging:
Log output configuration:
 #0: stdout all=warning uptime,level,tags foldmultilines=false
 #1: stderr all=off uptime,level,tags foldmultilines=false

Release file:
IMPLEMENTOR="Azul Systems, Inc." 
IMPLEMENTOR_VERSION="Zulu25.36+15-CA" 
JAVA_RUNTIME_VERSION="25.0.4+7-LTS" 
JAVA_VERSION="25.0.4" 
JAVA_VERSION_DATE="2026-07-21" 
LIBC="default" 
MODULES="java.base java.compiler java.datatransfer java.xml java.prefs java.desktop java.instrument java.logging java.management java.security.sasl java.naming java.rmi java.management.rmi java.net.http java.scripting java.security.jgss java.transaction.xa java.sql java.sql.rowset java.xml.crypto java.se java.smartcardio jdk.accessibility jdk.internal.jvmstat jdk.attach jdk.charsets jdk.internal.opt jdk.zipfs jdk.compiler jdk.crypto.cryptoki jdk.crypto.ec jdk.crypto.mscapi jdk.dynalink jdk.internal.ed jdk.editpad jdk.internal.vm.ci jdk.graal.compiler jdk.graal.compiler.management jdk.hotspot.agent jdk.httpserver jdk.incubator.vector jdk.internal.le jdk.internal.md jdk.jartool jdk.javadoc jdk.jcmd jdk.management jdk.management.agent jdk.jconsole jdk.jdeps jdk.jdwp.agent jdk.jdi jdk.jfr jdk.jlink jdk.jpackage jdk.jshell jdk.jsobject jdk.jstatd jdk.localedata jdk.management.jfr jdk.naming.dns jdk.naming.rmi jdk.net jdk.nio.mapmode jdk.sctp jdk.security.auth jdk.security.jgss jdk.unsupported jdk.unsupported.desktop jdk.xml.dom" 
OS_ARCH="x86_64" 
OS_NAME="Windows" 
SOURCE=".:git:9f5a367f7629" 

Environment Variables:
JAVA_HOME=C:\Users\tela\Java\zulu25.36.15-ca-jdk25.0.4-win_x64
PATH=C:/Users/tela/Downloads/eclipse//plugins/org.eclipse.justj.openjdk.hotspot.jre.full.win32.x86_64_21.0.11.v20260515-1531/jre/bin/server;C:/Users/tela/Downloads/eclipse//plugins/org.eclipse.justj.openjdk.hotspot.jre.full.win32.x86_64_21.0.11.v20260515-1531/jre/bin;C:\Users\tela\Java\zulu25.36.15-ca-jdk25.0.4-win_x64\bin;C:\Program Files (x86)\Common Files\Oracle\Java\java8path;C:\Program Files (x86)\Common Files\Oracle\Java\javapath;C:\Windows\system32;C:\Windows;C:\Windows\System32\Wbem;C:\Windows\System32\WindowsPowerShell\v1.0\;C:\Windows\System32\OpenSSH\;C:\Program Files\dotnet\;C:\workspaces\pi\Git\cmd;C:\Program Files\MySQL\MySQL Shell 8.0\bin\;C:\Users\tela\AppData\Local\Microsoft\WindowsApps;C:\Users\tela\AppData\Local\Programs\Microsoft VS Code\bin;C:\Users\tela\Downloads\eclipse;
USERNAME=JCanela
OS=Windows_NT
PROCESSOR_IDENTIFIER=Intel64 Family 6 Model 142 Stepping 10, GenuineIntel
TMP=C:\Users\tela\AppData\Local\Temp
TEMP=C:\Users\tela\AppData\Local\Temp




Compilation memory statistics disabled.

Periodic native trim disabled

---------------  S Y S T E M  ---------------

OS:
 Windows 10 , 64 bit Build 19041 (10.0.19041.7663)
OS uptime: 0 days 0:57 hours

CPU: total 4 (initial active 4) (2 cores per cpu, 2 threads per core) family 6 model 142 stepping 10 microcode 0xf4, cx8, cmov, fxsr, ht, mmx, 3dnowpref, sse, sse2, sse3, ssse3, sse4.1, sse4.2, popcnt, lzcnt, tsc, tscinvbit, avx, avx2, aes, erms, clmul, bmi1, bmi2, adx, fma, vzeroupper, clflush, clflushopt, rdtscp, f16c
Processor Information for the first 4 processors :
  Max Mhz: 2208, Current Mhz: 2208, Mhz Limit: 2208

Memory: 4k page, system-wide physical 8088M (333M free)
TotalPageFile size 8088M (AvailPageFile size 7M)
current process WorkingSet (physical memory assigned to process): 253M, peak: 255M
current process commit charge ("private bytes"): 284M, peak: 297M

vm_info: OpenJDK 64-Bit Server VM (25.0.4+7-LTS) for windows-amd64 JRE (25.0.4+7-LTS) (Zulu25.36+15-CA), built on 2026-07-03T22:32:29Z with MS VC++ 17.1 (VS2022)

END.
