#
# There is insufficient memory for the Java Runtime Environment to continue.
# Native memory allocation (malloc) failed to allocate 4467032 bytes. Error detail: Chunk::new
# Possible reasons:
#   The system is out of physical RAM or swap space
#   This process is running with CompressedOops enabled, and the Java Heap may be blocking the growth of the native heap
# Possible solutions:
#   Reduce memory load on the system
#   Increase physical memory or swap space
#   Check if swap backing store is full
#   Decrease Java heap size (-Xmx/-Xms)
#   Decrease number of Java threads
#   Decrease Java thread stack sizes (-Xss)
#   Set larger code cache with -XX:ReservedCodeCacheSize=
#   JVM is running with Unscaled Compressed Oops mode in which the Java heap is
#     placed in the first 4GB address space. The Java Heap base address is the
#     maximum limit for the native heap growth. Please use -XX:HeapBaseMinAddress
#     to set the Java Heap base and to place the Java Heap above 4GB virtual address.
# This output file may be truncated or incomplete.
#
#  Out of Memory Error (arena.cpp:186), pid=11060, tid=15736
#
# JRE version: OpenJDK Runtime Environment Zulu25.36+15-CA (25.0.4+7) (build 25.0.4+7-LTS)
# Java VM: OpenJDK 64-Bit Server VM Zulu25.36+15-CA (25.0.4+7-LTS, mixed mode, sharing, tiered, compressed oops, compressed class ptrs, g1 gc, windows-amd64)
# No core dump will be written. Minidumps are not enabled by default on client versions of Windows
#

---------------  S U M M A R Y ------------

Command Line: -Dfile.encoding=UTF-8 -Dstdout.encoding=UTF-8 -Dstderr.encoding=UTF-8 -XX:+ShowCodeDetailsInExceptionMessages ifrn.pi.eventos.EventosApplication

Host: Intel(R) Core(TM) i3-8130U CPU @ 2.20GHz, 4 cores, 7G,  Windows 10 , 64 bit Build 19041 (10.0.19041.7663)
Time: Sun Sep 20 16:53:37 2026 Hora oficial do Brasil elapsed time: 1397.712258 seconds (0d 0h 23m 17s)

---------------  T H R E A D  ---------------

Current thread (0x000001bfaabe61c0):  JavaThread "C2 CompilerThread1" daemon [_thread_in_native, id=15736, stack(0x0000002b87600000,0x0000002b87700000) (1024K)]


Current CompileTask:
C2:1397712 7568       4       java.security.Provider::getService (153 bytes)

Stack: [0x0000002b87600000,0x0000002b87700000]
Native frames: (J=compiled Java code, j=interpreted, Vv=VM code, C=native code)
V  [jvm.dll+0x7b8c49]  (no source info available)
V  [jvm.dll+0x7827ed]  (no source info available)
V  [jvm.dll+0xa06d9d]  (no source info available)
V  [jvm.dll+0xa09214]  (no source info available)
V  [jvm.dll+0xa09913]  (no source info available)
V  [jvm.dll+0x30a356]  (no source info available)
V  [jvm.dll+0x1126a6]  (no source info available)
V  [jvm.dll+0x1129d1]  (no source info available)
V  [jvm.dll+0x1aa43b]  (no source info available)
V  [jvm.dll+0x3c1b62]  (no source info available)
V  [jvm.dll+0x7be4b4]  (no source info available)
V  [jvm.dll+0x2cdc46]  (no source info available)
V  [jvm.dll+0x2cccc1]  (no source info available)
V  [jvm.dll+0x242f2a]  (no source info available)
V  [jvm.dll+0x2dc531]  (no source info available)
V  [jvm.dll+0x2da77a]  (no source info available)
V  [jvm.dll+0x49da6e]  (no source info available)
V  [jvm.dll+0x9a7b38]  (no source info available)
V  [jvm.dll+0x7b7185]  (no source info available)
C  [ucrtbase.dll+0x21bb2]  (no source info available)
C  [KERNEL32.DLL+0x17374]  (no source info available)
C  [ntdll.dll+0x4cc91]  (no source info available)

Lock stack of current Java thread (top to bottom):


---------------  P R O C E S S  ---------------

Threads class SMR info:
_java_thread_list=0x000001bfab8e3ab0, length=32, elements={
0x000001bfa4ca1e90, 0x000001bfa4ca2e70, 0x000001bfa4ca8810, 0x000001bfa4ca9650,
0x000001bfa4caa210, 0x000001bfa4caadd0, 0x000001bfa4cabcc0, 0x000001bfa4d219e0,
0x000001bfa4d55750, 0x000001bfa4d562e0, 0x000001bfa9f9dda0, 0x000001bfa9f97fe0,
0x000001bfa9f99750, 0x000001bfa9f9c630, 0x000001bfa9f97810, 0x000001bfab128c10,
0x000001bfab12a380, 0x000001bfab12baf0, 0x000001bfab12ca90, 0x000001bfab12d260,
0x000001bfab127c70, 0x000001bfab12da30, 0x000001bfab12e200, 0x000001bfabfd9510,
0x000001bfabfd6e00, 0x000001bfabfd8570, 0x000001bfabfd3f20, 0x000001bfabfd5690,
0x000001bfa4d25120, 0x000001bfaae317e0, 0x000001bfaae30070, 0x000001bfaabe61c0
}

Java Threads: ( => current thread )
  0x000001bfa4ca1e90 JavaThread "Reference Handler"          daemon [_thread_blocked, id=16240, stack(0x0000002b86b00000,0x0000002b86c00000) (1024K)]
  0x000001bfa4ca2e70 JavaThread "Finalizer"                  daemon [_thread_blocked, id=8672, stack(0x0000002b86c00000,0x0000002b86d00000) (1024K)]
  0x000001bfa4ca8810 JavaThread "Signal Dispatcher"          daemon [_thread_blocked, id=11444, stack(0x0000002b86d00000,0x0000002b86e00000) (1024K)]
  0x000001bfa4ca9650 JavaThread "Attach Listener"            daemon [_thread_blocked, id=6308, stack(0x0000002b86e00000,0x0000002b86f00000) (1024K)]
  0x000001bfa4caa210 JavaThread "Service Thread"             daemon [_thread_blocked, id=368, stack(0x0000002b86f00000,0x0000002b87000000) (1024K)]
  0x000001bfa4caadd0 JavaThread "Monitor Deflation Thread"   daemon [_thread_blocked, id=14568, stack(0x0000002b87000000,0x0000002b87100000) (1024K)]
  0x000001bfa4cabcc0 JavaThread "C2 CompilerThread0"         daemon [_thread_blocked, id=13576, stack(0x0000002b87100000,0x0000002b87200000) (1024K)]
  0x000001bfa4d219e0 JavaThread "C1 CompilerThread0"         daemon [_thread_blocked, id=3152, stack(0x0000002b87200000,0x0000002b87300000) (1024K)]
  0x000001bfa4d55750 JavaThread "Notification Thread"        daemon [_thread_blocked, id=13524, stack(0x0000002b87300000,0x0000002b87400000) (1024K)]
  0x000001bfa4d562e0 JavaThread "Common-Cleaner"             daemon [_thread_blocked, id=11944, stack(0x0000002b87400000,0x0000002b87500000) (1024K)]
  0x000001bfa9f9dda0 JavaThread "Catalina-utility-1"                [_thread_blocked, id=14484, stack(0x0000002b87b00000,0x0000002b87c00000) (1024K)]
  0x000001bfa9f97fe0 JavaThread "Catalina-utility-2"                [_thread_blocked, id=15656, stack(0x0000002b87c00000,0x0000002b87d00000) (1024K)]
  0x000001bfa9f99750 JavaThread "container-0"                       [_thread_blocked, id=4752, stack(0x0000002b87d00000,0x0000002b87e00000) (1024K)]
  0x000001bfa9f9c630 JavaThread "mysql-cj-abandoned-connection-cleanup" daemon [_thread_blocked, id=7012, stack(0x0000002b87e00000,0x0000002b87f00000) (1024K)]
  0x000001bfa9f97810 JavaThread "HikariPool-1:housekeeper"   daemon [_thread_blocked, id=16252, stack(0x0000002b88000000,0x0000002b88100000) (1024K)]
  0x000001bfab128c10 JavaThread "File Watcher"               daemon [_thread_blocked, id=7772, stack(0x0000002b88200000,0x0000002b88300000) (1024K)]
  0x000001bfab12a380 JavaThread "http-nio-8080-exec-1"       daemon [_thread_blocked, id=3284, stack(0x0000002b88300000,0x0000002b88400000) (1024K)]
  0x000001bfab12baf0 JavaThread "http-nio-8080-exec-2"       daemon [_thread_blocked, id=11476, stack(0x0000002b88400000,0x0000002b88500000) (1024K)]
  0x000001bfab12ca90 JavaThread "http-nio-8080-exec-3"       daemon [_thread_blocked, id=11972, stack(0x0000002b88500000,0x0000002b88600000) (1024K)]
  0x000001bfab12d260 JavaThread "http-nio-8080-exec-4"       daemon [_thread_blocked, id=5624, stack(0x0000002b88600000,0x0000002b88700000) (1024K)]
  0x000001bfab127c70 JavaThread "http-nio-8080-exec-5"       daemon [_thread_blocked, id=11184, stack(0x0000002b88700000,0x0000002b88800000) (1024K)]
  0x000001bfab12da30 JavaThread "http-nio-8080-exec-6"       daemon [_thread_blocked, id=10924, stack(0x0000002b88800000,0x0000002b88900000) (1024K)]
  0x000001bfab12e200 JavaThread "http-nio-8080-exec-7"       daemon [_thread_blocked, id=16364, stack(0x0000002b88900000,0x0000002b88a00000) (1024K)]
  0x000001bfabfd9510 JavaThread "http-nio-8080-exec-8"       daemon [_thread_blocked, id=5392, stack(0x0000002b88a00000,0x0000002b88b00000) (1024K)]
  0x000001bfabfd6e00 JavaThread "http-nio-8080-exec-9"       daemon [_thread_blocked, id=7452, stack(0x0000002b88b00000,0x0000002b88c00000) (1024K)]
  0x000001bfabfd8570 JavaThread "http-nio-8080-exec-10"      daemon [_thread_blocked, id=3968, stack(0x0000002b88c00000,0x0000002b88d00000) (1024K)]
  0x000001bfabfd3f20 JavaThread "http-nio-8080-Poller"       daemon [_thread_in_native, id=1272, stack(0x0000002b88d00000,0x0000002b88e00000) (1024K)]
  0x000001bfabfd5690 JavaThread "http-nio-8080-Acceptor"     daemon [_thread_in_native, id=3468, stack(0x0000002b88e00000,0x0000002b88f00000) (1024K)]
  0x000001bfa4d25120 JavaThread "DestroyJavaVM"                     [_thread_blocked, id=10296, stack(0x0000002b86300000,0x0000002b86400000) (1024K)]
  0x000001bfaae317e0 JavaThread "HikariPool-1:connection-closer" daemon [_thread_blocked, id=7380, stack(0x0000002b86100000,0x0000002b86200000) (1024K)]
  0x000001bfaae30070 JavaThread "HikariPool-1:connection-adder" daemon [_thread_blocked, id=3652, stack(0x0000002b86200000,0x0000002b86300000) (1024K)]
=>0x000001bfaabe61c0 JavaThread "C2 CompilerThread1"         daemon [_thread_in_native, id=15736, stack(0x0000002b87600000,0x0000002b87700000) (1024K)]
Total: 32

Other Threads:
  0x000001bfa4c8ed20 VMThread "VM Thread"                           [id=10336, stack(0x0000002b86a00000,0x0000002b86b00000) (1024K)]
  0x000001bf8861eb90 WatcherThread "VM Periodic Task Thread"        [id=5212, stack(0x0000002b86900000,0x0000002b86a00000) (1024K)]
  0x000001bf885baac0 WorkerThread "GC Thread#0"                     [id=10860, stack(0x0000002b86400000,0x0000002b86500000) (1024K)]
  0x000001bfa9e764d0 WorkerThread "GC Thread#1"                     [id=11464, stack(0x0000002b87800000,0x0000002b87900000) (1024K)]
  0x000001bfa9e76900 WorkerThread "GC Thread#2"                     [id=5512, stack(0x0000002b87900000,0x0000002b87a00000) (1024K)]
  0x000001bfa9e76d30 WorkerThread "GC Thread#3"                     [id=8144, stack(0x0000002b87a00000,0x0000002b87b00000) (1024K)]
  0x000001bf885d3710 ConcurrentGCThread "G1 Main Marker"            [id=10652, stack(0x0000002b86500000,0x0000002b86600000) (1024K)]
  0x000001bf885d6be0 WorkerThread "G1 Conc#0"                       [id=11592, stack(0x0000002b86600000,0x0000002b86700000) (1024K)]
  0x000001bf8860a7e0 ConcurrentGCThread "G1 Refine#0"               [id=14796, stack(0x0000002b86700000,0x0000002b86800000) (1024K)]
  0x000001bf8860bd10 ConcurrentGCThread "G1 Service"                [id=16024, stack(0x0000002b86800000,0x0000002b86900000) (1024K)]
Total: 10

Threads with active compile tasks:
C2 CompilerThread1  1397881 7568       4       java.security.Provider::getService (153 bytes)
Total: 1

VM state: not at safepoint (normal execution)

VM Mutex/Monitor currently owned by a thread: None

Heap address: 0x0000000081800000, size: 2024 MB, Compressed Oops mode: 32-bit

CDS archive(s) mapped at: [0x0000000025000000-0x0000000025db0000-0x0000000025db0000), size 14352384, SharedBaseAddress: 0x0000000025000000, ArchiveRelocationMode: 1.
Compressed class space mapped at: 0x0000000026000000-0x0000000066000000, reserved size: 1073741824
UseCompressedClassPointers 1, UseCompactObjectHeaders 0
Narrow klass pointer bits 32, Max shift 3
Narrow klass base: 0x0000000025000000, Narrow klass shift: 0
Encoding Range: [0x0000000025000000 - 0x0000000125000000), (4294967296 bytes)
Klass Range:    [0x0000000025010000 - 0x0000000066000000), (1090453504 bytes)
Klass ID Range:  [65536 - 1090519033) (1090453497)
Protection zone: [0x0000000025000000 - 0x0000000025010000), (65536 bytes)

GC Precious Log:
 CardTable entry size: 512
 Card Set container configuration: InlinePtr #cards 5 size 8 Array Of Cards #cards 10 size 36 Howl #buckets 4 coarsen threshold 1843 Howl Bitmap #cards 512 size 80 coarsen threshold 460 Card regions per heap region 1 cards per card region 2048
 CPUs: 4 total, 4 available
 Memory: 8088M
 Large Page Support: Disabled
 NUMA Support: Disabled
 Compressed Oops: Enabled (32-bit)
 Heap Region Size: 1M
 Heap Min Capacity: 8M
 Heap Initial Capacity: 128M
 Heap Max Capacity: 2024M
 Pre-touch: Disabled
 Parallel Workers: 4
 Concurrent Workers: 1
 Concurrent Refinement Workers: 4
 Periodic GC: Disabled

Heap:
 garbage-first heap   total reserved 2072576K, committed 62464K, used 48077K [0x0000000081800000, 0x0000000100000000)
  region size 1024K, 14 young (14336K), 1 survivors (1024K)

Heap Regions: E=young(eden), S=young(survivor), O=old, HS=humongous(starts), HC=humongous(continues), CS=collection set, F=free, TAMS=top-at-mark-start, PB=parsable bottom
|   0|0x0000000081800000, 0x0000000081900000, 0x0000000081900000|100%|HS|  |TAMS 0x0000000081800000| PB 0x0000000081800000| Complete |  0
|   1|0x0000000081900000, 0x0000000081a00000, 0x0000000081a00000|100%| O|  |TAMS 0x0000000081900000| PB 0x0000000081900000| Untracked |  0
|   2|0x0000000081a00000, 0x0000000081b00000, 0x0000000081b00000|100%| O|  |TAMS 0x0000000081a00000| PB 0x0000000081a00000| Untracked |  0
|   3|0x0000000081b00000, 0x0000000081c00000, 0x0000000081c00000|100%| O|  |TAMS 0x0000000081b00000| PB 0x0000000081b00000| Untracked |  0
|   4|0x0000000081c00000, 0x0000000081d00000, 0x0000000081d00000|100%| O|  |TAMS 0x0000000081c00000| PB 0x0000000081c00000| Untracked |  0
|   5|0x0000000081d00000, 0x0000000081e00000, 0x0000000081e00000|100%| O|  |TAMS 0x0000000081d00000| PB 0x0000000081d00000| Untracked |  0
|   6|0x0000000081e00000, 0x0000000081f00000, 0x0000000081f00000|100%| O|  |TAMS 0x0000000081e00000| PB 0x0000000081e00000| Untracked |  0
|   7|0x0000000081f00000, 0x0000000082000000, 0x0000000082000000|100%| O|  |TAMS 0x0000000081f00000| PB 0x0000000081f00000| Untracked |  0
|   8|0x0000000082000000, 0x0000000082100000, 0x0000000082100000|100%| O|  |TAMS 0x0000000082000000| PB 0x0000000082000000| Untracked |  0
|   9|0x0000000082100000, 0x0000000082200000, 0x0000000082200000|100%| O|  |TAMS 0x0000000082100000| PB 0x0000000082100000| Untracked |  0
|  10|0x0000000082200000, 0x0000000082300000, 0x0000000082300000|100%| O|  |TAMS 0x0000000082200000| PB 0x0000000082200000| Untracked |  0
|  11|0x0000000082300000, 0x0000000082400000, 0x0000000082400000|100%| O|  |TAMS 0x0000000082300000| PB 0x0000000082300000| Untracked |  0
|  12|0x0000000082400000, 0x0000000082500000, 0x0000000082500000|100%| O|  |TAMS 0x0000000082400000| PB 0x0000000082400000| Untracked |  0
|  13|0x0000000082500000, 0x0000000082600000, 0x0000000082600000|100%| O|Cm|TAMS 0x0000000082500000| PB 0x0000000082500000| Complete |  0
|  14|0x0000000082600000, 0x0000000082700000, 0x0000000082700000|100%| O|  |TAMS 0x0000000082600000| PB 0x0000000082600000| Untracked |  0
|  15|0x0000000082700000, 0x0000000082800000, 0x0000000082800000|100%| O|  |TAMS 0x0000000082700000| PB 0x0000000082700000| Untracked |  0
|  16|0x0000000082800000, 0x0000000082900000, 0x0000000082900000|100%| O|  |TAMS 0x0000000082800000| PB 0x0000000082800000| Untracked |  0
|  17|0x0000000082900000, 0x0000000082a00000, 0x0000000082a00000|100%| O|  |TAMS 0x0000000082900000| PB 0x0000000082900000| Untracked |  0
|  18|0x0000000082a00000, 0x0000000082b00000, 0x0000000082b00000|100%| O|  |TAMS 0x0000000082a00000| PB 0x0000000082a00000| Untracked |  0
|  19|0x0000000082b00000, 0x0000000082c00000, 0x0000000082c00000|100%| O|  |TAMS 0x0000000082b00000| PB 0x0000000082b00000| Untracked |  0
|  20|0x0000000082c00000, 0x0000000082d00000, 0x0000000082d00000|100%| O|  |TAMS 0x0000000082c00000| PB 0x0000000082c00000| Untracked |  0
|  21|0x0000000082d00000, 0x0000000082e00000, 0x0000000082e00000|100%| O|  |TAMS 0x0000000082d00000| PB 0x0000000082d00000| Untracked |  0
|  22|0x0000000082e00000, 0x0000000082f00000, 0x0000000082f00000|100%| O|  |TAMS 0x0000000082e00000| PB 0x0000000082e00000| Untracked |  0
|  23|0x0000000082f00000, 0x0000000083000000, 0x0000000083000000|100%| O|  |TAMS 0x0000000082f00000| PB 0x0000000082f00000| Untracked |  0
|  24|0x0000000083000000, 0x0000000083100000, 0x0000000083100000|100%| O|  |TAMS 0x0000000083000000| PB 0x0000000083000000| Untracked |  0
|  25|0x0000000083100000, 0x0000000083200000, 0x0000000083200000|100%| O|  |TAMS 0x0000000083100000| PB 0x0000000083100000| Untracked |  0
|  26|0x0000000083200000, 0x0000000083300000, 0x0000000083300000|100%| O|  |TAMS 0x0000000083200000| PB 0x0000000083200000| Untracked |  0
|  27|0x0000000083300000, 0x0000000083400000, 0x0000000083400000|100%| O|  |TAMS 0x0000000083300000| PB 0x0000000083300000| Untracked |  0
|  28|0x0000000083400000, 0x0000000083500000, 0x0000000083500000|100%| O|  |TAMS 0x0000000083400000| PB 0x0000000083400000| Untracked |  0
|  29|0x0000000083500000, 0x0000000083583d18, 0x0000000083600000| 51%| O|  |TAMS 0x0000000083500000| PB 0x0000000083500000| Untracked |  0
|  30|0x0000000083600000, 0x0000000083600000, 0x0000000083700000|  0%| F|  |TAMS 0x0000000083600000| PB 0x0000000083600000| Untracked |  0
|  31|0x0000000083700000, 0x0000000083800000, 0x0000000083800000|100%| O|  |TAMS 0x0000000083700000| PB 0x0000000083700000| Untracked |  0
|  32|0x0000000083800000, 0x0000000083900000, 0x0000000083900000|100%| O|  |TAMS 0x0000000083800000| PB 0x0000000083800000| Untracked |  0
|  33|0x0000000083900000, 0x0000000083a00000, 0x0000000083a00000|100%| O|  |TAMS 0x0000000083900000| PB 0x0000000083900000| Untracked |  0
|  34|0x0000000083a00000, 0x0000000083a00000, 0x0000000083b00000|  0%| F|  |TAMS 0x0000000083a00000| PB 0x0000000083a00000| Untracked |  0
|  35|0x0000000083b00000, 0x0000000083b00000, 0x0000000083c00000|  0%| F|  |TAMS 0x0000000083b00000| PB 0x0000000083b00000| Untracked |  0
|  36|0x0000000083c00000, 0x0000000083c00000, 0x0000000083d00000|  0%| F|  |TAMS 0x0000000083c00000| PB 0x0000000083c00000| Untracked |  0
|  37|0x0000000083d00000, 0x0000000083d00000, 0x0000000083e00000|  0%| F|  |TAMS 0x0000000083d00000| PB 0x0000000083d00000| Untracked |  0
|  38|0x0000000083e00000, 0x0000000083e6f8a0, 0x0000000083f00000| 43%| S|CS|TAMS 0x0000000083e00000| PB 0x0000000083e00000| Complete |  0
|  39|0x0000000083f00000, 0x0000000083f00000, 0x0000000084000000|  0%| F|  |TAMS 0x0000000083f00000| PB 0x0000000083f00000| Untracked |  0
|  40|0x0000000084000000, 0x0000000084000000, 0x0000000084100000|  0%| F|  |TAMS 0x0000000084000000| PB 0x0000000084000000| Untracked |  0
|  41|0x0000000084100000, 0x0000000084100000, 0x0000000084200000|  0%| F|  |TAMS 0x0000000084100000| PB 0x0000000084100000| Untracked |  0
|  42|0x0000000084200000, 0x0000000084200000, 0x0000000084300000|  0%| F|  |TAMS 0x0000000084200000| PB 0x0000000084200000| Untracked |  0
|  43|0x0000000084300000, 0x0000000084300000, 0x0000000084400000|  0%| F|  |TAMS 0x0000000084300000| PB 0x0000000084300000| Untracked |  0
|  44|0x0000000084400000, 0x0000000084400000, 0x0000000084500000|  0%| F|  |TAMS 0x0000000084400000| PB 0x0000000084400000| Untracked |  0
|  45|0x0000000084500000, 0x0000000084500000, 0x0000000084600000|  0%| F|  |TAMS 0x0000000084500000| PB 0x0000000084500000| Untracked |  0
|  46|0x0000000084600000, 0x0000000084700000, 0x0000000084700000|100%| E|  |TAMS 0x0000000084600000| PB 0x0000000084600000| Complete |  0
|  47|0x0000000084700000, 0x0000000084800000, 0x0000000084800000|100%| E|CS|TAMS 0x0000000084700000| PB 0x0000000084700000| Complete |  0
|  48|0x0000000084800000, 0x0000000084900000, 0x0000000084900000|100%| E|CS|TAMS 0x0000000084800000| PB 0x0000000084800000| Complete |  0
|  49|0x0000000084900000, 0x0000000084a00000, 0x0000000084a00000|100%| E|CS|TAMS 0x0000000084900000| PB 0x0000000084900000| Complete |  0
|  50|0x0000000084a00000, 0x0000000084b00000, 0x0000000084b00000|100%| E|CS|TAMS 0x0000000084a00000| PB 0x0000000084a00000| Complete |  0
| 103|0x0000000087f00000, 0x0000000088000000, 0x0000000088000000|100%| E|CS|TAMS 0x0000000087f00000| PB 0x0000000087f00000| Complete |  0
| 104|0x0000000088000000, 0x0000000088100000, 0x0000000088100000|100%| E|CS|TAMS 0x0000000088000000| PB 0x0000000088000000| Complete |  0
| 105|0x0000000088100000, 0x0000000088200000, 0x0000000088200000|100%| E|CS|TAMS 0x0000000088100000| PB 0x0000000088100000| Complete |  0
| 106|0x0000000088200000, 0x0000000088300000, 0x0000000088300000|100%| E|CS|TAMS 0x0000000088200000| PB 0x0000000088200000| Complete |  0
| 107|0x0000000088300000, 0x0000000088400000, 0x0000000088400000|100%| E|CS|TAMS 0x0000000088300000| PB 0x0000000088300000| Complete |  0
| 108|0x0000000088400000, 0x0000000088500000, 0x0000000088500000|100%| E|CS|TAMS 0x0000000088400000| PB 0x0000000088400000| Complete |  0
| 127|0x0000000089700000, 0x0000000089800000, 0x0000000089800000|100%| E|CS|TAMS 0x0000000089700000| PB 0x0000000089700000| Complete |  0
|2021|0x00000000ffd00000, 0x00000000ffe00000, 0x00000000ffe00000|100%| O|  |TAMS 0x00000000ffd00000| PB 0x00000000ffd00000| Untracked |  0
|2022|0x00000000ffe00000, 0x00000000fff00000, 0x00000000fff00000|100%| O|  |TAMS 0x00000000ffe00000| PB 0x00000000ffe00000| Untracked |  0
|2023|0x00000000fff00000, 0x0000000100000000, 0x0000000100000000|100%| E|CS|TAMS 0x00000000fff00000| PB 0x00000000fff00000| Complete |  0

Card table byte_map: [0x000001bfa0490000,0x000001bfa0890000] _byte_map_base: 0x000001bfa0084000

Marking Bits: (CMBitMap*) 0x000001bf885bb250
 Bits: [0x000001bfa0890000, 0x000001bfa2830000)

Polling page: 0x000001bf862e0000

Metaspace:
Metaspace        used 83674K, committed 84224K, reserved 1179648K
 class space     used 12109K, committed 12352K, reserved 1048576K

Usage:
  Non-class:     69.89 MB used.
      Class:     11.83 MB used.
       Both:     81.71 MB used.

Virtual space:
  Non-class space:      128.00 MB reserved,      70.19 MB ( 55%) committed,  2 nodes.
      Class space:        1.00 GB reserved,      12.06 MB (  1%) committed,  1 nodes.
             Both:        1.12 GB reserved,      82.25 MB (  7%) committed. 

Chunk freelists:
   Non-Class:  9.75 MB
       Class:  3.82 MB
        Both:  13.57 MB

MaxMetaspaceSize: unlimited
CompressedClassSpaceSize: 1.00 GB
Initial GC threshold: 21.00 MB
Current GC threshold: 136.81 MB
CDS: on
 - commit_granule_bytes: 65536.
 - commit_granule_words: 8192.
 - virtual_space_node_default_size: 8388608.
 - enlarge_chunks_in_place: 1.
UseCompressedClassPointers 1, UseCompactObjectHeaders 0
Narrow klass pointer bits 32, Max shift 3
Narrow klass base: 0x0000000025000000, Narrow klass shift: 0
Encoding Range: [0x0000000025000000 - 0x0000000125000000), (4294967296 bytes)
Klass Range:    [0x0000000025010000 - 0x0000000066000000), (1090453504 bytes)
Klass ID Range:  [65536 - 1090519033) (1090453497)
Protection zone: [0x0000000025000000 - 0x0000000025010000), (65536 bytes)


Internal statistics:

num_allocs_failed_limit: 6.
num_arena_births: 720.
num_arena_deaths: 0.
num_vsnodes_births: 3.
num_vsnodes_deaths: 0.
num_space_committed: 1316.
num_space_uncommitted: 0.
num_chunks_returned_to_freelist: 6.
num_chunks_taken_from_freelist: 3600.
num_chunk_merges: 6.
num_chunk_splits: 2658.
num_chunks_enlarged: 2232.
num_inconsistent_stats: 0.

CodeHeap 'non-profiled nmethods': size=120064Kb used=3121Kb max_used=3169Kb free=116942Kb
 bounds [0x000001bf98b50000, 0x000001bf98e70000, 0x000001bfa0090000]
CodeHeap 'profiled nmethods': size=120064Kb used=9949Kb max_used=9949Kb free=110114Kb
 bounds [0x000001bf91070000, 0x000001bf91a30000, 0x000001bf985b0000]
CodeHeap 'non-nmethods': size=5760Kb used=1718Kb max_used=1755Kb free=4041Kb
 bounds [0x000001bf985b0000, 0x000001bf98820000, 0x000001bf98b50000]
CodeCache: size=245888Kb, used=14788Kb, max_used=14873Kb, free=231097Kb
 total_blobs=7368, nmethods=6545, adapters=725, full_count=0
Compilation: enabled, stopped_count=0, restarted_count=0

Compilation events (20 events):
Event: 1397.644 Thread 0x000001bfa4d219e0 nmethod 7572 0x000001bf91a24e08 code [0x000001bf91a24f00, 0x000001bf91a250e0]
Event: 1397.645 Thread 0x000001bfa4d219e0 7573       3       javax.crypto.spec.HKDFParameterSpec::expandOnly (25 bytes)
Event: 1397.645 Thread 0x000001bfa4d219e0 nmethod 7573 0x000001bf91a25108 code [0x000001bf91a25200, 0x000001bf91a25490]
Event: 1397.645 Thread 0x000001bfa4d219e0 7575   !   3       com.sun.crypto.provider.HKDFKeyDerivation::hkdfExpand (241 bytes)
Event: 1397.647 Thread 0x000001bfa4d219e0 nmethod 7575 0x000001bf91a25508 code [0x000001bf91a25600, 0x000001bf91a26cd8]
Event: 1397.647 Thread 0x000001bfa4d219e0 7577       3       java.security.Provider$Service::supportsKeyFormat (66 bytes)
Event: 1397.647 Thread 0x000001bfa4d219e0 nmethod 7577 0x000001bf91a26d08 code [0x000001bf91a26e00, 0x000001bf91a27278]
Event: 1397.647 Thread 0x000001bfa4d219e0 7574       3       javax.crypto.spec.HKDFParameterSpec$Expand::info (22 bytes)
Event: 1397.647 Thread 0x000001bfa4d219e0 nmethod 7574 0x000001bf91a27288 code [0x000001bf91a27380, 0x000001bf91a275b8]
Event: 1397.647 Thread 0x000001bfa4d219e0 7576       1       sun.security.ssl.SSLContextImpl::getSecureRandom (5 bytes)
Event: 1397.647 Thread 0x000001bfa4d219e0 nmethod 7576 0x000001bf98d13788 code [0x000001bf98d13880, 0x000001bf98d13948]
Event: 1397.647 Thread 0x000001bfa4d219e0 7578       1       com.mysql.cj.conf.AbstractRuntimeProperty::isExplicitlySet (5 bytes)
Event: 1397.647 Thread 0x000001bfa4d219e0 nmethod 7578 0x000001bf98d13488 code [0x000001bf98d13580, 0x000001bf98d13648]
Event: 1397.653 Thread 0x000001bfaabe61c0 nmethod 7570 0x000001bf98d13008 code [0x000001bf98d13100, 0x000001bf98d13468]
Event: 1397.653 Thread 0x000001bfaabe61c0 7568       4       java.security.Provider::getService (153 bytes)
Event: 1397.659 Thread 0x000001bfa4cabcc0 nmethod 7563% 0x000001bf98d12588 code [0x000001bf98d12680, 0x000001bf98d12fd0]
Event: 1397.659 Thread 0x000001bfa4cabcc0 7564       4       sun.security.ec.XECOperations::cswap (9 bytes)
Event: 1397.668 Thread 0x000001bfa4cabcc0 nmethod 7564 0x000001bf98d12108 code [0x000001bf98d12200, 0x000001bf98d12558]
Event: 1397.668 Thread 0x000001bfa4cabcc0 7565       4       sun.security.util.math.intpoly.IntegerPolynomial$MutableElement::conditionalSwapWith (65 bytes)
Event: 1397.677 Thread 0x000001bfa4cabcc0 nmethod 7565 0x000001bf98d11a88 code [0x000001bf98d11b80, 0x000001bf98d11ea0]

GC Heap Usage History (20 events):
Event: 5.300 {heap Before GC invocations=9 (full 0):
 garbage-first heap   total reserved 2072576K, committed 51200K, used 42349K [0x0000000081800000, 0x0000000100000000)
  region size 1024K, 24 young (24576K), 3 survivors (3072K)
}
Event: 5.305 {heap After GC invocations=10 (full 0):
 garbage-first heap   total reserved 2072576K, committed 51200K, used 22990K [0x0000000081800000, 0x0000000100000000)
  region size 1024K, 3 young (3072K), 3 survivors (3072K)
}
Event: 6.160 {heap Before GC invocations=10 (full 0):
 garbage-first heap   total reserved 2072576K, committed 51200K, used 43470K [0x0000000081800000, 0x0000000100000000)
  region size 1024K, 23 young (23552K), 3 survivors (3072K)
}
Event: 6.167 {heap After GC invocations=11 (full 0):
 garbage-first heap   total reserved 2072576K, committed 51200K, used 24940K [0x0000000081800000, 0x0000000100000000)
  region size 1024K, 3 young (3072K), 3 survivors (3072K)
}
Event: 6.569 {heap Before GC invocations=11 (full 0):
 garbage-first heap   total reserved 2072576K, committed 51200K, used 42348K [0x0000000081800000, 0x0000000100000000)
  region size 1024K, 21 young (21504K), 3 survivors (3072K)
}
Event: 6.574 {heap After GC invocations=12 (full 0):
 garbage-first heap   total reserved 2072576K, committed 51200K, used 26270K [0x0000000081800000, 0x0000000100000000)
  region size 1024K, 2 young (2048K), 2 survivors (2048K)
}
Event: 7.078 {heap Before GC invocations=13 (full 0):
 garbage-first heap   total reserved 2072576K, committed 51200K, used 44702K [0x0000000081800000, 0x0000000100000000)
  region size 1024K, 20 young (20480K), 2 survivors (2048K)
}
Event: 7.083 {heap After GC invocations=14 (full 0):
 garbage-first heap   total reserved 2072576K, committed 51200K, used 26543K [0x0000000081800000, 0x0000000100000000)
  region size 1024K, 2 young (2048K), 2 survivors (2048K)
}
Event: 7.555 {heap Before GC invocations=14 (full 0):
 garbage-first heap   total reserved 2072576K, committed 51200K, used 44975K [0x0000000081800000, 0x0000000100000000)
  region size 1024K, 20 young (20480K), 2 survivors (2048K)
}
Event: 7.561 {heap After GC invocations=15 (full 0):
 garbage-first heap   total reserved 2072576K, committed 51200K, used 27769K [0x0000000081800000, 0x0000000100000000)
  region size 1024K, 3 young (3072K), 3 survivors (3072K)
}
Event: 7.978 {heap Before GC invocations=15 (full 0):
 garbage-first heap   total reserved 2072576K, committed 51200K, used 46201K [0x0000000081800000, 0x0000000100000000)
  region size 1024K, 21 young (21504K), 3 survivors (3072K)
}
Event: 7.984 {heap After GC invocations=16 (full 0):
 garbage-first heap   total reserved 2072576K, committed 61440K, used 29314K [0x0000000081800000, 0x0000000100000000)
  region size 1024K, 3 young (3072K), 3 survivors (3072K)
}
Event: 35.249 {heap Before GC invocations=17 (full 0):
 garbage-first heap   total reserved 2072576K, committed 61440K, used 54914K [0x0000000081800000, 0x0000000100000000)
  region size 1024K, 28 young (28672K), 3 survivors (3072K)
}
Event: 35.255 {heap After GC invocations=18 (full 0):
 garbage-first heap   total reserved 2072576K, committed 61440K, used 30685K [0x0000000081800000, 0x0000000100000000)
  region size 1024K, 3 young (3072K), 3 survivors (3072K)
}
Event: 38.090 {heap Before GC invocations=18 (full 0):
 garbage-first heap   total reserved 2072576K, committed 61440K, used 54237K [0x0000000081800000, 0x0000000100000000)
  region size 1024K, 27 young (27648K), 3 survivors (3072K)
}
Event: 38.098 {heap After GC invocations=19 (full 0):
 garbage-first heap   total reserved 2072576K, committed 62464K, used 33059K [0x0000000081800000, 0x0000000100000000)
  region size 1024K, 4 young (4096K), 4 survivors (4096K)
}
Event: 46.040 {heap Before GC invocations=19 (full 0):
 garbage-first heap   total reserved 2072576K, committed 62464K, used 54563K [0x0000000081800000, 0x0000000100000000)
  region size 1024K, 26 young (26624K), 4 survivors (4096K)
}
Event: 46.047 {heap After GC invocations=20 (full 0):
 garbage-first heap   total reserved 2072576K, committed 62464K, used 35327K [0x0000000081800000, 0x0000000100000000)
  region size 1024K, 2 young (2048K), 2 survivors (2048K)
}
Event: 886.136 {heap Before GC invocations=21 (full 0):
 garbage-first heap   total reserved 2072576K, committed 62464K, used 55807K [0x0000000081800000, 0x0000000100000000)
  region size 1024K, 22 young (22528K), 2 survivors (2048K)
}
Event: 886.153 {heap After GC invocations=22 (full 0):
 garbage-first heap   total reserved 2072576K, committed 62464K, used 35789K [0x0000000081800000, 0x0000000100000000)
  region size 1024K, 1 young (1024K), 1 survivors (1024K)
}

Metaspace Usage History (20 events):
Event: 5.300 {metaspace Before GC invocations=9 (full 0):
 Metaspace       used 41845K, committed 42240K, reserved 1114112K
  class space    used 5865K, committed 6016K, reserved 1048576K
}
Event: 5.305 {metaspace After GC invocations=10 (full 0):
 Metaspace       used 41845K, committed 42240K, reserved 1114112K
  class space    used 5865K, committed 6016K, reserved 1048576K
}
Event: 6.160 {metaspace Before GC invocations=10 (full 0):
 Metaspace       used 50709K, committed 51200K, reserved 1114112K
  class space    used 6965K, committed 7168K, reserved 1048576K
}
Event: 6.167 {metaspace After GC invocations=11 (full 0):
 Metaspace       used 50709K, committed 51200K, reserved 1114112K
  class space    used 6965K, committed 7168K, reserved 1048576K
}
Event: 6.569 {metaspace Before GC invocations=11 (full 0):
 Metaspace       used 55199K, committed 55680K, reserved 1114112K
  class space    used 7545K, committed 7744K, reserved 1048576K
}
Event: 6.574 {metaspace After GC invocations=12 (full 0):
 Metaspace       used 55199K, committed 55680K, reserved 1114112K
  class space    used 7545K, committed 7744K, reserved 1048576K
}
Event: 7.078 {metaspace Before GC invocations=13 (full 0):
 Metaspace       used 61708K, committed 62144K, reserved 1114112K
  class space    used 8725K, committed 8896K, reserved 1048576K
}
Event: 7.083 {metaspace After GC invocations=14 (full 0):
 Metaspace       used 61708K, committed 62144K, reserved 1114112K
  class space    used 8725K, committed 8896K, reserved 1048576K
}
Event: 7.555 {metaspace Before GC invocations=14 (full 0):
 Metaspace       used 65146K, committed 65664K, reserved 1114112K
  class space    used 9265K, committed 9472K, reserved 1048576K
}
Event: 7.561 {metaspace After GC invocations=15 (full 0):
 Metaspace       used 65146K, committed 65664K, reserved 1114112K
  class space    used 9265K, committed 9472K, reserved 1048576K
}
Event: 7.978 {metaspace Before GC invocations=15 (full 0):
 Metaspace       used 68107K, committed 68608K, reserved 1114112K
  class space    used 9676K, committed 9856K, reserved 1048576K
}
Event: 7.984 {metaspace After GC invocations=16 (full 0):
 Metaspace       used 68107K, committed 68608K, reserved 1114112K
  class space    used 9676K, committed 9856K, reserved 1048576K
}
Event: 35.249 {metaspace Before GC invocations=17 (full 0):
 Metaspace       used 71916K, committed 72512K, reserved 1114112K
  class space    used 10250K, committed 10496K, reserved 1048576K
}
Event: 35.255 {metaspace After GC invocations=18 (full 0):
 Metaspace       used 71916K, committed 72512K, reserved 1114112K
  class space    used 10250K, committed 10496K, reserved 1048576K
}
Event: 38.090 {metaspace Before GC invocations=18 (full 0):
 Metaspace       used 78886K, committed 79424K, reserved 1179648K
  class space    used 11312K, committed 11520K, reserved 1048576K
}
Event: 38.098 {metaspace After GC invocations=19 (full 0):
 Metaspace       used 78886K, committed 79424K, reserved 1179648K
  class space    used 11312K, committed 11520K, reserved 1048576K
}
Event: 46.040 {metaspace Before GC invocations=19 (full 0):
 Metaspace       used 83366K, committed 83968K, reserved 1179648K
  class space    used 12090K, committed 12352K, reserved 1048576K
}
Event: 46.047 {metaspace After GC invocations=20 (full 0):
 Metaspace       used 83366K, committed 83968K, reserved 1179648K
  class space    used 12090K, committed 12352K, reserved 1048576K
}
Event: 886.136 {metaspace Before GC invocations=21 (full 0):
 Metaspace       used 83598K, committed 84160K, reserved 1179648K
  class space    used 12106K, committed 12352K, reserved 1048576K
}
Event: 886.153 {metaspace After GC invocations=22 (full 0):
 Metaspace       used 83598K, committed 84160K, reserved 1179648K
  class space    used 12106K, committed 12352K, reserved 1048576K
}

Dll operation events (18 events):
Event: 0.009 Attempting to load shared library C:\Users\tela\Java\zulu25.36.15-ca-jdk25.0.4-win_x64\bin\java.dll
Event: 0.012 Loaded shared library C:\Users\tela\Java\zulu25.36.15-ca-jdk25.0.4-win_x64\bin\java.dll
Event: 0.255 Attempting to load shared library C:\Users\tela\Java\zulu25.36.15-ca-jdk25.0.4-win_x64\bin\net.dll
Event: 0.255 Loaded shared library C:\Users\tela\Java\zulu25.36.15-ca-jdk25.0.4-win_x64\bin\net.dll
Event: 0.257 Attempting to load shared library C:\Users\tela\Java\zulu25.36.15-ca-jdk25.0.4-win_x64\bin\nio.dll
Event: 0.258 Loaded shared library C:\Users\tela\Java\zulu25.36.15-ca-jdk25.0.4-win_x64\bin\nio.dll
Event: 0.260 Attempting to load shared library C:\Users\tela\Java\zulu25.36.15-ca-jdk25.0.4-win_x64\bin\zip.dll
Event: 0.260 Loaded shared library C:\Users\tela\Java\zulu25.36.15-ca-jdk25.0.4-win_x64\bin\zip.dll
Event: 0.348 Attempting to load shared library C:\Users\tela\Java\zulu25.36.15-ca-jdk25.0.4-win_x64\bin\jimage.dll
Event: 0.348 Loaded shared library C:\Users\tela\Java\zulu25.36.15-ca-jdk25.0.4-win_x64\bin\jimage.dll
Event: 0.737 Attempting to load shared library C:\Users\tela\Java\zulu25.36.15-ca-jdk25.0.4-win_x64\bin\management.dll
Event: 0.737 Loaded shared library C:\Users\tela\Java\zulu25.36.15-ca-jdk25.0.4-win_x64\bin\management.dll
Event: 0.739 Attempting to load shared library C:\Users\tela\Java\zulu25.36.15-ca-jdk25.0.4-win_x64\bin\management_ext.dll
Event: 0.739 Loaded shared library C:\Users\tela\Java\zulu25.36.15-ca-jdk25.0.4-win_x64\bin\management_ext.dll
Event: 1.766 Attempting to load shared library C:\Users\tela\Java\zulu25.36.15-ca-jdk25.0.4-win_x64\bin\sunmscapi.dll
Event: 1.768 Loaded shared library C:\Users\tela\Java\zulu25.36.15-ca-jdk25.0.4-win_x64\bin\sunmscapi.dll
Event: 5.272 Attempting to load shared library C:\Users\tela\Java\zulu25.36.15-ca-jdk25.0.4-win_x64\bin\extnet.dll
Event: 5.273 Loaded shared library C:\Users\tela\Java\zulu25.36.15-ca-jdk25.0.4-win_x64\bin\extnet.dll

Deoptimization events (20 events):
Event: 41.786 Thread 0x000001bfab127c70 DEOPT PACKING pc=0x000001bf98e4b498 sp=0x0000002b887fb320
Event: 41.786 Thread 0x000001bfab127c70 DEOPT UNPACKING pc=0x000001bf98639102 sp=0x0000002b887fb2a8 mode 2
Event: 41.902 Thread 0x000001bfab127c70 Uncommon trap: trap_request=0xffffff45 fr.pc=0x000001bf98c375c0 relative=0x0000000000000140
Event: 41.902 Thread 0x000001bfab127c70 Uncommon trap: reason=unstable_if action=reinterpret pc=0x000001bf98c375c0 method=org.springframework.util.ClassUtils.isAssignable(Ljava/lang/Class;Ljava/lang/Class;)Z @ 57 c2
Event: 41.902 Thread 0x000001bfab127c70 DEOPT PACKING pc=0x000001bf98c375c0 sp=0x0000002b887fcf40
Event: 41.902 Thread 0x000001bfab127c70 DEOPT UNPACKING pc=0x000001bf98639102 sp=0x0000002b887fced8 mode 2
Event: 46.002 Thread 0x000001bfab12da30 Uncommon trap: trap_request=0xffffffde fr.pc=0x000001bf98bffed8 relative=0x0000000000000858
Event: 46.002 Thread 0x000001bfab12da30 Uncommon trap: reason=class_check action=maybe_recompile pc=0x000001bf98bffed8 method=org.springframework.core.annotation.AnnotatedElementUtils.getAnnotationAttributes(Lorg/springframework/core/annotation/MergedAnnotation;ZZ)Lorg/springframework/core/anno
Event: 46.002 Thread 0x000001bfab12da30 DEOPT PACKING pc=0x000001bf98bffed8 sp=0x0000002b888fd1e0
Event: 46.002 Thread 0x000001bfab12da30 DEOPT UNPACKING pc=0x000001bf98639102 sp=0x0000002b888fd010 mode 2
Event: 46.011 Thread 0x000001bfab12da30 Uncommon trap: trap_request=0xffffffde fr.pc=0x000001bf98bffed8 relative=0x0000000000000858
Event: 46.011 Thread 0x000001bfab12da30 Uncommon trap: reason=class_check action=maybe_recompile pc=0x000001bf98bffed8 method=org.springframework.core.annotation.AnnotatedElementUtils.getAnnotationAttributes(Lorg/springframework/core/annotation/MergedAnnotation;ZZ)Lorg/springframework/core/anno
Event: 46.011 Thread 0x000001bfab12da30 DEOPT PACKING pc=0x000001bf98bffed8 sp=0x0000002b888fd1e0
Event: 46.011 Thread 0x000001bfab12da30 DEOPT UNPACKING pc=0x000001bf98639102 sp=0x0000002b888fd010 mode 2
Event: 121.641 Thread 0x000001bfa9f97810 DEOPT PACKING pc=0x000001bf91104556 sp=0x0000002b880fdc80
Event: 121.641 Thread 0x000001bfa9f97810 DEOPT UNPACKING pc=0x000001bf98601702 sp=0x0000002b880fd140 mode 0
Event: 1361.162 Thread 0x000001bfa9f9ed40 DEOPT PACKING pc=0x000001bf91076c40 sp=0x0000002b862fdb70
Event: 1361.162 Thread 0x000001bfa9f9ed40 DEOPT UNPACKING pc=0x000001bf98601702 sp=0x0000002b862fcfe8 mode 0
Event: 1361.162 Thread 0x000001bfa9f9ed40 DEOPT PACKING pc=0x000001bf919033f8 sp=0x0000002b862febc0
Event: 1361.162 Thread 0x000001bfa9f9ed40 DEOPT UNPACKING pc=0x000001bf98601702 sp=0x0000002b862fe030 mode 0

Classes loaded (20 events):
Event: 38.042 Loading class java/lang/Throwable$WrappedPrintWriter
Event: 38.042 Loading class java/lang/Throwable$PrintStreamOrWriter
Event: 38.042 Loading class java/lang/Throwable$PrintStreamOrWriter done
Event: 38.042 Loading class java/lang/Throwable$WrappedPrintWriter done
Event: 41.508 Loading class java/util/function/DoubleUnaryOperator
Event: 41.508 Loading class java/util/function/DoubleUnaryOperator done
Event: 41.544 Loading class java/util/EmptyStackException
Event: 41.544 Loading class java/util/EmptyStackException done
Event: 41.551 Loading class java/io/InvalidClassException
Event: 41.551 Loading class java/io/InvalidClassException done
Event: 41.875 Loading class java/util/regex/Pattern$Behind
Event: 41.876 Loading class java/util/regex/Pattern$Behind done
Event: 1361.113 Loading class sun/security/ssl/Alert
Event: 1361.119 Loading class sun/security/ssl/Alert done
Event: 1361.121 Loading class sun/security/ssl/Alert$AlertConsumer
Event: 1361.123 Loading class sun/security/ssl/Alert$AlertConsumer done
Event: 1361.123 Loading class sun/security/ssl/Alert$Level
Event: 1361.123 Loading class sun/security/ssl/Alert$Level done
Event: 1361.126 Loading class sun/net/ConnectionResetException
Event: 1361.127 Loading class sun/net/ConnectionResetException done

Classes unloaded (0 events):
No events

Classes redefined (0 events):
No events

Internal exceptions (20 events):
Event: 35.648 Thread 0x000001bfab12baf0 Exception <a 'java/lang/NoSuchMethodError'{0x0000000088132b48}: 'java.lang.Object java.lang.invoke.DirectMethodHandle$Holder.invokeInterface(java.lang.Object, java.lang.Object, java.lang.Object, java.lang.Object)'> (0x0000000088132b48) 
thrown [s\src\hotspot\share\interpreter\linkResolver.cpp, line 804]
Event: 35.661 Thread 0x000001bfab12baf0 Exception <a 'java/lang/NoSuchMethodError'{0x00000000881afc58}: 'java.lang.Object java.lang.invoke.DirectMethodHandle$Holder.invokeStatic(java.lang.Object, java.lang.Object, java.lang.Object, java.lang.Object, java.lang.Object, java.lang.Object, java.lang.Object, java.lang.Object, java.lang.Object, int)'> (0x00000000881afc58) 
thrown [s\src\hotspot\share\interpreter\linkResolver.cpp, line 804]
Event: 35.663 Thread 0x000001bfab12baf0 Exception <a 'java/lang/NoSuchMethodError'{0x00000000881d7fd0}: 'java.lang.Object java.lang.invoke.DirectMethodHandle$Holder.invokeStatic(java.lang.Object, java.lang.Object, java.lang.Object, java.lang.Object, java.lang.Object, java.lang.Object, java.lang.Object, java.lang.Object, int)'> (0x00000000881d7fd0) 
thrown [s\src\hotspot\share\interpreter\linkResolver.cpp, line 804]
Event: 35.714 Thread 0x000001bfab12baf0 Exception <a 'java/lang/NoSuchMethodError'{0x0000000087fc7208}: 'java.lang.Object java.lang.invoke.DirectMethodHandle$Holder.newInvokeSpecial(java.lang.Object, java.lang.Object, int, int)'> (0x0000000087fc7208) 
thrown [s\src\hotspot\share\interpreter\linkResolver.cpp, line 804]
Event: 35.812 Thread 0x000001bfab12baf0 Exception <a 'java/lang/IncompatibleClassChangeError'{0x00000000849c3420}: Found class java.lang.Object, but interface was expected> (0x00000000849c3420) 
thrown [s\src\hotspot\share\interpreter\linkResolver.cpp, line 871]
Event: 35.934 Thread 0x000001bfab12baf0 Exception <a 'java/lang/NoClassDefFoundError'{0x0000000084519978}: com/fasterxml/jackson/databind/ObjectMapper> (0x0000000084519978) 
thrown [s\src\hotspot\share\classfile\systemDictionary.cpp, line 317]
Event: 36.074 Thread 0x000001bfab12baf0 Implicit null exception at 0x000001bf98c1ce39 to 0x000001bf98c1d118
Event: 37.994 Thread 0x000001bfab12d260 Exception <a 'java/lang/NoSuchMethodError'{0x0000000083c367b0}: 'java.lang.Object java.lang.invoke.DirectMethodHandle$Holder.invokeStatic(java.lang.Object, int, int)'> (0x0000000083c367b0) 
thrown [s\src\hotspot\share\interpreter\linkResolver.cpp, line 804]
Event: 38.004 Thread 0x000001bfab12d260 Exception <a 'java/io/IOException'{0x0000000083c62c90}> (0x0000000083c62c90) 
thrown [s\src\hotspot\share\prims\jni.cpp, line 516]
Event: 41.470 Thread 0x000001bfab127c70 Exception <a 'java/lang/NoSuchMethodError'{0x0000000089731fd0}: 'java.lang.Object java.lang.invoke.DirectMethodHandle$Holder.invokeInterface(java.lang.Object, java.lang.Object, java.lang.Object, java.lang.Object, java.lang.Object)'> (0x0000000089731fd0) 
thrown [s\src\hotspot\share\interpreter\linkResolver.cpp, line 804]
Event: 41.478 Thread 0x000001bfab127c70 Exception <a 'java/lang/NoSuchMethodError'{0x00000000897927e0}: 'void java.lang.invoke.DirectMethodHandle$Holder.invokeSpecialIFC(java.lang.Object, java.lang.Object, int, java.lang.Object, java.lang.Object, java.lang.Object, java.lang.Object)'> (0x00000000897927e0) 
thrown [s\src\hotspot\share\interpreter\linkResolver.cpp, line 804]
Event: 41.508 Thread 0x000001bfab127c70 Exception <a 'java/lang/NoSuchMethodError'{0x00000000884bece0}: 'double java.lang.invoke.DirectMethodHandle$Holder.invokeStatic(java.lang.Object, double)'> (0x00000000884bece0) 
thrown [s\src\hotspot\share\interpreter\linkResolver.cpp, line 804]
Event: 41.509 Thread 0x000001bfab127c70 Exception <a 'java/lang/NoSuchMethodError'{0x00000000884cdd08}: 'double java.lang.invoke.DirectMethodHandle$Holder.invokeStaticInit(java.lang.Object, double)'> (0x00000000884cdd08) 
thrown [s\src\hotspot\share\interpreter\linkResolver.cpp, line 804]
Event: 41.890 Thread 0x000001bfab127c70 Exception <a 'java/lang/NoSuchMethodError'{0x0000000083f957d0}: 'void java.lang.invoke.DirectMethodHandle$Holder.invokeStatic(java.lang.Object, java.lang.Object, int, int, java.lang.Object)'> (0x0000000083f957d0) 
thrown [s\src\hotspot\share\interpreter\linkResolver.cpp, line 804]
Event: 41.899 Thread 0x000001bfab127c70 Exception <a 'java/lang/IncompatibleClassChangeError'{0x0000000083feb570}: Found class java.lang.Object, but interface was expected> (0x0000000083feb570) 
thrown [s\src\hotspot\share\interpreter\linkResolver.cpp, line 871]
Event: 1361.124 Thread 0x000001bfa4d231e0 Exception <a 'java/io/IOException'{0x00000000848b5c80}> (0x00000000848b5c80) 
thrown [s\src\hotspot\share\prims\jni.cpp, line 516]
Event: 1361.126 Thread 0x000001bfa4d231e0 Exception <a 'java/io/IOException'{0x00000000848b7110}> (0x00000000848b7110) 
thrown [s\src\hotspot\share\prims\jni.cpp, line 516]
Event: 1362.947 Thread 0x000001bfa4d231e0 Exception <a 'java/io/IOException'{0x00000000848bc548}> (0x00000000848bc548) 
thrown [s\src\hotspot\share\prims\jni.cpp, line 516]
Event: 1362.948 Thread 0x000001bfa4d231e0 Exception <a 'java/io/IOException'{0x000000008472d588}> (0x000000008472d588) 
thrown [s\src\hotspot\share\prims\jni.cpp, line 516]
Event: 1397.628 Thread 0x000001bfaae317e0 Exception <a 'java/net/SocketException'{0x000000008468a5b0}: Connection reset by peer: shutdown> (0x000000008468a5b0) 
thrown [s\src\hotspot\share\prims\jni.cpp, line 534]

VM Operations (20 events):
Event: 38.090 Executing safepoint VM operation: G1CollectForAllocation (G1 Evacuation Pause)
Event: 38.098 Executing safepoint VM operation: G1CollectForAllocation (G1 Evacuation Pause) done
Event: 41.570 Executing non-safepoint VM operation: HandshakeAllThreads (Deoptimize)
Event: 41.570 Executing non-safepoint VM operation: HandshakeAllThreads (Deoptimize) done
Event: 41.768 Executing non-safepoint VM operation: HandshakeAllThreads (Deoptimize)
Event: 41.768 Executing non-safepoint VM operation: HandshakeAllThreads (Deoptimize) done
Event: 46.018 Executing non-safepoint VM operation: HandshakeAllThreads (Deoptimize)
Event: 46.018 Executing non-safepoint VM operation: HandshakeAllThreads (Deoptimize) done
Event: 46.040 Executing safepoint VM operation: G1CollectForAllocation (G1 Evacuation Pause)
Event: 46.047 Executing safepoint VM operation: G1CollectForAllocation (G1 Evacuation Pause) done
Event: 46.142 Executing safepoint VM operation: G1PauseRemark
Event: 46.147 Executing safepoint VM operation: G1PauseRemark done
Event: 46.188 Executing safepoint VM operation: G1PauseCleanup
Event: 46.188 Executing safepoint VM operation: G1PauseCleanup done
Event: 60.253 Executing non-safepoint VM operation: HandshakeAllThreads (HandshakeForDeflation)
Event: 60.253 Executing non-safepoint VM operation: HandshakeAllThreads (HandshakeForDeflation) done
Event: 60.254 Executing non-safepoint VM operation: RendezvousGCThreads
Event: 60.254 Executing non-safepoint VM operation: RendezvousGCThreads done
Event: 886.136 Executing safepoint VM operation: G1CollectForAllocation (G1 Evacuation Pause)
Event: 886.153 Executing safepoint VM operation: G1CollectForAllocation (G1 Evacuation Pause) done

Memory protections (0 events):
No events

Nmethod flushes (20 events):
Event: 46.146 Thread 0x000001bfa4c8ed20 flushing  nmethod 0x000001bf911ae808
Event: 46.146 Thread 0x000001bfa4c8ed20 flushing  nmethod 0x000001bf911cf208
Event: 46.146 Thread 0x000001bfa4c8ed20 flushing  nmethod 0x000001bf911d1608
Event: 46.146 Thread 0x000001bfa4c8ed20 flushing  nmethod 0x000001bf911d5288
Event: 46.146 Thread 0x000001bfa4c8ed20 flushing  nmethod 0x000001bf911d6008
Event: 46.146 Thread 0x000001bfa4c8ed20 flushing  nmethod 0x000001bf911d8408
Event: 46.146 Thread 0x000001bfa4c8ed20 flushing  nmethod 0x000001bf911d9b08
Event: 46.146 Thread 0x000001bfa4c8ed20 flushing  nmethod 0x000001bf911db408
Event: 46.146 Thread 0x000001bfa4c8ed20 flushing  nmethod 0x000001bf912e8988
Event: 46.146 Thread 0x000001bfa4c8ed20 flushing  nmethod 0x000001bf91372788
Event: 46.146 Thread 0x000001bfa4c8ed20 flushing  nmethod 0x000001bf913b9588
Event: 46.146 Thread 0x000001bfa4c8ed20 flushing  nmethod 0x000001bf91463a88
Event: 46.146 Thread 0x000001bfa4c8ed20 flushing  nmethod 0x000001bf91464008
Event: 46.146 Thread 0x000001bfa4c8ed20 flushing  nmethod 0x000001bf915b3f08
Event: 46.146 Thread 0x000001bfa4c8ed20 flushing  nmethod 0x000001bf9165b308
Event: 46.146 Thread 0x000001bfa4c8ed20 flushing  nmethod 0x000001bf916a8188
Event: 46.146 Thread 0x000001bfa4c8ed20 flushing  nmethod 0x000001bf916ac088
Event: 46.146 Thread 0x000001bfa4c8ed20 flushing  nmethod 0x000001bf916e0608
Event: 46.146 Thread 0x000001bfa4c8ed20 flushing  nmethod 0x000001bf9171f888
Event: 46.146 Thread 0x000001bfa4c8ed20 flushing  nmethod 0x000001bf91739708

Events (20 events):
Event: 8.584 Thread 0x000001bfa4d25120 Thread added: 0x000001bfa4d25120
Event: 9.491 Thread 0x000001bfa92db5a0 Thread exited: 0x000001bfa92db5a0
Event: 11.352 Thread 0x000001bfab12e9d0 Thread exited: 0x000001bfab12e9d0
Event: 35.232 Thread 0x000001bfa4d219e0 Thread added: 0x000001bfaabe79f0
Event: 35.466 Thread 0x000001bfaabe79f0 Thread exited: 0x000001bfaabe79f0
Event: 35.649 Thread 0x000001bfa4d219e0 Thread added: 0x000001bfaabe1930
Event: 35.857 Thread 0x000001bfaabe1930 Thread exited: 0x000001bfaabe1930
Event: 35.944 Thread 0x000001bfa4d219e0 Thread added: 0x000001bfaabe2950
Event: 37.735 Thread 0x000001bfaabe2950 Thread exited: 0x000001bfaabe2950
Event: 41.751 Thread 0x000001bfa4d219e0 Thread added: 0x000001bfaabe2950
Event: 43.915 Thread 0x000001bfaabe2950 Thread exited: 0x000001bfaabe2950
Event: 1361.108 Thread 0x000001bfa9f97810 Thread added: 0x000001bfa4d231e0
Event: 1361.130 Thread 0x000001bfa4d231e0 Thread added: 0x000001bfa9f9ed40
Event: 1361.158 Thread 0x000001bfa4d219e0 Thread added: 0x000001bfaabe4180
Event: 1362.948 Thread 0x000001bfaabe4180 Thread exited: 0x000001bfaabe4180
Event: 1367.950 Thread 0x000001bfa4d231e0 Thread exited: 0x000001bfa4d231e0
Event: 1368.022 Thread 0x000001bfa9f9ed40 Thread exited: 0x000001bfa9f9ed40
Event: 1397.627 Thread 0x000001bfa9f97810 Thread added: 0x000001bfaae317e0
Event: 1397.628 Thread 0x000001bfaae317e0 Thread added: 0x000001bfaae30070
Event: 1397.644 Thread 0x000001bfa4d219e0 Thread added: 0x000001bfaabe61c0


Dynamic libraries:
0x00007ff7ed530000 - 0x00007ff7ed53e000 	C:\Users\tela\Java\zulu25.36.15-ca-jdk25.0.4-win_x64\bin\javaw.exe
0x00007fff60610000 - 0x00007fff60809000 	C:\Windows\SYSTEM32\ntdll.dll
0x00007fff5ed70000 - 0x00007fff5ee32000 	C:\Windows\System32\KERNEL32.DLL
0x00007fff5dcd0000 - 0x00007fff5dfc7000 	C:\Windows\System32\KERNELBASE.dll
0x00007fff5e440000 - 0x00007fff5e540000 	C:\Windows\System32\ucrtbase.dll
0x00007fff555f0000 - 0x00007fff55607000 	C:\Users\tela\Java\zulu25.36.15-ca-jdk25.0.4-win_x64\bin\jli.dll
0x00007fff5e690000 - 0x00007fff5e82d000 	C:\Windows\System32\USER32.dll
0x00007fff5e5e0000 - 0x00007fff5e602000 	C:\Windows\System32\win32u.dll
0x00007fff5f8c0000 - 0x00007fff5f8eb000 	C:\Windows\System32\GDI32.dll
0x00007fff5e1b0000 - 0x00007fff5e2ca000 	C:\Windows\System32\gdi32full.dll
0x00007fff5e540000 - 0x00007fff5e5dd000 	C:\Windows\System32\msvcp_win.dll
0x00007fff555d0000 - 0x00007fff555ee000 	C:\Users\tela\Java\zulu25.36.15-ca-jdk25.0.4-win_x64\bin\VCRUNTIME140.dll
0x00007fff48a90000 - 0x00007fff48d2b000 	C:\Windows\WinSxS\amd64_microsoft.windows.common-controls_6595b64144ccf1df_6.0.19041.7663_none_60b9ed0b71f50c93\COMCTL32.dll
0x00007fff5eb90000 - 0x00007fff5ec2e000 	C:\Windows\System32\msvcrt.dll
0x00007fff605a0000 - 0x00007fff605cf000 	C:\Windows\System32\IMM32.DLL
0x00007fff55d30000 - 0x00007fff55d3c000 	C:\Users\tela\Java\zulu25.36.15-ca-jdk25.0.4-win_x64\bin\vcruntime140_1.dll
0x00007fff32d60000 - 0x00007fff32ded000 	C:\Users\tela\Java\zulu25.36.15-ca-jdk25.0.4-win_x64\bin\msvcp140.dll
0x00007fff0a4d0000 - 0x00007fff0b409000 	C:\Users\tela\Java\zulu25.36.15-ca-jdk25.0.4-win_x64\bin\server\jvm.dll
0x00007fff5f1d0000 - 0x00007fff5f282000 	C:\Windows\System32\ADVAPI32.dll
0x00007fff5fb50000 - 0x00007fff5fbf0000 	C:\Windows\System32\sechost.dll
0x00007fff5f290000 - 0x00007fff5f3b6000 	C:\Windows\System32\RPCRT4.dll
0x00007fff5e410000 - 0x00007fff5e437000 	C:\Windows\System32\bcrypt.dll
0x00007fff5f3e0000 - 0x00007fff5f44b000 	C:\Windows\System32\WS2_32.dll
0x00007fff5dad0000 - 0x00007fff5db1b000 	C:\Windows\SYSTEM32\POWRPROF.dll
0x00007fff45a60000 - 0x00007fff45a87000 	C:\Windows\SYSTEM32\WINMM.dll
0x00007fff52ef0000 - 0x00007fff52efa000 	C:\Windows\SYSTEM32\VERSION.dll
0x00007fff5dab0000 - 0x00007fff5dac2000 	C:\Windows\SYSTEM32\UMPDC.dll
0x00007fff5c490000 - 0x00007fff5c4a2000 	C:\Windows\SYSTEM32\kernel.appcore.dll
0x00007fff53c80000 - 0x00007fff53c8a000 	C:\Users\tela\Java\zulu25.36.15-ca-jdk25.0.4-win_x64\bin\jimage.dll
0x00007fff5b9b0000 - 0x00007fff5bbb1000 	C:\Windows\SYSTEM32\DBGHELP.DLL
0x00007fff41600000 - 0x00007fff41634000 	C:\Windows\SYSTEM32\dbgcore.DLL
0x00007fff5e2d0000 - 0x00007fff5e352000 	C:\Windows\System32\bcryptPrimitives.dll
0x00007fff53190000 - 0x00007fff531ae000 	C:\Users\tela\Java\zulu25.36.15-ca-jdk25.0.4-win_x64\bin\java.dll
0x00007fff5ee40000 - 0x00007fff5ef6b000 	C:\Windows\System32\ole32.dll
0x00007fff5e830000 - 0x00007fff5eb83000 	C:\Windows\System32\combase.dll
0x00007fff5fd00000 - 0x00007fff60471000 	C:\Windows\System32\SHELL32.dll
0x00007fff5bbc0000 - 0x00007fff5c36c000 	C:\Windows\SYSTEM32\windows.storage.dll
0x00007fff5d5d0000 - 0x00007fff5d5fb000 	C:\Windows\SYSTEM32\Wldp.dll
0x00007fff5ec90000 - 0x00007fff5ed66000 	C:\Windows\System32\OLEAUT32.dll
0x00007fff5faa0000 - 0x00007fff5fb4d000 	C:\Windows\System32\SHCORE.dll
0x00007fff5ec30000 - 0x00007fff5ec8b000 	C:\Windows\System32\shlwapi.dll
0x00007fff5dbb0000 - 0x00007fff5dbd5000 	C:\Windows\SYSTEM32\profapi.dll
0x00007fff53bf0000 - 0x00007fff53c00000 	C:\Users\tela\Java\zulu25.36.15-ca-jdk25.0.4-win_x64\bin\net.dll
0x00007fff5d300000 - 0x00007fff5d36a000 	C:\Windows\system32\mswsock.dll
0x00007fff52ec0000 - 0x00007fff52ed6000 	C:\Users\tela\Java\zulu25.36.15-ca-jdk25.0.4-win_x64\bin\nio.dll
0x00007fff52620000 - 0x00007fff52636000 	C:\Users\tela\Java\zulu25.36.15-ca-jdk25.0.4-win_x64\bin\zip.dll
0x00007fff532c0000 - 0x00007fff532ca000 	C:\Users\tela\Java\zulu25.36.15-ca-jdk25.0.4-win_x64\bin\management.dll
0x00007fff53180000 - 0x00007fff5318b000 	C:\Users\tela\Java\zulu25.36.15-ca-jdk25.0.4-win_x64\bin\management_ext.dll
0x00007fff5ef70000 - 0x00007fff5ef78000 	C:\Windows\System32\PSAPI.DLL
0x00007fff52610000 - 0x00007fff5261e000 	C:\Users\tela\Java\zulu25.36.15-ca-jdk25.0.4-win_x64\bin\sunmscapi.dll
0x00007fff5dfd0000 - 0x00007fff5e12d000 	C:\Windows\System32\CRYPT32.dll
0x00007fff5d640000 - 0x00007fff5d667000 	C:\Windows\SYSTEM32\ncrypt.dll
0x00007fff5d600000 - 0x00007fff5d63b000 	C:\Windows\SYSTEM32\NTASN1.dll
0x00007fff5d530000 - 0x00007fff5d548000 	C:\Windows\SYSTEM32\CRYPTSP.dll
0x00007fff5cc20000 - 0x00007fff5cc58000 	C:\Windows\system32\rsaenh.dll
0x00007fff5db20000 - 0x00007fff5db4e000 	C:\Windows\SYSTEM32\USERENV.dll
0x00007fff5d520000 - 0x00007fff5d52c000 	C:\Windows\SYSTEM32\CRYPTBASE.dll
0x00007fff5cfe0000 - 0x00007fff5d01b000 	C:\Windows\SYSTEM32\IPHLPAPI.DLL
0x00007fff5f3d0000 - 0x00007fff5f3d8000 	C:\Windows\System32\NSI.dll
0x00007fff5d020000 - 0x00007fff5d0ec000 	C:\Windows\SYSTEM32\DNSAPI.dll
0x000000006d4f0000 - 0x000000006d516000 	C:\Program Files\Bonjour\mdnsNSP.dll
0x00007fff52eb0000 - 0x00007fff52eba000 	C:\Windows\System32\rasadhlp.dll
0x00007fff47a40000 - 0x00007fff47ac0000 	C:\Windows\System32\fwpuclnt.dll
0x00007fff52600000 - 0x00007fff52609000 	C:\Users\tela\Java\zulu25.36.15-ca-jdk25.0.4-win_x64\bin\extnet.dll
0x00007fff525c0000 - 0x00007fff525c7000 	C:\Windows\system32\wshunix.dll

JVMTI agents: none

dbghelp: loaded successfully - version: 4.0.5 - missing functions: none
symbol engine: initialized successfully - sym options: 0x614 - pdb path: .;C:\Users\tela\Java\zulu25.36.15-ca-jdk25.0.4-win_x64\bin;C:\Windows\SYSTEM32;C:\Windows\WinSxS\amd64_microsoft.windows.common-controls_6595b64144ccf1df_6.0.19041.7663_none_60b9ed0b71f50c93;C:\Users\tela\Java\zulu25.36.15-ca-jdk25.0.4-win_x64\bin\server;C:\Program Files\Bonjour

VM Arguments:
jvm_args: -Dfile.encoding=UTF-8 -Dstdout.encoding=UTF-8 -Dstderr.encoding=UTF-8 -XX:+ShowCodeDetailsInExceptionMessages 
java_command: ifrn.pi.eventos.EventosApplication
java_class_path (initial): C:\Users\tela\workspace\pi\eventos\target\classes;C:\Users\tela\.m2\repository\org\springframework\boot\spring-boot-starter-thymeleaf\4.1.1\spring-boot-starter-thymeleaf-4.1.1.jar;C:\Users\tela\.m2\repository\org\springframework\boot\spring-boot-starter\4.1.1\spring-boot-starter-4.1.1.jar;C:\Users\tela\.m2\repository\org\springframework\boot\spring-boot-starter-logging\4.1.1\spring-boot-starter-logging-4.1.1.jar;C:\Users\tela\.m2\repository\ch\qos\logback\logback-classic\1.5.38\logback-classic-1.5.38.jar;C:\Users\tela\.m2\repository\ch\qos\logback\logback-core\1.5.38\logback-core-1.5.38.jar;C:\Users\tela\.m2\repository\org\apache\logging\log4j\log4j-to-slf4j\2.25.5\log4j-to-slf4j-2.25.5.jar;C:\Users\tela\.m2\repository\org\apache\logging\log4j\log4j-api\2.25.5\log4j-api-2.25.5.jar;C:\Users\tela\.m2\repository\org\slf4j\jul-to-slf4j\2.0.18\jul-to-slf4j-2.0.18.jar;C:\Users\tela\.m2\repository\jakarta\annotation\jakarta.annotation-api\3.0.0\jakarta.annotation-api-3.0.0.jar;C:\Users\tela\.m2\repository\org\yaml\snakeyaml\2.6\snakeyaml-2.6.jar;C:\Users\tela\.m2\repository\org\springframework\boot\spring-boot-thymeleaf\4.1.1\spring-boot-thymeleaf-4.1.1.jar;C:\Users\tela\.m2\repository\org\thymeleaf\thymeleaf-spring6\3.1.5.RELEASE\thymeleaf-spring6-3.1.5.RELEASE.jar;C:\Users\tela\.m2\repository\org\thymeleaf\thymeleaf\3.1.5.RELEASE\thymeleaf-3.1.5.RELEASE.jar;C:\Users\tela\.m2\repository\org\attoparser\attoparser\2.0.7.RELEASE\attoparser-2.0.7.RELEASE.jar;C:\Users\tela\.m2\repository\org\unbescape\unbescape\1.1.6.RELEASE\unbescape-1.1.6.RELEASE.jar;C:\Users\tela\.m2\repository\org\slf4j\slf4j-api\2.0.18\slf4j-api-2.0.18.jar;C:\Users\tela\.m2\repository\org\springframework\spring-web\7.0.9\spring-web-7.0.9.jar;C:\Users\tela\.m2\repository\org\springframework\spring-beans\7.0.9\spring-beans-7.0.9.jar;C:\Users\tela\.m2\repository\io\micrometer\micrometer-observation\1.17.1\micrometer-observation-1.17.1.jar;C:\Users\tela\.m2\repository\io\micrometer\micrometer-commons\1.17.1\micrometer-commons-1.17.1.jar;C:\Users\tela\.m2\repository\org\springframework\boot\spring-boot-starter-webmvc\4.1.1\spring-boot-starter-webmvc-4.1.1.jar;C:\Users\tela\.m2\repository\org\springframework\boot\spring-boot-starter-jackson\4.1.1\spring-boot-starter-jackson-4.1.1.jar;C:\Users\tela\.m2\repository\org\springframework\boot\spring-boot-jackson\4.1.1\spring-boot-jackson-4.1.1.jar;C:\Users\tela\.m2\repository\tools\jackson\core\jackson-databind\3.1.5\jackson-databind-3.1.5.jar;C:\Users\tela\.m2\repository\com\fasterxml\jackson\core\jackson-annotations\2.21\jackson-annotations-2.21.jar;C:\Users\tela\.m2\repository\tools\jackson\core\jackson-core\3.1.5\jackson-core-3.1.5.jar;C:\Users\tela\.m2\repository\org\springframework\boot\spring-boot-starter-tomcat\4.1.1\spring-boot-starter-tomcat-4.1.1.jar;C:\Users\tela\.m2\repository\org\springframework\boot\spring-boot-starter-tomcat-runtime\4.1.1\spring-boot-starter-tomcat-runtime-4.1.1.jar;C:\Users\tela\.m2\repository\org\apache\tomcat\embed\tomcat-embed-core\11.0.24\tomcat-embed-core-11.0.24.jar;C:\Users\tela\.m2\repository\org\apache\tomcat\embed\tomcat-embed-el\11.0.24\tomcat-embed-el-11.0.24.jar;C:\Users\tela\.m2\repository\org\apache\tomcat\embed\tomcat-embed-websocket\11.0.24\tomcat-embed-websocket-11.0.24.jar;C:\Users\tela\.m2\repository\org\springframework\boot\spring-boot-tomcat\4.1.1\spring-boot-tomcat-4.1.1.jar;C:\Users\tela\.m2\repository\org\springframework\boot\spring-boot-http-converter\4.1.1\spring-boot-http-converter-4.1.1.jar;C:\Users\tela\.m2\repository\org\springframework\boot\spring-boot-webmvc\4.1.1\spring-boot-webmvc-4.1.1.jar;C:\Users\tela\.m2\repository\org\springframework\boot\spring-boot-servlet\4.1.1\spring-boot-servlet-4.1.1.jar;C:\Users\tela\.m2\repository\org\springframework\spring-webmvc\7.0.9\spring-webmvc-7.0.9.jar;C:\Users\tela\.m2\repository\org\springframework\spring-aop\7.0.9\spring-aop-7.0.9.jar;C:\Users\tela\.m2\repository\org\springframework\spring-expression\7.0.9\spring-expression-7.0.9.jar;C:\Users\tela\.m2\repository\org\springframework\boot\spring-boot-devtools\4.1.1\spring-boot-devtools-4.1.1.jar;C:\Users\tela\.m2\repository\org\springframework\boot\spring-boot\4.1.1\spring-boot-4.1.1.jar;C:\Users\tela\.m2\repository\org\springframework\spring-core\7.0.9\spring-core-7.0.9.jar;C:\Users\tela\.m2\repository\commons-logging\commons-logging\1.3.6\commons-logging-1.3.6.jar;C:\Users\tela\.m2\repository\org\jspecify\jspecify\1.0.1\jspecify-1.0.1.jar;C:\Users\tela\.m2\repository\org\springframework\spring-context\7.0.9\spring-context-7.0.9.jar;C:\Users\tela\.m2\repository\org\springframework\boot\spring-boot-autoconfigure\4.1.1\spring-boot-autoconfigure-4.1.1.jar;C:\Users\tela\.m2\repository\jakarta\xml\bind\jakarta.xml.bind-api\4.0.5\jakarta.xml.bind-api-4.0.5.jar;C:\Users\tela\.m2\repository\jakarta\activation\jakarta.activation-api\2.1.4\jakarta.activation-api-2.1.4.jar;C:\Users\tela\.m2\repository\net\bytebuddy\byte-buddy\1.18.11\byte-buddy-1.18.11.jar;C:\Users\tela\.m2\repository\org\springframework\boot\spring-boot-web-server\4.1.1\spring-boot-web-server-4.1.1.jar;C:\Users\tela\.m2\repository\org\springframework\boot\spring-boot-starter-data-jpa\4.1.1\spring-boot-starter-data-jpa-4.1.1.jar;C:\Users\tela\.m2\repository\org\springframework\boot\spring-boot-starter-jdbc\4.1.1\spring-boot-starter-jdbc-4.1.1.jar;C:\Users\tela\.m2\repository\com\zaxxer\HikariCP\7.0.2\HikariCP-7.0.2.jar;C:\Users\tela\.m2\repository\org\springframework\boot\spring-boot-data-jpa\4.1.1\spring-boot-data-jpa-4.1.1.jar;C:\Users\tela\.m2\repository\org\springframework\boot\spring-boot-data-commons\4.1.1\spring-boot-data-commons-4.1.1.jar;C:\Users\tela\.m2\repository\org\springframework\boot\spring-boot-persistence\4.1.1\spring-boot-persistence-4.1.1.jar;C:\Users\tela\.m2\repository\org\springframework\data\spring-data-commons\4.1.1\spring-data-commons-4.1.1.jar;C:\Users\tela\.m2\repository\org\springframework\boot\spring-boot-hibernate\4.1.1\spring-boot-hibernate-4.1.1.jar;C:\Users\tela\.m2\repository\org\springframework\boot\spring-boot-jpa\4.1.1\spring-boot-jpa-4.1.1.jar;C:\Users\tela\.m2\repository\jakarta\persistence\jakarta.persistence-api\3.2.0\jakarta.persistence-api-3.2.0.jar;C:\Users\tela\.m2\repository\org\hibernate\orm\hibernate-core\7.4.5.Final\hibernate-core-7.4.5.Final.jar;C:\Users\tela\.m2\repository\jakarta\transaction\jakarta.transaction-api\2.0.1\jakarta.transaction-api-2.0.1.jar;C:\Users\tela\.m2\repository\org\jboss\logging\jboss-logging\3.6.3.Final\jboss-logging-3.6.3.Final.jar;C:\Users\tela\.m2\repository\org\hibernate\models\hibernate-models\1.1.1\hibernate-models-1.1.1.jar;C:\Users\tela\.m2\repository\org\glassfish\jaxb\jaxb-runtime\4.0.9\jaxb-runtime-4.0.9.jar;C:\Users\tela\.m2\repository\org\glassfish\jaxb\jaxb-core\4.0.9\jaxb-core-4.0.9.jar;C:\Users\tela\.m2\repository\org\eclipse\angus\angus-activation\2.0.3\angus-activation-2.0.3.jar;C:\Users\tela\.m2\repository\org\glassfish\jaxb\txw2\4.0.9\txw2-4.0.9.jar;C:\Users\tela\.m2\repository\com\sun\istack\istack-commons-runtime\4.1.2\istack-commons-runtime-4.1.2.jar;C:\Users\tela\.m2\repository\jakarta\inject\jakarta.inject-api\2.0.1\jakarta.inject-api-2.0.1.jar;C:\Users\tela\.m2\repository\org\springframework\spring-orm\7.0.9\spring-orm-7.0.9.jar;C:\Users\tela\.m2\repository\org\springframework\data\spring-data-jpa\4.1.1\spring-data-jpa-4.1.1.jar;C:\Users\tela\.m2\repository\org\springframework\spring-tx\7.0.9\spring-tx-7.0.9.jar;C:\Users\tela\.m2\repository\org\antlr\antlr4-runtime\4.13.2\antlr4-runtime-4.13.2.jar;C:\Users\tela\.m2\repository\org\springframework\spring-aspects\7.0.9\spring-aspects-7.0.9.jar;C:\Users\tela\.m2\repository\org\aspectj\aspectjweaver\1.9.25.1\aspectjweaver-1.9.25.1.jar;C:\Users\tela\.m2\repository\org\springframework\boot\spring-boot-jdbc\4.1.1\spring-boot-jdbc-4.1.1.jar;C:\Users\tela\.m2\repository\org\springframework\boot\spring-boot-sql\4.1.1\spring-boot-sql-4.1.1.jar;C:\Users\tela\.m2\repository\org\springframework\boot\spring-boot-transaction\4.1.1\spring-boot-transaction-4.1.1.jar;C:\Users\tela\.m2\repository\org\springframework\spring-jdbc\7.0.9\spring-jdbc-7.0.9.jar;C:\Users\tela\.m2\repository\com\mysql\mysql-connector-j\9.7.0\mysql-connector-j-9.7.0.jar
Launcher Type: SUN_STANDARD

[Global flags]
     intx CICompilerCount                          = 3                                         {product} {ergonomic}
     uint ConcGCThreads                            = 1                                         {product} {ergonomic}
     uint G1ConcRefinementThreads                  = 4                                         {product} {ergonomic}
   size_t G1HeapRegionSize                         = 1048576                                   {product} {ergonomic}
   size_t InitialHeapSize                          = 134217728                                 {product} {ergonomic}
   size_t MarkStackSize                            = 4194304                                   {product} {ergonomic}
   size_t MarkStackSizeMax                         = 536870912                                 {product} {ergonomic}
   size_t MaxHeapSize                              = 2122317824                                {product} {ergonomic}
   size_t MaxNewSize                               = 1272971264                                {product} {ergonomic}
   size_t MinHeapDeltaBytes                        = 1048576                                   {product} {ergonomic}
   size_t MinHeapSize                              = 8388608                                   {product} {ergonomic}
    uintx NonNMethodCodeHeapSize                   = 5898240                                {pd product} {ergonomic}
    uintx NonProfiledCodeHeapSize                  = 122945536                              {pd product} {ergonomic}
    uintx ProfiledCodeHeapSize                     = 122945536                              {pd product} {ergonomic}
    uintx ReservedCodeCacheSize                    = 251789312                              {pd product} {ergonomic}
     bool SegmentedCodeCache                       = true                                      {product} {ergonomic}
     bool ShowCodeDetailsInExceptionMessages       = true                                   {manageable} {command line}
   size_t SoftMaxHeapSize                          = 2122317824                             {manageable} {ergonomic}
     bool UseCompressedOops                        = true                           {product lp64_product} {ergonomic}
     bool UseG1GC                                  = true                                      {product} {ergonomic}
     bool UseLargePagesIndividualAllocation        = false                                  {pd product} {ergonomic}

Logging:
Log output configuration:
 #0: stdout all=warning uptime,level,tags foldmultilines=false
 #1: stderr all=off uptime,level,tags foldmultilines=false

Release file:
IMPLEMENTOR="Azul Systems, Inc." 
IMPLEMENTOR_VERSION="Zulu25.36+15-CA" 
JAVA_RUNTIME_VERSION="25.0.4+7-LTS" 
JAVA_VERSION="25.0.4" 
JAVA_VERSION_DATE="2026-07-21" 
LIBC="default" 
MODULES="java.base java.compiler java.datatransfer java.xml java.prefs java.desktop java.instrument java.logging java.management java.security.sasl java.naming java.rmi java.management.rmi java.net.http java.scripting java.security.jgss java.transaction.xa java.sql java.sql.rowset java.xml.crypto java.se java.smartcardio jdk.accessibility jdk.internal.jvmstat jdk.attach jdk.charsets jdk.internal.opt jdk.zipfs jdk.compiler jdk.crypto.cryptoki jdk.crypto.ec jdk.crypto.mscapi jdk.dynalink jdk.internal.ed jdk.editpad jdk.internal.vm.ci jdk.graal.compiler jdk.graal.compiler.management jdk.hotspot.agent jdk.httpserver jdk.incubator.vector jdk.internal.le jdk.internal.md jdk.jartool jdk.javadoc jdk.jcmd jdk.management jdk.management.agent jdk.jconsole jdk.jdeps jdk.jdwp.agent jdk.jdi jdk.jfr jdk.jlink jdk.jpackage jdk.jshell jdk.jsobject jdk.jstatd jdk.localedata jdk.management.jfr jdk.naming.dns jdk.naming.rmi jdk.net jdk.nio.mapmode jdk.sctp jdk.security.auth jdk.security.jgss jdk.unsupported jdk.unsupported.desktop jdk.xml.dom" 
OS_ARCH="x86_64" 
OS_NAME="Windows" 
SOURCE=".:git:9f5a367f7629" 

Environment Variables:
JAVA_HOME=C:\Users\tela\Java\zulu25.36.15-ca-jdk25.0.4-win_x64
PATH=C:/Users/tela/Downloads/eclipse//plugins/org.eclipse.justj.openjdk.hotspot.jre.full.win32.x86_64_21.0.11.v20260515-1531/jre/bin/server;C:/Users/tela/Downloads/eclipse//plugins/org.eclipse.justj.openjdk.hotspot.jre.full.win32.x86_64_21.0.11.v20260515-1531/jre/bin;C:\Users\tela\Java\zulu25.36.15-ca-jdk25.0.4-win_x64\bin;C:\Program Files (x86)\Common Files\Oracle\Java\java8path;C:\Program Files (x86)\Common Files\Oracle\Java\javapath;C:\Windows\system32;C:\Windows;C:\Windows\System32\Wbem;C:\Windows\System32\WindowsPowerShell\v1.0\;C:\Windows\System32\OpenSSH\;C:\Program Files\dotnet\;C:\workspaces\pi\Git\cmd;C:\Program Files\MySQL\MySQL Shell 8.0\bin\;C:\Users\tela\AppData\Local\Microsoft\WindowsApps;C:\Users\tela\AppData\Local\Programs\Microsoft VS Code\bin;C:\Users\tela\Downloads\eclipse;
USERNAME=JCanela
OS=Windows_NT
PROCESSOR_IDENTIFIER=Intel64 Family 6 Model 142 Stepping 10, GenuineIntel
TMP=C:\Users\tela\AppData\Local\Temp
TEMP=C:\Users\tela\AppData\Local\Temp




Compilation memory statistics disabled.

Periodic native trim disabled

---------------  S Y S T E M  ---------------

OS:
 Windows 10 , 64 bit Build 19041 (10.0.19041.7663)
OS uptime: 0 days 2:16 hours

CPU: total 4 (initial active 4) (2 cores per cpu, 2 threads per core) family 6 model 142 stepping 10 microcode 0xf4, cx8, cmov, fxsr, ht, mmx, 3dnowpref, sse, sse2, sse3, ssse3, sse4.1, sse4.2, popcnt, lzcnt, tsc, tscinvbit, avx, avx2, aes, erms, clmul, bmi1, bmi2, adx, fma, vzeroupper, clflush, clflushopt, rdtscp, f16c
Processor Information for the first 4 processors :
  Max Mhz: 2208, Current Mhz: 2208, Mhz Limit: 2208

Memory: 4k page, system-wide physical 8088M (688M free)
TotalPageFile size 8088M (AvailPageFile size 16M)
current process WorkingSet (physical memory assigned to process): 108M, peak: 276M
current process commit charge ("private bytes"): 278M, peak: 310M

vm_info: OpenJDK 64-Bit Server VM (25.0.4+7-LTS) for windows-amd64 JRE (25.0.4+7-LTS) (Zulu25.36+15-CA), built on 2026-07-03T22:32:29Z with MS VC++ 17.1 (VS2022)

END.
