#
# There is insufficient memory for the Java Runtime Environment to continue.
# Native memory allocation (mmap) failed to map 134217728 bytes. Error detail: G1 virtual space
# Possible reasons:
#   The system is out of physical RAM or swap space
#   This process is running with CompressedOops enabled, and the Java Heap may be blocking the growth of the native heap
# Possible solutions:
#   Reduce memory load on the system
#   Increase physical memory or swap space
#   Check if swap backing store is full
#   Decrease Java heap size (-Xmx/-Xms)
#   Decrease number of Java threads
#   Decrease Java thread stack sizes (-Xss)
#   Set larger code cache with -XX:ReservedCodeCacheSize=
#   JVM is running with Unscaled Compressed Oops mode in which the Java heap is
#     placed in the first 4GB address space. The Java Heap base address is the
#     maximum limit for the native heap growth. Please use -XX:HeapBaseMinAddress
#     to set the Java Heap base and to place the Java Heap above 4GB virtual address.
# This output file may be truncated or incomplete.
#
#  Out of Memory Error (os_windows.cpp:3573), pid=12728, tid=12740
#
# JRE version:  (25.0.4+7) (build )
# Java VM: OpenJDK 64-Bit Server VM (25.0.4+7-LTS, mixed mode, sharing, tiered, compressed oops, compressed class ptrs, g1 gc, windows-amd64)
# No core dump will be written. Minidumps are not enabled by default on client versions of Windows
#

---------------  S U M M A R Y ------------

Command Line: -Dfile.encoding=UTF-8 -Dstdout.encoding=UTF-8 -Dstderr.encoding=UTF-8 -XX:+ShowCodeDetailsInExceptionMessages ifrn.pi.eventos.EventosApplication

Host: Intel(R) Core(TM) i3-8130U CPU @ 2.20GHz, 4 cores, 7G,  Windows 10 , 64 bit Build 19041 (10.0.19041.7663)
Time: Mon Aug 31 19:52:57 2026 Hora oficial do Brasil elapsed time: 0.169061 seconds (0d 0h 0m 0s)

---------------  T H R E A D  ---------------

Current thread (0x0000025936ed4df0):  JavaThread "Unknown thread" [_thread_in_vm, id=12740, stack(0x000000eec2f00000,0x000000eec3000000) (1024K)]

Stack: [0x000000eec2f00000,0x000000eec3000000]
Native frames: (J=compiled Java code, j=interpreted, Vv=VM code, C=native code)
V  [jvm.dll+0x7b8c49]  (no source info available)
V  [jvm.dll+0x7827ed]  (no source info available)
V  [jvm.dll+0xa06d9d]  (no source info available)
V  [jvm.dll+0xa09214]  (no source info available)
V  [jvm.dll+0xa09913]  (no source info available)
V  [jvm.dll+0x30a356]  (no source info available)
V  [jvm.dll+0x7b4d35]  (no source info available)
V  [jvm.dll+0x7a7dd7]  (no source info available)
V  [jvm.dll+0x40155a]  (no source info available)
V  [jvm.dll+0x4094f6]  (no source info available)
V  [jvm.dll+0x3f5b5e]  (no source info available)
V  [jvm.dll+0x3f5e18]  (no source info available)
V  [jvm.dll+0x3cc752]  (no source info available)
V  [jvm.dll+0x3cd3de]  (no source info available)
V  [jvm.dll+0x9cd68f]  (no source info available)
V  [jvm.dll+0x4671b2]  (no source info available)
V  [jvm.dll+0x9b1512]  (no source info available)
V  [jvm.dll+0x509b6e]  (no source info available)
V  [jvm.dll+0x50b4d1]  (no source info available)
C  [jli.dll+0x5489]  (no source info available)
C  [ucrtbase.dll+0x21bb2]  (no source info available)
C  [KERNEL32.DLL+0x17374]  (no source info available)
C  [ntdll.dll+0x4cc91]  (no source info available)

Lock stack of current Java thread (top to bottom):


---------------  P R O C E S S  ---------------

Threads class SMR info:
_java_thread_list=0x00007ff9b493ffc8, length=0, elements={
}

Java Threads: ( => current thread )
Total: 0

Other Threads:
  0x0000025936f37860 WorkerThread "GC Thread#0"                     [id=9672, stack(0x000000eec3000000,0x000000eec3100000) (1024K)]
  0x0000025936f504b0 ConcurrentGCThread "G1 Main Marker"            [id=12320, stack(0x000000eec3100000,0x000000eec3200000) (1024K)]
  0x0000025936f51970 WorkerThread "G1 Conc#0"                       [id=4848, stack(0x000000eec3200000,0x000000eec3300000) (1024K)]

[error occurred during error reporting (printing all threads), id 0xc0000005, EXCEPTION_ACCESS_VIOLATION (0xc0000005) at pc=0x00007ff9b3f61a3a]
VM state: not at safepoint (not fully initialized)

VM Mutex/Monitor currently owned by a thread:  ([mutex/lock_event])
[0x00007ff9b49c8850] Heap_lock - owner thread: 0x0000025936ed4df0

Heap address: 0x0000000081800000, size: 2024 MB, Compressed Oops mode: 32-bit

CDS archive(s) mapped at: [0x0000000000000000-0x0000000000000000-0x0000000000000000), size 0, SharedBaseAddress: 0x0000000800000000, ArchiveRelocationMode: 1.
UseCompressedClassPointers 1, UseCompactObjectHeaders 0
Narrow klass pointer bits 32, Max shift 3
Narrow klass base: 0xffffffffffffffff, Narrow klass shift: -1
Encoding Range: [0xffffffffffffffff - 0x000000007fffffff), (2147483648 bytes)
Klass Range:    [0x0000000000000000 - 0x0000000000000000), (0 bytes)
Klass ID Range:  [4294967295 - 0) (1)
No protection zone.

GC Precious Log:
 CardTable entry size: 512
 Card Set container configuration: InlinePtr #cards 5 size 8 Array Of Cards #cards 10 size 36 Howl #buckets 4 coarsen threshold 1843 Howl Bitmap #cards 512 size 80 coarsen threshold 460 Card regions per heap region 1 cards per card region 2048

Heap:
 garbage-first heap   total reserved 2072576K, committed 0K, used 0K [0x0000000081800000, 0x0000000100000000)
  region size 1024K, 0 young (0K), 0 survivors (0K)

Heap Regions: E=young(eden), S=young(survivor), O=old, HS=humongous(starts), HC=humongous(continues), CS=collection set, F=free, TAMS=top-at-mark-start, PB=parsable bottom

Card table byte_map: [0x000002594ee10000,0x000002594f210000] _byte_map_base: 0x000002594ea04000

Marking Bits: (CMBitMap*) 0x0000025936f37ff0
 Bits: [0x000002594f210000, 0x00000259511b0000)

GC Heap Usage History (0 events):
No events

Metaspace Usage History (0 events):
No events

Dll operation events (2 events):
Event: 0.069 Attempting to load shared library C:\Users\tela\Java\zulu25.36.15-ca-jdk25.0.4-win_x64\bin\java.dll
Event: 0.135 Loaded shared library C:\Users\tela\Java\zulu25.36.15-ca-jdk25.0.4-win_x64\bin\java.dll

Deoptimization events (0 events):
No events

Classes loaded (0 events):
No events

Classes unloaded (0 events):
No events

Classes redefined (0 events):
No events

Internal exceptions (0 events):
No events

VM Operations (0 events):
No events

Memory protections (0 events):
No events

Nmethod flushes (0 events):
No events

Events (0 events):
No events


Dynamic libraries:
0x00007ff60a9d0000 - 0x00007ff60a9de000 	C:\Users\tela\Java\zulu25.36.15-ca-jdk25.0.4-win_x64\bin\javaw.exe
0x00007ffa5df50000 - 0x00007ffa5e149000 	C:\Windows\SYSTEM32\ntdll.dll
0x00007ffa5d620000 - 0x00007ffa5d6e2000 	C:\Windows\System32\KERNEL32.DLL
0x00007ffa5bb20000 - 0x00007ffa5be17000 	C:\Windows\System32\KERNELBASE.dll
0x00007ffa5be50000 - 0x00007ffa5bf50000 	C:\Windows\System32\ucrtbase.dll
0x00007ffa4a2d0000 - 0x00007ffa4a2ee000 	C:\Users\tela\Java\zulu25.36.15-ca-jdk25.0.4-win_x64\bin\VCRUNTIME140.dll
0x00007ffa4a2b0000 - 0x00007ffa4a2c7000 	C:\Users\tela\Java\zulu25.36.15-ca-jdk25.0.4-win_x64\bin\jli.dll
0x00007ffa5d3b0000 - 0x00007ffa5d54d000 	C:\Windows\System32\USER32.dll
0x00007ffa5ba60000 - 0x00007ffa5ba82000 	C:\Windows\System32\win32u.dll
0x00007ffa5cf10000 - 0x00007ffa5cf3b000 	C:\Windows\System32\GDI32.dll
0x00007ffa5b770000 - 0x00007ffa5b88a000 	C:\Windows\System32\gdi32full.dll
0x00007ffa5b910000 - 0x00007ffa5b9ad000 	C:\Windows\System32\msvcp_win.dll
0x00007ffa4b930000 - 0x00007ffa4bbcb000 	C:\Windows\WinSxS\amd64_microsoft.windows.common-controls_6595b64144ccf1df_6.0.19041.7663_none_60b9ed0b71f50c93\COMCTL32.dll
0x00007ffa5d6f0000 - 0x00007ffa5d78e000 	C:\Windows\System32\msvcrt.dll
0x00007ffa5d560000 - 0x00007ffa5d58f000 	C:\Windows\System32\IMM32.DLL
0x00007ffa53ac0000 - 0x00007ffa53acc000 	C:\Users\tela\Java\zulu25.36.15-ca-jdk25.0.4-win_x64\bin\vcruntime140_1.dll
0x00007ffa24750000 - 0x00007ffa247dd000 	C:\Users\tela\Java\zulu25.36.15-ca-jdk25.0.4-win_x64\bin\msvcp140.dll
0x00007ff9b3b80000 - 0x00007ff9b4ab9000 	C:\Users\tela\Java\zulu25.36.15-ca-jdk25.0.4-win_x64\bin\server\jvm.dll
0x00007ffa5d970000 - 0x00007ffa5da22000 	C:\Windows\System32\ADVAPI32.dll
0x00007ffa5de70000 - 0x00007ffa5df10000 	C:\Windows\System32\sechost.dll
0x00007ffa5c160000 - 0x00007ffa5c286000 	C:\Windows\System32\RPCRT4.dll
0x00007ffa5be20000 - 0x00007ffa5be47000 	C:\Windows\System32\bcrypt.dll
0x00007ffa5cc80000 - 0x00007ffa5cceb000 	C:\Windows\System32\WS2_32.dll
0x00007ffa5b360000 - 0x00007ffa5b3ab000 	C:\Windows\SYSTEM32\POWRPROF.dll
0x00007ffa468a0000 - 0x00007ffa468c7000 	C:\Windows\SYSTEM32\WINMM.dll
0x00007ffa56590000 - 0x00007ffa5659a000 	C:\Windows\SYSTEM32\VERSION.dll
0x00007ffa5b340000 - 0x00007ffa5b352000 	C:\Windows\SYSTEM32\UMPDC.dll
0x00007ffa59420000 - 0x00007ffa59432000 	C:\Windows\SYSTEM32\kernel.appcore.dll
0x00007ffa54490000 - 0x00007ffa5449a000 	C:\Users\tela\Java\zulu25.36.15-ca-jdk25.0.4-win_x64\bin\jimage.dll
0x00007ffa47970000 - 0x00007ffa47b71000 	C:\Windows\SYSTEM32\DBGHELP.DLL
0x00007ffa21440000 - 0x00007ffa21474000 	C:\Windows\SYSTEM32\dbgcore.DLL
0x00007ffa5ba90000 - 0x00007ffa5bb12000 	C:\Windows\System32\bcryptPrimitives.dll
0x00007ffa4a1a0000 - 0x00007ffa4a1be000 	C:\Users\tela\Java\zulu25.36.15-ca-jdk25.0.4-win_x64\bin\java.dll
0x00007ffa5bf50000 - 0x00007ffa5c07b000 	C:\Windows\System32\ole32.dll
0x00007ffa5db10000 - 0x00007ffa5de63000 	C:\Windows\System32\combase.dll
0x00007ffa5c400000 - 0x00007ffa5cb71000 	C:\Windows\System32\SHELL32.dll

JVMTI agents: none

dbghelp: loaded successfully - version: 4.0.5 - missing functions: none
symbol engine: initialized successfully - sym options: 0x614 - pdb path: .;C:\Users\tela\Java\zulu25.36.15-ca-jdk25.0.4-win_x64\bin;C:\Windows\SYSTEM32;C:\Windows\WinSxS\amd64_microsoft.windows.common-controls_6595b64144ccf1df_6.0.19041.7663_none_60b9ed0b71f50c93;C:\Users\tela\Java\zulu25.36.15-ca-jdk25.0.4-win_x64\bin\server

VM Arguments:
jvm_args: -Dfile.encoding=UTF-8 -Dstdout.encoding=UTF-8 -Dstderr.encoding=UTF-8 -XX:+ShowCodeDetailsInExceptionMessages 
java_command: ifrn.pi.eventos.EventosApplication
java_class_path (initial): C:\Users\tela\workspace\pi\eventos\target\classes;C:\Users\tela\.m2\repository\org\springframework\boot\spring-boot-starter-thymeleaf\4.1.1\spring-boot-starter-thymeleaf-4.1.1.jar;C:\Users\tela\.m2\repository\org\springframework\boot\spring-boot-starter\4.1.1\spring-boot-starter-4.1.1.jar;C:\Users\tela\.m2\repository\org\springframework\boot\spring-boot-starter-logging\4.1.1\spring-boot-starter-logging-4.1.1.jar;C:\Users\tela\.m2\repository\ch\qos\logback\logback-classic\1.5.38\logback-classic-1.5.38.jar;C:\Users\tela\.m2\repository\ch\qos\logback\logback-core\1.5.38\logback-core-1.5.38.jar;C:\Users\tela\.m2\repository\org\apache\logging\log4j\log4j-to-slf4j\2.25.5\log4j-to-slf4j-2.25.5.jar;C:\Users\tela\.m2\repository\org\apache\logging\log4j\log4j-api\2.25.5\log4j-api-2.25.5.jar;C:\Users\tela\.m2\repository\org\slf4j\jul-to-slf4j\2.0.18\jul-to-slf4j-2.0.18.jar;C:\Users\tela\.m2\repository\jakarta\annotation\jakarta.annotation-api\3.0.0\jakarta.annotation-api-3.0.0.jar;C:\Users\tela\.m2\repository\org\yaml\snakeyaml\2.6\snakeyaml-2.6.jar;C:\Users\tela\.m2\repository\org\springframework\boot\spring-boot-thymeleaf\4.1.1\spring-boot-thymeleaf-4.1.1.jar;C:\Users\tela\.m2\repository\org\thymeleaf\thymeleaf-spring6\3.1.5.RELEASE\thymeleaf-spring6-3.1.5.RELEASE.jar;C:\Users\tela\.m2\repository\org\thymeleaf\thymeleaf\3.1.5.RELEASE\thymeleaf-3.1.5.RELEASE.jar;C:\Users\tela\.m2\repository\org\attoparser\attoparser\2.0.7.RELEASE\attoparser-2.0.7.RELEASE.jar;C:\Users\tela\.m2\repository\org\unbescape\unbescape\1.1.6.RELEASE\unbescape-1.1.6.RELEASE.jar;C:\Users\tela\.m2\repository\org\slf4j\slf4j-api\2.0.18\slf4j-api-2.0.18.jar;C:\Users\tela\.m2\repository\org\springframework\spring-web\7.0.9\spring-web-7.0.9.jar;C:\Users\tela\.m2\repository\org\springframework\spring-beans\7.0.9\spring-beans-7.0.9.jar;C:\Users\tela\.m2\repository\io\micrometer\micrometer-observation\1.17.1\micrometer-observation-1.17.1.jar;C:\Users\tela\.m2\repository\io\micrometer\micrometer-commons\1.17.1\micrometer-commons-1.17.1.jar;C:\Users\tela\.m2\repository\org\springframework\boot\spring-boot-starter-webmvc\4.1.1\spring-boot-starter-webmvc-4.1.1.jar;C:\Users\tela\.m2\repository\org\springframework\boot\spring-boot-starter-jackson\4.1.1\spring-boot-starter-jackson-4.1.1.jar;C:\Users\tela\.m2\repository\org\springframework\boot\spring-boot-jackson\4.1.1\spring-boot-jackson-4.1.1.jar;C:\Users\tela\.m2\repository\tools\jackson\core\jackson-databind\3.1.5\jackson-databind-3.1.5.jar;C:\Users\tela\.m2\repository\com\fasterxml\jackson\core\jackson-annotations\2.21\jackson-annotations-2.21.jar;C:\Users\tela\.m2\repository\tools\jackson\core\jackson-core\3.1.5\jackson-core-3.1.5.jar;C:\Users\tela\.m2\repository\org\springframework\boot\spring-boot-starter-tomcat\4.1.1\spring-boot-starter-tomcat-4.1.1.jar;C:\Users\tela\.m2\repository\org\springframework\boot\spring-boot-starter-tomcat-runtime\4.1.1\spring-boot-starter-tomcat-runtime-4.1.1.jar;C:\Users\tela\.m2\repository\org\apache\tomcat\embed\tomcat-embed-core\11.0.24\tomcat-embed-core-11.0.24.jar;C:\Users\tela\.m2\repository\org\apache\tomcat\embed\tomcat-embed-el\11.0.24\tomcat-embed-el-11.0.24.jar;C:\Users\tela\.m2\repository\org\apache\tomcat\embed\tomcat-embed-websocket\11.0.24\tomcat-embed-websocket-11.0.24.jar;C:\Users\tela\.m2\repository\org\springframework\boot\spring-boot-tomcat\4.1.1\spring-boot-tomcat-4.1.1.jar;C:\Users\tela\.m2\repository\org\springframework\boot\spring-boot-http-converter\4.1.1\spring-boot-http-converter-4.1.1.jar;C:\Users\tela\.m2\repository\org\springframework\boot\spring-boot-webmvc\4.1.1\spring-boot-webmvc-4.1.1.jar;C:\Users\tela\.m2\repository\org\springframework\boot\spring-boot-servlet\4.1.1\spring-boot-servlet-4.1.1.jar;C:\Users\tela\.m2\repository\org\springframework\spring-webmvc\7.0.9\spring-webmvc-7.0.9.jar;C:\Users\tela\.m2\repository\org\springframework\spring-aop\7.0.9\spring-aop-7.0.9.jar;C:\Users\tela\.m2\repository\org\springframework\spring-expression\7.0.9\spring-expression-7.0.9.jar;C:\Users\tela\.m2\repository\org\springframework\boot\spring-boot-devtools\4.1.1\spring-boot-devtools-4.1.1.jar;C:\Users\tela\.m2\repository\org\springframework\boot\spring-boot\4.1.1\spring-boot-4.1.1.jar;C:\Users\tela\.m2\repository\org\springframework\spring-core\7.0.9\spring-core-7.0.9.jar;C:\Users\tela\.m2\repository\commons-logging\commons-logging\1.3.6\commons-logging-1.3.6.jar;C:\Users\tela\.m2\repository\org\jspecify\jspecify\1.0.1\jspecify-1.0.1.jar;C:\Users\tela\.m2\repository\org\springframework\spring-context\7.0.9\spring-context-7.0.9.jar;C:\Users\tela\.m2\repository\org\springframework\boot\spring-boot-autoconfigure\4.1.1\spring-boot-autoconfigure-4.1.1.jar;C:\Users\tela\.m2\repository\org\springframework\boot\spring-boot-web-server\4.1.1\spring-boot-web-server-4.1.1.jar
Launcher Type: SUN_STANDARD

[Global flags]
     intx CICompilerCount                          = 3                                         {product} {ergonomic}
     uint ConcGCThreads                            = 1                                         {product} {ergonomic}
     uint G1ConcRefinementThreads                  = 4                                         {product} {ergonomic}
   size_t G1HeapRegionSize                         = 1048576                                   {product} {ergonomic}
   size_t InitialHeapSize                          = 134217728                                 {product} {ergonomic}
   size_t MarkStackSize                            = 4194304                                   {product} {ergonomic}
   size_t MarkStackSizeMax                         = 536870912                                 {product} {ergonomic}
   size_t MaxHeapSize                              = 2122317824                                {product} {ergonomic}
   size_t MinHeapDeltaBytes                        = 1048576                                   {product} {ergonomic}
   size_t MinHeapSize                              = 8388608                                   {product} {ergonomic}
    uintx NonNMethodCodeHeapSize                   = 5898240                                {pd product} {ergonomic}
    uintx NonProfiledCodeHeapSize                  = 122945536                              {pd product} {ergonomic}
    uintx ProfiledCodeHeapSize                     = 122945536                              {pd product} {ergonomic}
    uintx ReservedCodeCacheSize                    = 251789312                              {pd product} {ergonomic}
     bool SegmentedCodeCache                       = true                                      {product} {ergonomic}
     bool ShowCodeDetailsInExceptionMessages       = true                                   {manageable} {command line}
   size_t SoftMaxHeapSize                          = 2122317824                             {manageable} {ergonomic}
     bool UseCompressedOops                        = true                           {product lp64_product} {ergonomic}
     bool UseG1GC                                  = true                                      {product} {ergonomic}
     bool UseLargePagesIndividualAllocation        = false                                  {pd product} {ergonomic}

Logging:
Log output configuration:
 #0: stdout all=warning uptime,level,tags foldmultilines=false
 #1: stderr all=off uptime,level,tags foldmultilines=false

Release file:
<release file has not been read>
Environment Variables:
JAVA_HOME=C:\Users\tela\Java\zulu25.36.15-ca-jdk25.0.4-win_x64
PATH=C:/Users/tela/Downloads/eclipse//plugins/org.eclipse.justj.openjdk.hotspot.jre.full.win32.x86_64_21.0.11.v20260515-1531/jre/bin/server;C:/Users/tela/Downloads/eclipse//plugins/org.eclipse.justj.openjdk.hotspot.jre.full.win32.x86_64_21.0.11.v20260515-1531/jre/bin;C:\Users\tela\Java\zulu25.36.15-ca-jdk25.0.4-win_x64\bin;C:\Program Files (x86)\Common Files\Oracle\Java\java8path;C:\Program Files (x86)\Common Files\Oracle\Java\javapath;C:\Windows\system32;C:\Windows;C:\Windows\System32\Wbem;C:\Windows\System32\WindowsPowerShell\v1.0\;C:\Windows\System32\OpenSSH\;C:\Program Files\dotnet\;C:\workspaces\pi\Git\cmd;C:\Program Files\MySQL\MySQL Shell 8.0\bin\;C:\Users\tela\AppData\Local\Microsoft\WindowsApps;C:\Users\tela\AppData\Local\Programs\Microsoft VS Code\bin;C:\Users\tela\Downloads\eclipse;
USERNAME=JCanela
OS=Windows_NT
PROCESSOR_IDENTIFIER=Intel64 Family 6 Model 142 Stepping 10, GenuineIntel
TMP=C:\Users\tela\AppData\Local\Temp
TEMP=C:\Users\tela\AppData\Local\Temp




Compilation memory statistics disabled.

Periodic native trim disabled

---------------  S Y S T E M  ---------------

OS:
 Windows 10 , 64 bit Build 19041 (10.0.19041.7663)
OS uptime: 0 days 0:48 hours

CPU: total 4 (initial active 4) (2 cores per cpu, 2 threads per core) family 6 model 142 stepping 10 microcode 0xf4, cx8, cmov, fxsr, ht, mmx, 3dnowpref, sse, sse2, sse3, ssse3, sse4.1, sse4.2, popcnt, lzcnt, tsc, tscinvbit, avx, avx2, aes, erms, clmul, bmi1, bmi2, adx, fma, vzeroupper, clflush, clflushopt, rdtscp, f16c
Processor Information for the first 4 processors :
  Max Mhz: 2208, Current Mhz: 2208, Mhz Limit: 2208

Memory: 4k page, system-wide physical 8088M (493M free)
TotalPageFile size 8088M (AvailPageFile size 22M)
current process WorkingSet (physical memory assigned to process): 11M, peak: 11M
current process commit charge ("private bytes"): 52M, peak: 180M

vm_info: OpenJDK 64-Bit Server VM (25.0.4+7-LTS) for windows-amd64 JRE (25.0.4+7-LTS) (Zulu25.36+15-CA), built on 2026-07-03T22:32:29Z with MS VC++ 17.1 (VS2022)

END.
