#
# There is insufficient memory for the Java Runtime Environment to continue.
# Native memory allocation (malloc) failed to allocate 13725528 bytes. Error detail: Chunk::new
# Possible reasons:
#   The system is out of physical RAM or swap space
#   This process is running with CompressedOops enabled, and the Java Heap may be blocking the growth of the native heap
# Possible solutions:
#   Reduce memory load on the system
#   Increase physical memory or swap space
#   Check if swap backing store is full
#   Decrease Java heap size (-Xmx/-Xms)
#   Decrease number of Java threads
#   Decrease Java thread stack sizes (-Xss)
#   Set larger code cache with -XX:ReservedCodeCacheSize=
#   JVM is running with Unscaled Compressed Oops mode in which the Java heap is
#     placed in the first 4GB address space. The Java Heap base address is the
#     maximum limit for the native heap growth. Please use -XX:HeapBaseMinAddress
#     to set the Java Heap base and to place the Java Heap above 4GB virtual address.
# This output file may be truncated or incomplete.
#
#  Out of Memory Error (arena.cpp:186), pid=6916, tid=9160
#
# JRE version: OpenJDK Runtime Environment Zulu25.36+15-CA (25.0.4+7) (build 25.0.4+7-LTS)
# Java VM: OpenJDK 64-Bit Server VM Zulu25.36+15-CA (25.0.4+7-LTS, mixed mode, sharing, tiered, compressed oops, compressed class ptrs, g1 gc, windows-amd64)
# No core dump will be written. Minidumps are not enabled by default on client versions of Windows
#

---------------  S U M M A R Y ------------

Command Line: -Dfile.encoding=UTF-8 -Dstdout.encoding=UTF-8 -Dstderr.encoding=UTF-8 -XX:+ShowCodeDetailsInExceptionMessages ifrn.pi.eventos.EventosApplication

Host: Intel(R) Core(TM) i3-8130U CPU @ 2.20GHz, 4 cores, 7G,  Windows 10 , 64 bit Build 19041 (10.0.19041.7663)
Time: Wed Sep 30 23:31:12 2026 Hora oficial do Brasil elapsed time: 8.322028 seconds (0d 0h 0m 8s)

---------------  T H R E A D  ---------------

Current thread (0x0000016e4c699c10):  JavaThread "C2 CompilerThread1" daemon [_thread_in_native, id=9160, stack(0x0000001c7b500000,0x0000001c7b600000) (1024K)]


Current CompileTask:
C2:8322 6423       4       org.springframework.core.ResolvableType::hasGenerics (14 bytes)

Stack: [0x0000001c7b500000,0x0000001c7b600000]
Native frames: (J=compiled Java code, j=interpreted, Vv=VM code, C=native code)
V  [jvm.dll+0x7b8c49]  (no source info available)
V  [jvm.dll+0x7827ed]  (no source info available)
V  [jvm.dll+0xa06d9d]  (no source info available)
V  [jvm.dll+0xa09214]  (no source info available)
V  [jvm.dll+0xa09913]  (no source info available)
V  [jvm.dll+0x30a356]  (no source info available)
V  [jvm.dll+0x1126a6]  (no source info available)
V  [jvm.dll+0x1129d1]  (no source info available)
V  [jvm.dll+0x1aa43b]  (no source info available)
V  [jvm.dll+0x3c1b62]  (no source info available)
V  [jvm.dll+0x7be4b4]  (no source info available)
V  [jvm.dll+0x2cdc46]  (no source info available)
V  [jvm.dll+0x2cccc1]  (no source info available)
V  [jvm.dll+0x242f2a]  (no source info available)
V  [jvm.dll+0x2dc531]  (no source info available)
V  [jvm.dll+0x2da77a]  (no source info available)
V  [jvm.dll+0x49da6e]  (no source info available)
V  [jvm.dll+0x9a7b38]  (no source info available)
V  [jvm.dll+0x7b7185]  (no source info available)
C  [ucrtbase.dll+0x21bb2]  (no source info available)
C  [KERNEL32.DLL+0x17374]  (no source info available)
C  [ntdll.dll+0x4cc91]  (no source info available)

Lock stack of current Java thread (top to bottom):


---------------  P R O C E S S  ---------------

Threads class SMR info:
_java_thread_list=0x0000016e4a8744d0, length=13, elements={
0x0000016e27e7af70, 0x0000016e445c3890, 0x0000016e445c5010, 0x0000016e445c80f0,
0x0000016e445c8cb0, 0x0000016e445cb020, 0x0000016e445cc380, 0x0000016e445d0ed0,
0x0000016e44609260, 0x0000016e446a7650, 0x0000016e446b4570, 0x0000016e49b91550,
0x0000016e4c699c10
}

Java Threads: ( => current thread )
  0x0000016e27e7af70 JavaThread "main"                              [_thread_blocked, id=2072, stack(0x0000001c7a300000,0x0000001c7a400000) (1024K)]
  0x0000016e445c3890 JavaThread "Reference Handler"          daemon [_thread_blocked, id=12804, stack(0x0000001c7ab00000,0x0000001c7ac00000) (1024K)]
  0x0000016e445c5010 JavaThread "Finalizer"                  daemon [_thread_blocked, id=5740, stack(0x0000001c7ac00000,0x0000001c7ad00000) (1024K)]
  0x0000016e445c80f0 JavaThread "Signal Dispatcher"          daemon [_thread_blocked, id=11896, stack(0x0000001c7ad00000,0x0000001c7ae00000) (1024K)]
  0x0000016e445c8cb0 JavaThread "Attach Listener"            daemon [_thread_blocked, id=11412, stack(0x0000001c7ae00000,0x0000001c7af00000) (1024K)]
  0x0000016e445cb020 JavaThread "Service Thread"             daemon [_thread_blocked, id=12548, stack(0x0000001c7af00000,0x0000001c7b000000) (1024K)]
  0x0000016e445cc380 JavaThread "Monitor Deflation Thread"   daemon [_thread_blocked, id=13572, stack(0x0000001c7b000000,0x0000001c7b100000) (1024K)]
  0x0000016e445d0ed0 JavaThread "C2 CompilerThread0"         daemon [_thread_in_native, id=12140, stack(0x0000001c7b100000,0x0000001c7b200000) (1024K)]
  0x0000016e44609260 JavaThread "C1 CompilerThread0"         daemon [_thread_blocked, id=4360, stack(0x0000001c7b200000,0x0000001c7b300000) (1024K)]
  0x0000016e446a7650 JavaThread "Notification Thread"        daemon [_thread_blocked, id=3892, stack(0x0000001c7b300000,0x0000001c7b400000) (1024K)]
  0x0000016e446b4570 JavaThread "Common-Cleaner"             daemon [_thread_blocked, id=2608, stack(0x0000001c7b400000,0x0000001c7b500000) (1024K)]
  0x0000016e49b91550 JavaThread "mysql-cj-abandoned-connection-cleanup" daemon [_thread_blocked, id=1440, stack(0x0000001c7be00000,0x0000001c7bf00000) (1024K)]
=>0x0000016e4c699c10 JavaThread "C2 CompilerThread1"         daemon [_thread_in_native, id=9160, stack(0x0000001c7b500000,0x0000001c7b600000) (1024K)]
Total: 13

Other Threads:
  0x0000016e27f31780 VMThread "VM Thread"                           [id=13208, stack(0x0000001c7aa00000,0x0000001c7ab00000) (1024K)]
  0x0000016e445a2380 WatcherThread "VM Periodic Task Thread"        [id=4760, stack(0x0000001c7a900000,0x0000001c7aa00000) (1024K)]
  0x0000016e27edb8c0 WorkerThread "GC Thread#0"                     [id=8648, stack(0x0000001c7a400000,0x0000001c7a500000) (1024K)]
  0x0000016e49c7a050 WorkerThread "GC Thread#1"                     [id=2700, stack(0x0000001c7b800000,0x0000001c7b900000) (1024K)]
  0x0000016e49c7be80 WorkerThread "GC Thread#2"                     [id=9172, stack(0x0000001c7b900000,0x0000001c7ba00000) (1024K)]
  0x0000016e49c7a4a0 WorkerThread "GC Thread#3"                     [id=5480, stack(0x0000001c7ba00000,0x0000001c7bb00000) (1024K)]
  0x0000016e27ef4510 ConcurrentGCThread "G1 Main Marker"            [id=11752, stack(0x0000001c7a500000,0x0000001c7a600000) (1024K)]
  0x0000016e27ef8250 WorkerThread "G1 Conc#0"                       [id=6608, stack(0x0000001c7a600000,0x0000001c7a700000) (1024K)]
  0x0000016e27f29860 ConcurrentGCThread "G1 Refine#0"               [id=11268, stack(0x0000001c7a700000,0x0000001c7a800000) (1024K)]
  0x0000016e27f2ad90 ConcurrentGCThread "G1 Service"                [id=11472, stack(0x0000001c7a800000,0x0000001c7a900000) (1024K)]
Total: 10

Threads with active compile tasks:
C2 CompilerThread0  8483 6459       4       org.springframework.transaction.interceptor.AbstractFallbackTransactionAttributeSource::getTransactionAttribute (176 bytes)
C2 CompilerThread1  8483 6423       4       org.springframework.core.ResolvableType::hasGenerics (14 bytes)
Total: 2

VM state: not at safepoint (normal execution)

VM Mutex/Monitor currently owned by a thread: None

Heap address: 0x0000000081800000, size: 2024 MB, Compressed Oops mode: 32-bit

CDS archive(s) mapped at: [0x000000000c000000-0x000000000cdb0000-0x000000000cdb0000), size 14352384, SharedBaseAddress: 0x000000000c000000, ArchiveRelocationMode: 1.
Compressed class space mapped at: 0x000000000d000000-0x000000004d000000, reserved size: 1073741824
UseCompressedClassPointers 1, UseCompactObjectHeaders 0
Narrow klass pointer bits 32, Max shift 3
Narrow klass base: 0x000000000c000000, Narrow klass shift: 0
Encoding Range: [0x000000000c000000 - 0x000000010c000000), (4294967296 bytes)
Klass Range:    [0x000000000c010000 - 0x000000004d000000), (1090453504 bytes)
Klass ID Range:  [65536 - 1090519033) (1090453497)
Protection zone: [0x000000000c000000 - 0x000000000c010000), (65536 bytes)

GC Precious Log:
 CardTable entry size: 512
 Card Set container configuration: InlinePtr #cards 5 size 8 Array Of Cards #cards 10 size 36 Howl #buckets 4 coarsen threshold 1843 Howl Bitmap #cards 512 size 80 coarsen threshold 460 Card regions per heap region 1 cards per card region 2048
 CPUs: 4 total, 4 available
 Memory: 8088M
 Large Page Support: Disabled
 NUMA Support: Disabled
 Compressed Oops: Enabled (32-bit)
 Heap Region Size: 1M
 Heap Min Capacity: 8M
 Heap Initial Capacity: 128M
 Heap Max Capacity: 2024M
 Pre-touch: Disabled
 Parallel Workers: 4
 Concurrent Workers: 1
 Concurrent Refinement Workers: 4
 Periodic GC: Disabled

Heap:
 garbage-first heap   total reserved 2072576K, committed 58368K, used 34728K [0x0000000081800000, 0x0000000100000000)
  region size 1024K, 8 young (8192K), 4 survivors (4096K)

Heap Regions: E=young(eden), S=young(survivor), O=old, HS=humongous(starts), HC=humongous(continues), CS=collection set, F=free, TAMS=top-at-mark-start, PB=parsable bottom
|   0|0x0000000081800000, 0x0000000081900000, 0x0000000081900000|100%|HS|  |TAMS 0x0000000081800000| PB 0x0000000081800000| Complete |  0
|   1|0x0000000081900000, 0x0000000081a00000, 0x0000000081a00000|100%| O|  |TAMS 0x0000000081900000| PB 0x0000000081900000| Untracked |  0
|   2|0x0000000081a00000, 0x0000000081b00000, 0x0000000081b00000|100%| O|  |TAMS 0x0000000081a00000| PB 0x0000000081a00000| Untracked |  0
|   3|0x0000000081b00000, 0x0000000081c00000, 0x0000000081c00000|100%| O|  |TAMS 0x0000000081b00000| PB 0x0000000081b00000| Untracked |  0
|   4|0x0000000081c00000, 0x0000000081d00000, 0x0000000081d00000|100%| O|  |TAMS 0x0000000081c00000| PB 0x0000000081c00000| Untracked |  0
|   5|0x0000000081d00000, 0x0000000081e00000, 0x0000000081e00000|100%| O|  |TAMS 0x0000000081d00000| PB 0x0000000081d00000| Untracked |  0
|   6|0x0000000081e00000, 0x0000000081f00000, 0x0000000081f00000|100%| O|  |TAMS 0x0000000081e00000| PB 0x0000000081e00000| Untracked |  0
|   7|0x0000000081f00000, 0x0000000082000000, 0x0000000082000000|100%| O|  |TAMS 0x0000000081f00000| PB 0x0000000081f00000| Untracked |  0
|   8|0x0000000082000000, 0x0000000082100000, 0x0000000082100000|100%| O|  |TAMS 0x0000000082000000| PB 0x0000000082000000| Untracked |  0
|   9|0x0000000082100000, 0x0000000082200000, 0x0000000082200000|100%| O|  |TAMS 0x0000000082100000| PB 0x0000000082100000| Untracked |  0
|  10|0x0000000082200000, 0x0000000082300000, 0x0000000082300000|100%| O|  |TAMS 0x0000000082200000| PB 0x0000000082200000| Untracked |  0
|  11|0x0000000082300000, 0x0000000082400000, 0x0000000082400000|100%| O|  |TAMS 0x0000000082300000| PB 0x0000000082300000| Untracked |  0
|  12|0x0000000082400000, 0x0000000082500000, 0x0000000082500000|100%| O|  |TAMS 0x0000000082400000| PB 0x0000000082400000| Untracked |  0
|  13|0x0000000082500000, 0x0000000082600000, 0x0000000082600000|100%| O|  |TAMS 0x0000000082500000| PB 0x0000000082500000| Untracked |  0
|  14|0x0000000082600000, 0x0000000082700000, 0x0000000082700000|100%| O|  |TAMS 0x0000000082600000| PB 0x0000000082600000| Untracked |  0
|  15|0x0000000082700000, 0x0000000082800000, 0x0000000082800000|100%| O|Cm|TAMS 0x0000000082700000| PB 0x0000000082700000| Complete |  0
|  16|0x0000000082800000, 0x0000000082900000, 0x0000000082900000|100%| O|  |TAMS 0x0000000082800000| PB 0x0000000082800000| Untracked |  0
|  17|0x0000000082900000, 0x00000000829ea178, 0x0000000082a00000| 91%| O|  |TAMS 0x0000000082900000| PB 0x0000000082900000| Untracked |  0
|  18|0x0000000082a00000, 0x0000000082b00000, 0x0000000082b00000|100%| O|  |TAMS 0x0000000082a00000| PB 0x0000000082a00000| Untracked |  0
|  19|0x0000000082b00000, 0x0000000082c00000, 0x0000000082c00000|100%| O|  |TAMS 0x0000000082b00000| PB 0x0000000082b00000| Untracked |  0
|  20|0x0000000082c00000, 0x0000000082d00000, 0x0000000082d00000|100%| O|  |TAMS 0x0000000082c00000| PB 0x0000000082c00000| Untracked |  0
|  21|0x0000000082d00000, 0x0000000082e00000, 0x0000000082e00000|100%| O|  |TAMS 0x0000000082d00000| PB 0x0000000082d00000| Untracked |  0
|  22|0x0000000082e00000, 0x0000000082f00000, 0x0000000082f00000|100%| O|  |TAMS 0x0000000082e00000| PB 0x0000000082e00000| Untracked |  0
|  23|0x0000000082f00000, 0x0000000083000000, 0x0000000083000000|100%| O|  |TAMS 0x0000000082f00000| PB 0x0000000082f00000| Untracked |  0
|  24|0x0000000083000000, 0x0000000083100000, 0x0000000083100000|100%| O|  |TAMS 0x0000000083000000| PB 0x0000000083000000| Untracked |  0
|  25|0x0000000083100000, 0x0000000083200000, 0x0000000083200000|100%| O|  |TAMS 0x0000000083100000| PB 0x0000000083100000| Untracked |  0
|  26|0x0000000083200000, 0x0000000083300000, 0x0000000083300000|100%| S|CS|TAMS 0x0000000083200000| PB 0x0000000083200000| Complete |  0
|  27|0x0000000083300000, 0x0000000083300000, 0x0000000083400000|  0%| F|  |TAMS 0x0000000083300000| PB 0x0000000083300000| Untracked |  0
|  28|0x0000000083400000, 0x0000000083500000, 0x0000000083500000|100%| S|CS|TAMS 0x0000000083400000| PB 0x0000000083400000| Complete |  0
|  29|0x0000000083500000, 0x0000000083600000, 0x0000000083600000|100%| S|CS|TAMS 0x0000000083500000| PB 0x0000000083500000| Complete |  0
|  30|0x0000000083600000, 0x0000000083700000, 0x0000000083700000|100%| S|CS|TAMS 0x0000000083600000| PB 0x0000000083600000| Complete |  0
|  31|0x0000000083700000, 0x0000000083700000, 0x0000000083800000|  0%| F|  |TAMS 0x0000000083700000| PB 0x0000000083700000| Untracked |  0
|  32|0x0000000083800000, 0x0000000083800000, 0x0000000083900000|  0%| F|  |TAMS 0x0000000083800000| PB 0x0000000083800000| Untracked |  0
|  33|0x0000000083900000, 0x0000000083900000, 0x0000000083a00000|  0%| F|  |TAMS 0x0000000083900000| PB 0x0000000083900000| Untracked |  0
|  34|0x0000000083a00000, 0x0000000083a00000, 0x0000000083b00000|  0%| F|  |TAMS 0x0000000083a00000| PB 0x0000000083a00000| Untracked |  0
|  35|0x0000000083b00000, 0x0000000083b00000, 0x0000000083c00000|  0%| F|  |TAMS 0x0000000083b00000| PB 0x0000000083b00000| Untracked |  0
|  36|0x0000000083c00000, 0x0000000083c00000, 0x0000000083d00000|  0%| F|  |TAMS 0x0000000083c00000| PB 0x0000000083c00000| Untracked |  0
|  37|0x0000000083d00000, 0x0000000083d00000, 0x0000000083e00000|  0%| F|  |TAMS 0x0000000083d00000| PB 0x0000000083d00000| Untracked |  0
|  38|0x0000000083e00000, 0x0000000083e00000, 0x0000000083f00000|  0%| F|  |TAMS 0x0000000083e00000| PB 0x0000000083e00000| Untracked |  0
|  39|0x0000000083f00000, 0x0000000083f00000, 0x0000000084000000|  0%| F|  |TAMS 0x0000000083f00000| PB 0x0000000083f00000| Untracked |  0
|  40|0x0000000084000000, 0x0000000084000000, 0x0000000084100000|  0%| F|  |TAMS 0x0000000084000000| PB 0x0000000084000000| Untracked |  0
|  41|0x0000000084100000, 0x0000000084100000, 0x0000000084200000|  0%| F|  |TAMS 0x0000000084100000| PB 0x0000000084100000| Untracked |  0
|  42|0x0000000084200000, 0x0000000084200000, 0x0000000084300000|  0%| F|  |TAMS 0x0000000084200000| PB 0x0000000084200000| Untracked |  0
|  43|0x0000000084300000, 0x0000000084300000, 0x0000000084400000|  0%| F|  |TAMS 0x0000000084300000| PB 0x0000000084300000| Untracked |  0
|  44|0x0000000084400000, 0x0000000084400000, 0x0000000084500000|  0%| F|  |TAMS 0x0000000084400000| PB 0x0000000084400000| Untracked |  0
|  45|0x0000000084500000, 0x0000000084500000, 0x0000000084600000|  0%| F|  |TAMS 0x0000000084500000| PB 0x0000000084500000| Untracked |  0
|  46|0x0000000084600000, 0x0000000084600000, 0x0000000084700000|  0%| F|  |TAMS 0x0000000084600000| PB 0x0000000084600000| Untracked |  0
|  47|0x0000000084700000, 0x0000000084700000, 0x0000000084800000|  0%| F|  |TAMS 0x0000000084700000| PB 0x0000000084700000| Untracked |  0
|  48|0x0000000084800000, 0x0000000084800000, 0x0000000084900000|  0%| F|  |TAMS 0x0000000084800000| PB 0x0000000084800000| Untracked |  0
|  49|0x0000000084900000, 0x0000000084900000, 0x0000000084a00000|  0%| F|  |TAMS 0x0000000084900000| PB 0x0000000084900000| Untracked |  0
| 118|0x0000000088e00000, 0x0000000088e00000, 0x0000000088f00000|  0%| F|  |TAMS 0x0000000088e00000| PB 0x0000000088e00000| Untracked |  0
| 119|0x0000000088f00000, 0x0000000088f00000, 0x0000000089000000|  0%| F|  |TAMS 0x0000000088f00000| PB 0x0000000088f00000| Untracked |  0
| 120|0x0000000089000000, 0x00000000890d64d8, 0x0000000089100000| 83%| E|  |TAMS 0x0000000089000000| PB 0x0000000089000000| Complete |  0
| 121|0x0000000089100000, 0x0000000089200000, 0x0000000089200000|100%| E|CS|TAMS 0x0000000089100000| PB 0x0000000089100000| Complete |  0
| 122|0x0000000089200000, 0x0000000089300000, 0x0000000089300000|100%| E|CS|TAMS 0x0000000089200000| PB 0x0000000089200000| Complete |  0
|2022|0x00000000ffe00000, 0x00000000fff00000, 0x00000000fff00000|100%| O|  |TAMS 0x00000000ffe00000| PB 0x00000000ffe00000| Untracked |  0
|2023|0x00000000fff00000, 0x0000000100000000, 0x0000000100000000|100%| E|CS|TAMS 0x00000000fff00000| PB 0x00000000fff00000| Complete |  0

Card table byte_map: [0x0000016e3fdb0000,0x0000016e401b0000] _byte_map_base: 0x0000016e3f9a4000

Marking Bits: (CMBitMap*) 0x0000016e27edc050
 Bits: [0x0000016e401b0000, 0x0000016e42150000)

Polling page: 0x0000016e25c60000

Metaspace:
Metaspace        used 73697K, committed 74304K, reserved 1114112K
 class space     used 10571K, committed 10816K, reserved 1048576K

Usage:
  Non-class:     61.65 MB used.
      Class:     10.32 MB used.
       Both:     71.97 MB used.

Virtual space:
  Non-class space:       64.00 MB reserved,      62.00 MB ( 97%) committed,  1 nodes.
      Class space:        1.00 GB reserved,      10.56 MB (  1%) committed,  1 nodes.
             Both:        1.06 GB reserved,      72.56 MB (  7%) committed. 

Chunk freelists:
   Non-Class:  1.30 MB
       Class:  5.44 MB
        Both:  6.73 MB

MaxMetaspaceSize: unlimited
CompressedClassSpaceSize: 1.00 GB
Initial GC threshold: 21.00 MB
Current GC threshold: 120.25 MB
CDS: on
 - commit_granule_bytes: 65536.
 - commit_granule_words: 8192.
 - virtual_space_node_default_size: 8388608.
 - enlarge_chunks_in_place: 1.
UseCompressedClassPointers 1, UseCompactObjectHeaders 0
Narrow klass pointer bits 32, Max shift 3
Narrow klass base: 0x000000000c000000, Narrow klass shift: 0
Encoding Range: [0x000000000c000000 - 0x000000010c000000), (4294967296 bytes)
Klass Range:    [0x000000000c010000 - 0x000000004d000000), (1090453504 bytes)
Klass ID Range:  [65536 - 1090519033) (1090453497)
Protection zone: [0x000000000c000000 - 0x000000000c010000), (65536 bytes)


Internal statistics:

num_allocs_failed_limit: 15.
num_arena_births: 702.
num_arena_deaths: 0.
num_vsnodes_births: 2.
num_vsnodes_deaths: 0.
num_space_committed: 1161.
num_space_uncommitted: 0.
num_chunks_returned_to_freelist: 15.
num_chunks_taken_from_freelist: 3200.
num_chunk_merges: 12.
num_chunk_splits: 2381.
num_chunks_enlarged: 1976.
num_inconsistent_stats: 0.

CodeHeap 'non-profiled nmethods': size=120064Kb used=2717Kb max_used=2784Kb free=117346Kb
 bounds [0x0000016e38470000, 0x0000016e38730000, 0x0000016e3f9b0000]
CodeHeap 'profiled nmethods': size=120064Kb used=8664Kb max_used=9211Kb free=111399Kb
 bounds [0x0000016e30990000, 0x0000016e31290000, 0x0000016e37ed0000]
CodeHeap 'non-nmethods': size=5760Kb used=1670Kb max_used=1716Kb free=4089Kb
 bounds [0x0000016e37ed0000, 0x0000016e38140000, 0x0000016e38470000]
CodeCache: size=245888Kb, used=13051Kb, max_used=13711Kb, free=232834Kb
 total_blobs=6436, nmethods=5657, adapters=681, full_count=0
Compilation: enabled, stopped_count=0, restarted_count=0

Compilation events (20 events):
Event: 8.151 Thread 0x0000016e44609260 6543       3       org.springframework.core.MethodIntrospector::lambda$selectMethods$0 (84 bytes)
Event: 8.152 Thread 0x0000016e44609260 nmethod 6543 0x0000016e31287f88 code [0x0000016e31288080, 0x0000016e31288828]
Event: 8.156 Thread 0x0000016e44609260 6544       3       org.springframework.util.ClassUtils::getAllInterfacesForClassAsSet (6 bytes)
Event: 8.156 Thread 0x0000016e44609260 nmethod 6544 0x0000016e31288888 code [0x0000016e31288980, 0x0000016e31288aa0]
Event: 8.157 Thread 0x0000016e44609260 6545       3       org.springframework.aop.framework.autoproxy.AutoProxyUtils::determineTargetClass (51 bytes)
Event: 8.157 Thread 0x0000016e44609260 nmethod 6545 0x0000016e31288b88 code [0x0000016e31288c80, 0x0000016e312898c0]
Event: 8.158 Thread 0x0000016e44609260 6546   !   3       org.springframework.context.event.EventListenerMethodProcessor::processBean (356 bytes)
Event: 8.161 Thread 0x0000016e44609260 nmethod 6546 0x0000016e31289908 code [0x0000016e31289a00, 0x0000016e3128d160]
Event: 8.161 Thread 0x0000016e44609260 6547       3       org.springframework.context.event.EventListenerMethodProcessor::isSpringContainerClass (32 bytes)
Event: 8.161 Thread 0x0000016e44609260 nmethod 6547 0x0000016e3128d208 code [0x0000016e3128d300, 0x0000016e3128dcf0]
Event: 8.164 Thread 0x0000016e44609260 6548   !   3       org.springframework.util.ConcurrentReferenceHashMap$Segment::clear (69 bytes)
Event: 8.165 Thread 0x0000016e44609260 nmethod 6548 0x0000016e3128dd88 code [0x0000016e3128de80, 0x0000016e3128ecd8]
Event: 8.316 Thread 0x0000016e44609260 6552       3       jdk.internal.classfile.impl.AnnotationReader::writeAnnotations (52 bytes)
Event: 8.316 Thread 0x0000016e44609260 nmethod 6552 0x0000016e30a1db08 code [0x0000016e30a1dc00, 0x0000016e30a1e538]
Event: 8.318 Thread 0x0000016e44609260 6553       3       java.util.TreeMap::getFirstEntry (26 bytes)
Event: 8.318 Thread 0x0000016e44609260 nmethod 6553 0x0000016e30991d88 code [0x0000016e30991e80, 0x0000016e30992050]
Event: 8.318 Thread 0x0000016e44609260 6554       3       java.util.TreeMap$PrivateEntryIterator::<init> (33 bytes)
Event: 8.319 Thread 0x0000016e44609260 nmethod 6554 0x0000016e309b9508 code [0x0000016e309b9600, 0x0000016e309b99b0]
Event: 8.319 Thread 0x0000016e44609260 6555       1       org.apache.catalina.LifecycleState::getLifecycleEvent (5 bytes)
Event: 8.319 Thread 0x0000016e44609260 nmethod 6555 0x0000016e38503b88 code [0x0000016e38503c80, 0x0000016e38503d48]

GC Heap Usage History (20 events):
Event: 3.095 {heap Before GC invocations=5 (full 0):
 garbage-first heap   total reserved 2072576K, committed 48128K, used 34417K [0x0000000081800000, 0x0000000100000000)
  region size 1024K, 22 young (22528K), 3 survivors (3072K)
}
Event: 3.103 {heap After GC invocations=6 (full 0):
 garbage-first heap   total reserved 2072576K, committed 48128K, used 16587K [0x0000000081800000, 0x0000000100000000)
  region size 1024K, 2 young (2048K), 2 survivors (2048K)
}
Event: 3.459 {heap Before GC invocations=6 (full 0):
 garbage-first heap   total reserved 2072576K, committed 48128K, used 36043K [0x0000000081800000, 0x0000000100000000)
  region size 1024K, 22 young (22528K), 2 survivors (2048K)
}
Event: 3.464 {heap After GC invocations=7 (full 0):
 garbage-first heap   total reserved 2072576K, committed 48128K, used 18557K [0x0000000081800000, 0x0000000100000000)
  region size 1024K, 2 young (2048K), 2 survivors (2048K)
}
Event: 3.957 {heap Before GC invocations=7 (full 0):
 garbage-first heap   total reserved 2072576K, committed 48128K, used 38013K [0x0000000081800000, 0x0000000100000000)
  region size 1024K, 22 young (22528K), 2 survivors (2048K)
}
Event: 3.963 {heap After GC invocations=8 (full 0):
 garbage-first heap   total reserved 2072576K, committed 48128K, used 20498K [0x0000000081800000, 0x0000000100000000)
  region size 1024K, 2 young (2048K), 2 survivors (2048K)
}
Event: 4.232 {heap Before GC invocations=8 (full 0):
 garbage-first heap   total reserved 2072576K, committed 48128K, used 30738K [0x0000000081800000, 0x0000000100000000)
  region size 1024K, 13 young (13312K), 2 survivors (2048K)
}
Event: 4.235 {heap After GC invocations=9 (full 0):
 garbage-first heap   total reserved 2072576K, committed 58368K, used 21099K [0x0000000081800000, 0x0000000100000000)
  region size 1024K, 1 young (1024K), 1 survivors (1024K)
}
Event: 4.992 {heap Before GC invocations=10 (full 0):
 garbage-first heap   total reserved 2072576K, committed 58368K, used 47723K [0x0000000081800000, 0x0000000100000000)
  region size 1024K, 27 young (27648K), 1 survivors (1024K)
}
Event: 4.996 {heap After GC invocations=11 (full 0):
 garbage-first heap   total reserved 2072576K, committed 58368K, used 23378K [0x0000000081800000, 0x0000000100000000)
  region size 1024K, 3 young (3072K), 3 survivors (3072K)
}
Event: 5.828 {heap Before GC invocations=11 (full 0):
 garbage-first heap   total reserved 2072576K, committed 58368K, used 47954K [0x0000000081800000, 0x0000000100000000)
  region size 1024K, 28 young (28672K), 3 survivors (3072K)
}
Event: 5.835 {heap After GC invocations=12 (full 0):
 garbage-first heap   total reserved 2072576K, committed 58368K, used 25719K [0x0000000081800000, 0x0000000100000000)
  region size 1024K, 3 young (3072K), 3 survivors (3072K)
}
Event: 6.356 {heap Before GC invocations=12 (full 0):
 garbage-first heap   total reserved 2072576K, committed 58368K, used 46199K [0x0000000081800000, 0x0000000100000000)
  region size 1024K, 25 young (25600K), 3 survivors (3072K)
}
Event: 6.360 {heap After GC invocations=13 (full 0):
 garbage-first heap   total reserved 2072576K, committed 58368K, used 27011K [0x0000000081800000, 0x0000000100000000)
  region size 1024K, 2 young (2048K), 2 survivors (2048K)
}
Event: 6.884 {heap Before GC invocations=14 (full 0):
 garbage-first heap   total reserved 2072576K, committed 58368K, used 49539K [0x0000000081800000, 0x0000000100000000)
  region size 1024K, 25 young (25600K), 2 survivors (2048K)
}
Event: 6.888 {heap After GC invocations=15 (full 0):
 garbage-first heap   total reserved 2072576K, committed 58368K, used 28022K [0x0000000081800000, 0x0000000100000000)
  region size 1024K, 3 young (3072K), 3 survivors (3072K)
}
Event: 7.369 {heap Before GC invocations=15 (full 0):
 garbage-first heap   total reserved 2072576K, committed 58368K, used 51574K [0x0000000081800000, 0x0000000100000000)
  region size 1024K, 26 young (26624K), 3 survivors (3072K)
}
Event: 7.375 {heap After GC invocations=16 (full 0):
 garbage-first heap   total reserved 2072576K, committed 58368K, used 29355K [0x0000000081800000, 0x0000000100000000)
  region size 1024K, 3 young (3072K), 3 survivors (3072K)
}
Event: 8.166 {heap Before GC invocations=16 (full 0):
 garbage-first heap   total reserved 2072576K, committed 58368K, used 52907K [0x0000000081800000, 0x0000000100000000)
  region size 1024K, 26 young (26624K), 3 survivors (3072K)
}
Event: 8.173 {heap After GC invocations=17 (full 0):
 garbage-first heap   total reserved 2072576K, committed 58368K, used 31656K [0x0000000081800000, 0x0000000100000000)
  region size 1024K, 4 young (4096K), 4 survivors (4096K)
}

Metaspace Usage History (20 events):
Event: 3.095 {metaspace Before GC invocations=5 (full 0):
 Metaspace       used 26651K, committed 27008K, reserved 1114112K
  class space    used 3553K, committed 3712K, reserved 1048576K
}
Event: 3.103 {metaspace After GC invocations=6 (full 0):
 Metaspace       used 26651K, committed 27008K, reserved 1114112K
  class space    used 3553K, committed 3712K, reserved 1048576K
}
Event: 3.459 {metaspace Before GC invocations=6 (full 0):
 Metaspace       used 29030K, committed 29376K, reserved 1114112K
  class space    used 3962K, committed 4096K, reserved 1048576K
}
Event: 3.464 {metaspace After GC invocations=7 (full 0):
 Metaspace       used 29030K, committed 29376K, reserved 1114112K
  class space    used 3962K, committed 4096K, reserved 1048576K
}
Event: 3.957 {metaspace Before GC invocations=7 (full 0):
 Metaspace       used 32761K, committed 33152K, reserved 1114112K
  class space    used 4385K, committed 4608K, reserved 1048576K
}
Event: 3.963 {metaspace After GC invocations=8 (full 0):
 Metaspace       used 32761K, committed 33152K, reserved 1114112K
  class space    used 4385K, committed 4608K, reserved 1048576K
}
Event: 4.232 {metaspace Before GC invocations=8 (full 0):
 Metaspace       used 35548K, committed 35968K, reserved 1114112K
  class space    used 4770K, committed 4992K, reserved 1048576K
}
Event: 4.235 {metaspace After GC invocations=9 (full 0):
 Metaspace       used 35548K, committed 35968K, reserved 1114112K
  class space    used 4770K, committed 4992K, reserved 1048576K
}
Event: 4.992 {metaspace Before GC invocations=10 (full 0):
 Metaspace       used 42409K, committed 42880K, reserved 1114112K
  class space    used 6066K, committed 6272K, reserved 1048576K
}
Event: 4.996 {metaspace After GC invocations=11 (full 0):
 Metaspace       used 42409K, committed 42880K, reserved 1114112K
  class space    used 6066K, committed 6272K, reserved 1048576K
}
Event: 5.828 {metaspace Before GC invocations=11 (full 0):
 Metaspace       used 53483K, committed 53952K, reserved 1114112K
  class space    used 7407K, committed 7616K, reserved 1048576K
}
Event: 5.835 {metaspace After GC invocations=12 (full 0):
 Metaspace       used 53483K, committed 53952K, reserved 1114112K
  class space    used 7407K, committed 7616K, reserved 1048576K
}
Event: 6.356 {metaspace Before GC invocations=12 (full 0):
 Metaspace       used 59702K, committed 60096K, reserved 1114112K
  class space    used 8270K, committed 8448K, reserved 1048576K
}
Event: 6.360 {metaspace After GC invocations=13 (full 0):
 Metaspace       used 59702K, committed 60096K, reserved 1114112K
  class space    used 8270K, committed 8448K, reserved 1048576K
}
Event: 6.884 {metaspace Before GC invocations=14 (full 0):
 Metaspace       used 66335K, committed 66816K, reserved 1114112K
  class space    used 9518K, committed 9728K, reserved 1048576K
}
Event: 6.888 {metaspace After GC invocations=15 (full 0):
 Metaspace       used 66335K, committed 66816K, reserved 1114112K
  class space    used 9518K, committed 9728K, reserved 1048576K
}
Event: 7.369 {metaspace Before GC invocations=15 (full 0):
 Metaspace       used 70194K, committed 70720K, reserved 1114112K
  class space    used 10036K, committed 10240K, reserved 1048576K
}
Event: 7.375 {metaspace After GC invocations=16 (full 0):
 Metaspace       used 70194K, committed 70720K, reserved 1114112K
  class space    used 10036K, committed 10240K, reserved 1048576K
}
Event: 8.166 {metaspace Before GC invocations=16 (full 0):
 Metaspace       used 73332K, committed 73856K, reserved 1114112K
  class space    used 10493K, committed 10688K, reserved 1048576K
}
Event: 8.173 {metaspace After GC invocations=17 (full 0):
 Metaspace       used 73332K, committed 73856K, reserved 1114112K
  class space    used 10493K, committed 10688K, reserved 1048576K
}

Dll operation events (18 events):
Event: 0.009 Attempting to load shared library C:\Users\tela\Java\zulu25.36.15-ca-jdk25.0.4-win_x64\bin\java.dll
Event: 0.014 Loaded shared library C:\Users\tela\Java\zulu25.36.15-ca-jdk25.0.4-win_x64\bin\java.dll
Event: 0.141 Attempting to load shared library C:\Users\tela\Java\zulu25.36.15-ca-jdk25.0.4-win_x64\bin\net.dll
Event: 0.141 Loaded shared library C:\Users\tela\Java\zulu25.36.15-ca-jdk25.0.4-win_x64\bin\net.dll
Event: 0.143 Attempting to load shared library C:\Users\tela\Java\zulu25.36.15-ca-jdk25.0.4-win_x64\bin\nio.dll
Event: 0.144 Loaded shared library C:\Users\tela\Java\zulu25.36.15-ca-jdk25.0.4-win_x64\bin\nio.dll
Event: 0.147 Attempting to load shared library C:\Users\tela\Java\zulu25.36.15-ca-jdk25.0.4-win_x64\bin\zip.dll
Event: 0.147 Loaded shared library C:\Users\tela\Java\zulu25.36.15-ca-jdk25.0.4-win_x64\bin\zip.dll
Event: 0.289 Attempting to load shared library C:\Users\tela\Java\zulu25.36.15-ca-jdk25.0.4-win_x64\bin\jimage.dll
Event: 0.289 Loaded shared library C:\Users\tela\Java\zulu25.36.15-ca-jdk25.0.4-win_x64\bin\jimage.dll
Event: 0.657 Attempting to load shared library C:\Users\tela\Java\zulu25.36.15-ca-jdk25.0.4-win_x64\bin\management.dll
Event: 0.657 Loaded shared library C:\Users\tela\Java\zulu25.36.15-ca-jdk25.0.4-win_x64\bin\management.dll
Event: 0.658 Attempting to load shared library C:\Users\tela\Java\zulu25.36.15-ca-jdk25.0.4-win_x64\bin\management_ext.dll
Event: 0.659 Loaded shared library C:\Users\tela\Java\zulu25.36.15-ca-jdk25.0.4-win_x64\bin\management_ext.dll
Event: 1.597 Attempting to load shared library C:\Users\tela\Java\zulu25.36.15-ca-jdk25.0.4-win_x64\bin\sunmscapi.dll
Event: 1.599 Loaded shared library C:\Users\tela\Java\zulu25.36.15-ca-jdk25.0.4-win_x64\bin\sunmscapi.dll
Event: 5.077 Attempting to load shared library C:\Users\tela\Java\zulu25.36.15-ca-jdk25.0.4-win_x64\bin\extnet.dll
Event: 5.077 Loaded shared library C:\Users\tela\Java\zulu25.36.15-ca-jdk25.0.4-win_x64\bin\extnet.dll

Deoptimization events (20 events):
Event: 8.035 Thread 0x0000016e49bbdbc0 Uncommon trap: trap_request=0xffffff45 fr.pc=0x0000016e386b471c relative=0x000000000000061c
Event: 8.035 Thread 0x0000016e49bbdbc0 Uncommon trap: reason=unstable_if action=reinterpret pc=0x0000016e386b471c method=sun.reflect.annotation.AnnotationInvocationHandler.invoke(Ljava/lang/Object;Ljava/lang/reflect/Method;[Ljava/lang/Object;)Ljava/lang/Object; @ 15 c2
Event: 8.035 Thread 0x0000016e49bbdbc0 DEOPT PACKING pc=0x0000016e386b471c sp=0x0000001c7b7fd9a0
Event: 8.035 Thread 0x0000016e49bbdbc0 DEOPT UNPACKING pc=0x0000016e37fed082 sp=0x0000001c7b7fd938 mode 2
Event: 8.035 Thread 0x0000016e49bbdbc0 Uncommon trap: trap_request=0xffffff45 fr.pc=0x0000016e386ed598 relative=0x0000000000001818
Event: 8.035 Thread 0x0000016e49bbdbc0 Uncommon trap: reason=unstable_if action=reinterpret pc=0x0000016e386ed598 method=org.springframework.core.annotation.AnnotationsScanner.processMethodAnnotations(Ljava/lang/Object;ILjava/lang/reflect/Method;Lorg/springframework/core/annotation/Annotations
Event: 8.035 Thread 0x0000016e49bbdbc0 DEOPT PACKING pc=0x0000016e386ed598 sp=0x0000001c7b7fdcc0
Event: 8.035 Thread 0x0000016e49bbdbc0 DEOPT UNPACKING pc=0x0000016e37fed082 sp=0x0000001c7b7fd988 mode 2
Event: 8.148 Thread 0x0000016e49bbdbc0 Uncommon trap: trap_request=0xffffff45 fr.pc=0x0000016e386eadfc relative=0x000000000000097c
Event: 8.148 Thread 0x0000016e49bbdbc0 Uncommon trap: reason=unstable_if action=reinterpret pc=0x0000016e386eadfc method=org.springframework.core.annotation.AnnotationsScanner.processClassInheritedAnnotations(Ljava/lang/Object;Ljava/lang/Class;Lorg/springframework/core/annotation/AnnotationsPr
Event: 8.148 Thread 0x0000016e49bbdbc0 DEOPT PACKING pc=0x0000016e386eadfc sp=0x0000001c7b7fe820
Event: 8.148 Thread 0x0000016e49bbdbc0 DEOPT UNPACKING pc=0x0000016e37fed082 sp=0x0000001c7b7fe750 mode 2
Event: 8.164 Thread 0x0000016e49bbdbc0 Uncommon trap: trap_request=0xffffff45 fr.pc=0x0000016e384d6958 relative=0x0000000000000058
Event: 8.164 Thread 0x0000016e49bbdbc0 Uncommon trap: reason=unstable_if action=reinterpret pc=0x0000016e384d6958 method=org.springframework.util.ConcurrentReferenceHashMap$Segment.clear()V @ 7 c2
Event: 8.164 Thread 0x0000016e49bbdbc0 DEOPT PACKING pc=0x0000016e384d6958 sp=0x0000001c7b7fec20
Event: 8.164 Thread 0x0000016e49bbdbc0 DEOPT UNPACKING pc=0x0000016e37fed082 sp=0x0000001c7b7febb0 mode 2
Event: 8.300 Thread 0x0000016e49bbdbc0 Uncommon trap: trap_request=0xffffff4c fr.pc=0x0000016e3858c664 relative=0x00000000000002e4
Event: 8.300 Thread 0x0000016e49bbdbc0 Uncommon trap: reason=speculate_null_assert action=make_not_entrant pc=0x0000016e3858c664 method=org.springframework.util.ConcurrentReferenceHashMap$Segment.restructureIfNecessary(Z)V @ 41 c2
Event: 8.300 Thread 0x0000016e49bbdbc0 DEOPT PACKING pc=0x0000016e3858c664 sp=0x0000001c7b7fe880
Event: 8.300 Thread 0x0000016e49bbdbc0 DEOPT UNPACKING pc=0x0000016e37fed082 sp=0x0000001c7b7fe838 mode 2

Classes loaded (20 events):
Event: 7.249 Loading class java/util/WeakHashMap$KeyIterator
Event: 7.249 Loading class java/util/WeakHashMap$KeyIterator done
Event: 7.332 Loading class java/lang/invoke/WrongMethodTypeException
Event: 7.332 Loading class java/lang/invoke/WrongMethodTypeException done
Event: 7.535 Loading class java/util/EnumMap$EntrySet
Event: 7.535 Loading class java/util/EnumMap$EntrySet done
Event: 7.535 Loading class java/util/EnumMap$EntryIterator
Event: 7.535 Loading class java/util/EnumMap$EnumMapIterator
Event: 7.535 Loading class java/util/EnumMap$EnumMapIterator done
Event: 7.535 Loading class java/util/EnumMap$EntryIterator done
Event: 7.604 Loading class java/util/Comparators$NullComparator
Event: 7.604 Loading class java/util/Comparators$NullComparator done
Event: 7.837 Loading class java/lang/ExceptionInInitializerError
Event: 7.837 Loading class java/lang/ExceptionInInitializerError done
Event: 8.318 Loading class java/nio/channels/ServerSocketChannel
Event: 8.318 Loading class java/nio/channels/ServerSocketChannel done
Event: 8.318 Loading class java/nio/channels/spi/SelectorProvider
Event: 8.319 Loading class java/nio/channels/spi/SelectorProvider done
Event: 8.320 Loading class java/nio/channels/spi/SelectorProvider$Holder
Event: 8.320 Loading class java/nio/channels/spi/SelectorProvider$Holder done

Classes unloaded (0 events):
No events

Classes redefined (0 events):
No events

Internal exceptions (20 events):
Event: 6.759 Thread 0x0000016e49bbdbc0 Exception <a 'java/lang/NoSuchMethodError'{0x0000000083f6a6e8}: 'java.lang.Object java.lang.invoke.Invokers$Holder.linkToTargetMethod(java.lang.Object, java.lang.Object, java.lang.Object, java.lang.Object, java.lang.Object, java.lang.Object, java.lang.Object, java.lang.Object, java.lang.Object, java.lang.Object, java.lang.Object, java.lang.Object)'> (0x0000000083f6a6e8) 
thrown [s\src\hotspot\share\interpreter\linkResolver.cpp, line 804]
Event: 6.790 Thread 0x0000016e49bbdbc0 Exception <a 'java/lang/IncompatibleClassChangeError'{0x0000000083d22818}: Found class java.lang.Object, but interface was expected> (0x0000000083d22818) 
thrown [s\src\hotspot\share\interpreter\linkResolver.cpp, line 871]
Event: 6.802 Thread 0x0000016e49bbdbc0 Exception <a 'java/lang/NoSuchMethodError'{0x0000000083de71b0}: 'java.lang.Object java.lang.invoke.DirectMethodHandle$Holder.newInvokeSpecial(java.lang.Object, java.lang.Object, int, java.lang.Object, int, java.lang.Object, java.lang.Object)'> (0x0000000083de71b0) 
thrown [s\src\hotspot\share\interpreter\linkResolver.cpp, line 804]
Event: 6.952 Thread 0x0000016e49bbdbc0 Implicit null exception at 0x0000016e386ab0b6 to 0x0000016e386abacc
Event: 7.019 Thread 0x0000016e49bbdbc0 Implicit null exception at 0x0000016e386cec3b to 0x0000016e386cef68
Event: 7.044 Thread 0x0000016e49bbdbc0 Implicit null exception at 0x0000016e386a8d8d to 0x0000016e386aa43c
Event: 7.051 Thread 0x0000016e49bbdbc0 Exception <a 'java/lang/IncompatibleClassChangeError'{0x0000000084806680}: Found class java.lang.Object, but interface was expected> (0x0000000084806680) 
thrown [s\src\hotspot\share\interpreter\linkResolver.cpp, line 871]
Event: 7.099 Thread 0x0000016e49bbdbc0 Exception <a 'java/lang/IncompatibleClassChangeError'{0x00000000847a5200}: Found class java.lang.Object, but interface was expected> (0x00000000847a5200) 
thrown [s\src\hotspot\share\interpreter\linkResolver.cpp, line 871]
Event: 7.230 Thread 0x0000016e49bbdbc0 Exception <a 'java/lang/NoSuchMethodError'{0x0000000083f58370}: 'void java.lang.invoke.Invokers$Holder.invokeExact_MT(java.lang.Object, java.lang.Object, java.lang.Object, java.lang.Object)'> (0x0000000083f58370) 
thrown [s\src\hotspot\share\interpreter\linkResolver.cpp, line 804]
Event: 7.346 Thread 0x0000016e49bbdbc0 Exception <a 'java/lang/IncompatibleClassChangeError'{0x0000000083af2af8}: Found class java.lang.Object, but interface was expected> (0x0000000083af2af8) 
thrown [s\src\hotspot\share\interpreter\linkResolver.cpp, line 871]
Event: 7.378 Thread 0x0000016e49bbdbc0 Exception <a 'java/lang/NoSuchMethodError'{0x00000000fff1c0e0}: 'java.lang.Object java.lang.invoke.DirectMethodHandle$Holder.invokeInterface(java.lang.Object, java.lang.Object, java.lang.Object, java.lang.Object)'> (0x00000000fff1c0e0) 
thrown [s\src\hotspot\share\interpreter\linkResolver.cpp, line 804]
Event: 7.443 Thread 0x0000016e49bbdbc0 Exception <a 'java/io/IOException'{0x000000008901ae70}> (0x000000008901ae70) 
thrown [s\src\hotspot\share\prims\jni.cpp, line 516]
Event: 7.535 Thread 0x0000016e49bbdbc0 Exception <a 'java/lang/NoSuchMethodError'{0x00000000849c6090}: 'java.lang.Object java.lang.invoke.DirectMethodHandle$Holder.invokeVirtual(java.lang.Object, java.lang.Object, java.lang.Object, int)'> (0x00000000849c6090) 
thrown [s\src\hotspot\share\interpreter\linkResolver.cpp, line 804]
Event: 7.572 Thread 0x0000016e49bbdbc0 Exception <a 'java/lang/NoSuchMethodError'{0x00000000847c7aa0}: 'java.lang.Object java.lang.invoke.DirectMethodHandle$Holder.invokeVirtual(java.lang.Object, java.lang.Object, int)'> (0x00000000847c7aa0) 
thrown [s\src\hotspot\share\interpreter\linkResolver.cpp, line 804]
Event: 7.659 Thread 0x0000016e49bbdbc0 Exception <a 'java/lang/IncompatibleClassChangeError'{0x00000000843b7078}: Found class java.lang.Object, but interface was expected> (0x00000000843b7078) 
thrown [s\src\hotspot\share\interpreter\linkResolver.cpp, line 871]
Event: 7.681 Thread 0x0000016e49bbdbc0 Implicit null exception at 0x0000016e38575d32 to 0x0000016e38575df0
Event: 7.740 Thread 0x0000016e49bbdbc0 Exception <a 'java/lang/NoSuchMethodError'{0x0000000083f2a278}: 'int java.lang.invoke.DirectMethodHandle$Holder.invokeStaticInit(java.lang.Object, java.lang.Object, java.lang.Object, java.lang.Object)'> (0x0000000083f2a278) 
thrown [s\src\hotspot\share\interpreter\linkResolver.cpp, line 804]
Event: 8.017 Thread 0x0000016e49bbdbc0 Exception <a 'java/lang/IncompatibleClassChangeError'{0x0000000083c8ecc8}: Found class java.lang.Object, but interface was expected> (0x0000000083c8ecc8) 
thrown [s\src\hotspot\share\interpreter\linkResolver.cpp, line 871]
Event: 8.024 Thread 0x0000016e49bbdbc0 Implicit null exception at 0x0000016e385b7428 to 0x0000016e385b757c
Event: 8.315 Thread 0x0000016e49bbdbc0 Exception <a 'java/lang/NoSuchMethodError'{0x00000000fff16a70}: 'java.lang.Object java.lang.invoke.DirectMethodHandle$Holder.newInvokeSpecial(java.lang.Object, java.lang.Object, int, java.lang.Object, java.lang.Object)'> (0x00000000fff16a70) 
thrown [s\src\hotspot\share\interpreter\linkResolver.cpp, line 804]

VM Operations (20 events):
Event: 7.208 Executing non-safepoint VM operation: HandshakeAllThreads (Deoptimize)
Event: 7.208 Executing non-safepoint VM operation: HandshakeAllThreads (Deoptimize) done
Event: 7.369 Executing safepoint VM operation: G1CollectForAllocation (G1 Evacuation Pause)
Event: 7.375 Executing safepoint VM operation: G1CollectForAllocation (G1 Evacuation Pause) done
Event: 7.613 Executing non-safepoint VM operation: HandshakeAllThreads (Deoptimize)
Event: 7.613 Executing non-safepoint VM operation: HandshakeAllThreads (Deoptimize) done
Event: 7.621 Executing non-safepoint VM operation: HandshakeAllThreads (Deoptimize)
Event: 7.621 Executing non-safepoint VM operation: HandshakeAllThreads (Deoptimize) done
Event: 7.622 Executing non-safepoint VM operation: HandshakeAllThreads (Deoptimize)
Event: 7.622 Executing non-safepoint VM operation: HandshakeAllThreads (Deoptimize) done
Event: 7.671 Executing non-safepoint VM operation: HandshakeAllThreads (Deoptimize)
Event: 7.671 Executing non-safepoint VM operation: HandshakeAllThreads (Deoptimize) done
Event: 7.717 Executing non-safepoint VM operation: HandshakeAllThreads (Deoptimize)
Event: 7.717 Executing non-safepoint VM operation: HandshakeAllThreads (Deoptimize) done
Event: 8.166 Executing safepoint VM operation: G1CollectForAllocation (G1 Evacuation Pause)
Event: 8.173 Executing safepoint VM operation: G1CollectForAllocation (G1 Evacuation Pause) done
Event: 8.274 Executing safepoint VM operation: G1PauseRemark
Event: 8.280 Executing safepoint VM operation: G1PauseRemark done
Event: 8.309 Executing safepoint VM operation: G1PauseCleanup
Event: 8.314 Executing safepoint VM operation: G1PauseCleanup done

Memory protections (0 events):
No events

Nmethod flushes (20 events):
Event: 8.279 Thread 0x0000016e27f31780 flushing  nmethod 0x0000016e30cb3808
Event: 8.279 Thread 0x0000016e27f31780 flushing  nmethod 0x0000016e30cdc088
Event: 8.279 Thread 0x0000016e27f31780 flushing  nmethod 0x0000016e30cdda88
Event: 8.279 Thread 0x0000016e27f31780 flushing  nmethod 0x0000016e30ce2808
Event: 8.279 Thread 0x0000016e27f31780 flushing  nmethod 0x0000016e30cfa488
Event: 8.279 Thread 0x0000016e27f31780 flushing  nmethod 0x0000016e30d13488
Event: 8.279 Thread 0x0000016e27f31780 flushing  nmethod 0x0000016e30d16908
Event: 8.279 Thread 0x0000016e27f31780 flushing  nmethod 0x0000016e30e58d88
Event: 8.279 Thread 0x0000016e27f31780 flushing  nmethod 0x0000016e30e70c88
Event: 8.279 Thread 0x0000016e27f31780 flushing  nmethod 0x0000016e30e9b108
Event: 8.279 Thread 0x0000016e27f31780 flushing  nmethod 0x0000016e30f3a988
Event: 8.279 Thread 0x0000016e27f31780 flushing  nmethod 0x0000016e30f3b108
Event: 8.279 Thread 0x0000016e27f31780 flushing  nmethod 0x0000016e30fb2888
Event: 8.279 Thread 0x0000016e27f31780 flushing  nmethod 0x0000016e30fedf08
Event: 8.279 Thread 0x0000016e27f31780 flushing  nmethod 0x0000016e31005408
Event: 8.279 Thread 0x0000016e27f31780 flushing  nmethod 0x0000016e31029388
Event: 8.279 Thread 0x0000016e27f31780 flushing  nmethod 0x0000016e31072a88
Event: 8.279 Thread 0x0000016e27f31780 flushing  nmethod 0x0000016e3114bd08
Event: 8.279 Thread 0x0000016e27f31780 flushing  nmethod 0x0000016e31151488
Event: 8.279 Thread 0x0000016e27f31780 flushing  nmethod 0x0000016e31151788

Events (20 events):
Event: 0.134 Thread 0x0000016e27e7af70 JVMTI - enter start phase
Event: 0.134 Thread 0x0000016e27e7af70 JVMTI - enter live phase
Event: 0.134 Thread 0x0000016e27e7af70 Thread added: 0x0000016e446a7650
Event: 0.136 Thread 0x0000016e27e7af70 Thread added: 0x0000016e446b4570
Event: 0.201 Thread 0x0000016e44609260 Thread added: 0x0000016e446902e0
Event: 0.714 Thread 0x0000016e27e7af70 Thread added: 0x0000016e49bb8ac0
Event: 0.718 Thread 0x0000016e49bb8ac0 Thread added: 0x0000016e49bbdbc0
Event: 1.210 Thread 0x0000016e49bbdbc0 Thread added: 0x0000016e49e3c5e0
Event: 1.733 Thread 0x0000016e49bbdbc0 Thread added: 0x0000016e49eeeae0
Event: 1.790 Thread 0x0000016e49eeeae0 Thread exited: 0x0000016e49eeeae0
Event: 2.096 Thread 0x0000016e49e3c5e0 Thread exited: 0x0000016e49e3c5e0
Event: 3.836 Thread 0x0000016e49bbdbc0 Thread added: 0x0000016e49b8dea0
Event: 3.838 Thread 0x0000016e49bbdbc0 Thread added: 0x0000016e49b8ee40
Event: 3.841 Thread 0x0000016e49bbdbc0 Thread added: 0x0000016e49b905b0
Event: 3.891 Thread 0x0000016e49bbdbc0 Thread added: 0x0000016e49b91550
Event: 5.453 Thread 0x0000016e49bbdbc0 Thread added: 0x0000016e4becb720
Event: 5.594 Thread 0x0000016e4becb720 Thread added: 0x0000016e4becc6c0
Event: 6.398 Thread 0x0000016e446902e0 Thread exited: 0x0000016e446902e0
Event: 6.632 Thread 0x0000016e445d0ed0 Thread added: 0x0000016e4c699c10
Event: 8.077 Thread 0x0000016e49bbdbc0 Thread added: 0x0000016e4460c2a0


Dynamic libraries:
0x00007ff657ee0000 - 0x00007ff657eee000 	C:\Users\tela\Java\zulu25.36.15-ca-jdk25.0.4-win_x64\bin\javaw.exe
0x00007ff836f50000 - 0x00007ff837149000 	C:\Windows\SYSTEM32\ntdll.dll
0x00007ff8350b0000 - 0x00007ff835172000 	C:\Windows\System32\KERNEL32.DLL
0x00007ff8348c0000 - 0x00007ff834bb7000 	C:\Windows\System32\KERNELBASE.dll
0x00007ff834660000 - 0x00007ff834760000 	C:\Windows\System32\ucrtbase.dll
0x00007ff831640000 - 0x00007ff831657000 	C:\Users\tela\Java\zulu25.36.15-ca-jdk25.0.4-win_x64\bin\jli.dll
0x00007ff836100000 - 0x00007ff83629d000 	C:\Windows\System32\USER32.dll
0x00007ff834dc0000 - 0x00007ff834de2000 	C:\Windows\System32\win32u.dll
0x00007ff8357d0000 - 0x00007ff8357fb000 	C:\Windows\System32\GDI32.dll
0x00007ff834bc0000 - 0x00007ff834cda000 	C:\Windows\System32\gdi32full.dll
0x00007ff8345c0000 - 0x00007ff83465d000 	C:\Windows\System32\msvcp_win.dll
0x00007ff8315c0000 - 0x00007ff8315de000 	C:\Users\tela\Java\zulu25.36.15-ca-jdk25.0.4-win_x64\bin\VCRUNTIME140.dll
0x00007ff824c30000 - 0x00007ff824ecb000 	C:\Windows\WinSxS\amd64_microsoft.windows.common-controls_6595b64144ccf1df_6.0.19041.7663_none_60b9ed0b71f50c93\COMCTL32.dll
0x00007ff834fb0000 - 0x00007ff83504e000 	C:\Windows\System32\msvcrt.dll
0x00007ff8362a0000 - 0x00007ff8362cf000 	C:\Windows\System32\IMM32.DLL
0x00007ff8315b0000 - 0x00007ff8315bc000 	C:\Users\tela\Java\zulu25.36.15-ca-jdk25.0.4-win_x64\bin\vcruntime140_1.dll
0x00007ff814f50000 - 0x00007ff814fdd000 	C:\Users\tela\Java\zulu25.36.15-ca-jdk25.0.4-win_x64\bin\msvcp140.dll
0x00007ffff03e0000 - 0x00007ffff1319000 	C:\Users\tela\Java\zulu25.36.15-ca-jdk25.0.4-win_x64\bin\server\jvm.dll
0x00007ff835700000 - 0x00007ff8357b2000 	C:\Windows\System32\ADVAPI32.dll
0x00007ff8353f0000 - 0x00007ff835490000 	C:\Windows\System32\sechost.dll
0x00007ff835800000 - 0x00007ff835926000 	C:\Windows\System32\RPCRT4.dll
0x00007ff834df0000 - 0x00007ff834e17000 	C:\Windows\System32\bcrypt.dll
0x00007ff835570000 - 0x00007ff8355db000 	C:\Windows\System32\WS2_32.dll
0x00007ff834360000 - 0x00007ff8343ab000 	C:\Windows\SYSTEM32\POWRPROF.dll
0x00007ff81c740000 - 0x00007ff81c767000 	C:\Windows\SYSTEM32\WINMM.dll
0x00007ff82db10000 - 0x00007ff82db1a000 	C:\Windows\SYSTEM32\VERSION.dll
0x00007ff834340000 - 0x00007ff834352000 	C:\Windows\SYSTEM32\UMPDC.dll
0x00007ff832420000 - 0x00007ff832432000 	C:\Windows\SYSTEM32\kernel.appcore.dll
0x00007ff8315a0000 - 0x00007ff8315aa000 	C:\Users\tela\Java\zulu25.36.15-ca-jdk25.0.4-win_x64\bin\jimage.dll
0x00007ff8316a0000 - 0x00007ff8318a1000 	C:\Windows\SYSTEM32\DBGHELP.DLL
0x00007ff831660000 - 0x00007ff831694000 	C:\Windows\SYSTEM32\dbgcore.DLL
0x00007ff834d30000 - 0x00007ff834db2000 	C:\Windows\System32\bcryptPrimitives.dll
0x00007ff831540000 - 0x00007ff83155e000 	C:\Users\tela\Java\zulu25.36.15-ca-jdk25.0.4-win_x64\bin\java.dll
0x00007ff835180000 - 0x00007ff8352ab000 	C:\Windows\System32\ole32.dll
0x00007ff835da0000 - 0x00007ff8360f3000 	C:\Windows\System32\combase.dll
0x00007ff8365c0000 - 0x00007ff836d31000 	C:\Windows\System32\SHELL32.dll
0x00007ff832630000 - 0x00007ff832ddc000 	C:\Windows\SYSTEM32\windows.storage.dll
0x00007ff833f70000 - 0x00007ff833f9b000 	C:\Windows\SYSTEM32\Wldp.dll
0x00007ff836330000 - 0x00007ff836406000 	C:\Windows\System32\OLEAUT32.dll
0x00007ff835340000 - 0x00007ff8353ed000 	C:\Windows\System32\SHCORE.dll
0x00007ff834f50000 - 0x00007ff834fab000 	C:\Windows\System32\shlwapi.dll
0x00007ff8344e0000 - 0x00007ff834505000 	C:\Windows\SYSTEM32\profapi.dll
0x00007ff8310d0000 - 0x00007ff8310e0000 	C:\Users\tela\Java\zulu25.36.15-ca-jdk25.0.4-win_x64\bin\net.dll
0x00007ff833c40000 - 0x00007ff833caa000 	C:\Windows\system32\mswsock.dll
0x00007ff8310b0000 - 0x00007ff8310c6000 	C:\Users\tela\Java\zulu25.36.15-ca-jdk25.0.4-win_x64\bin\nio.dll
0x00007ff830c80000 - 0x00007ff830c96000 	C:\Users\tela\Java\zulu25.36.15-ca-jdk25.0.4-win_x64\bin\zip.dll
0x00007ff8310a0000 - 0x00007ff8310aa000 	C:\Users\tela\Java\zulu25.36.15-ca-jdk25.0.4-win_x64\bin\management.dll
0x00007ff830c70000 - 0x00007ff830c7b000 	C:\Users\tela\Java\zulu25.36.15-ca-jdk25.0.4-win_x64\bin\management_ext.dll
0x00007ff8357c0000 - 0x00007ff8357c8000 	C:\Windows\System32\PSAPI.DLL
0x00007ff830c60000 - 0x00007ff830c6e000 	C:\Users\tela\Java\zulu25.36.15-ca-jdk25.0.4-win_x64\bin\sunmscapi.dll
0x00007ff834760000 - 0x00007ff8348bd000 	C:\Windows\System32\CRYPT32.dll
0x00007ff833fe0000 - 0x00007ff834007000 	C:\Windows\SYSTEM32\ncrypt.dll
0x00007ff833fa0000 - 0x00007ff833fdb000 	C:\Windows\SYSTEM32\NTASN1.dll
0x00007ff833e70000 - 0x00007ff833e88000 	C:\Windows\SYSTEM32\CRYPTSP.dll
0x00007ff833560000 - 0x00007ff833598000 	C:\Windows\system32\rsaenh.dll
0x00007ff834460000 - 0x00007ff83448e000 	C:\Windows\SYSTEM32\USERENV.dll
0x00007ff833e60000 - 0x00007ff833e6c000 	C:\Windows\SYSTEM32\CRYPTBASE.dll
0x00007ff833920000 - 0x00007ff83395b000 	C:\Windows\SYSTEM32\IPHLPAPI.DLL
0x00007ff8356f0000 - 0x00007ff8356f8000 	C:\Windows\System32\NSI.dll
0x00007ff833960000 - 0x00007ff833a2c000 	C:\Windows\SYSTEM32\DNSAPI.dll
0x00000000544e0000 - 0x0000000054506000 	C:\Program Files\Bonjour\mdnsNSP.dll
0x00007ff8247e0000 - 0x00007ff8247ea000 	C:\Windows\System32\rasadhlp.dll
0x00007ff8243b0000 - 0x00007ff824430000 	C:\Windows\System32\fwpuclnt.dll
0x00007ff830c50000 - 0x00007ff830c59000 	C:\Users\tela\Java\zulu25.36.15-ca-jdk25.0.4-win_x64\bin\extnet.dll

JVMTI agents: none

dbghelp: loaded successfully - version: 4.0.5 - missing functions: none
symbol engine: initialized successfully - sym options: 0x614 - pdb path: .;C:\Users\tela\Java\zulu25.36.15-ca-jdk25.0.4-win_x64\bin;C:\Windows\SYSTEM32;C:\Windows\WinSxS\amd64_microsoft.windows.common-controls_6595b64144ccf1df_6.0.19041.7663_none_60b9ed0b71f50c93;C:\Users\tela\Java\zulu25.36.15-ca-jdk25.0.4-win_x64\bin\server;C:\Program Files\Bonjour

VM Arguments:
jvm_args: -Dfile.encoding=UTF-8 -Dstdout.encoding=UTF-8 -Dstderr.encoding=UTF-8 -XX:+ShowCodeDetailsInExceptionMessages 
java_command: ifrn.pi.eventos.EventosApplication
java_class_path (initial): C:\Users\tela\workspace\pi\eventos\target\classes;C:\Users\tela\.m2\repository\org\springframework\boot\spring-boot-starter-thymeleaf\4.1.1\spring-boot-starter-thymeleaf-4.1.1.jar;C:\Users\tela\.m2\repository\org\springframework\boot\spring-boot-starter\4.1.1\spring-boot-starter-4.1.1.jar;C:\Users\tela\.m2\repository\org\springframework\boot\spring-boot-starter-logging\4.1.1\spring-boot-starter-logging-4.1.1.jar;C:\Users\tela\.m2\repository\ch\qos\logback\logback-classic\1.5.38\logback-classic-1.5.38.jar;C:\Users\tela\.m2\repository\ch\qos\logback\logback-core\1.5.38\logback-core-1.5.38.jar;C:\Users\tela\.m2\repository\org\apache\logging\log4j\log4j-to-slf4j\2.25.5\log4j-to-slf4j-2.25.5.jar;C:\Users\tela\.m2\repository\org\apache\logging\log4j\log4j-api\2.25.5\log4j-api-2.25.5.jar;C:\Users\tela\.m2\repository\org\slf4j\jul-to-slf4j\2.0.18\jul-to-slf4j-2.0.18.jar;C:\Users\tela\.m2\repository\jakarta\annotation\jakarta.annotation-api\3.0.0\jakarta.annotation-api-3.0.0.jar;C:\Users\tela\.m2\repository\org\yaml\snakeyaml\2.6\snakeyaml-2.6.jar;C:\Users\tela\.m2\repository\org\springframework\boot\spring-boot-thymeleaf\4.1.1\spring-boot-thymeleaf-4.1.1.jar;C:\Users\tela\.m2\repository\org\thymeleaf\thymeleaf-spring6\3.1.5.RELEASE\thymeleaf-spring6-3.1.5.RELEASE.jar;C:\Users\tela\.m2\repository\org\thymeleaf\thymeleaf\3.1.5.RELEASE\thymeleaf-3.1.5.RELEASE.jar;C:\Users\tela\.m2\repository\org\attoparser\attoparser\2.0.7.RELEASE\attoparser-2.0.7.RELEASE.jar;C:\Users\tela\.m2\repository\org\unbescape\unbescape\1.1.6.RELEASE\unbescape-1.1.6.RELEASE.jar;C:\Users\tela\.m2\repository\org\slf4j\slf4j-api\2.0.18\slf4j-api-2.0.18.jar;C:\Users\tela\.m2\repository\org\springframework\spring-web\7.0.9\spring-web-7.0.9.jar;C:\Users\tela\.m2\repository\org\springframework\spring-beans\7.0.9\spring-beans-7.0.9.jar;C:\Users\tela\.m2\repository\io\micrometer\micrometer-observation\1.17.1\micrometer-observation-1.17.1.jar;C:\Users\tela\.m2\repository\io\micrometer\micrometer-commons\1.17.1\micrometer-commons-1.17.1.jar;C:\Users\tela\.m2\repository\org\springframework\boot\spring-boot-starter-webmvc\4.1.1\spring-boot-starter-webmvc-4.1.1.jar;C:\Users\tela\.m2\repository\org\springframework\boot\spring-boot-starter-jackson\4.1.1\spring-boot-starter-jackson-4.1.1.jar;C:\Users\tela\.m2\repository\org\springframework\boot\spring-boot-jackson\4.1.1\spring-boot-jackson-4.1.1.jar;C:\Users\tela\.m2\repository\tools\jackson\core\jackson-databind\3.1.5\jackson-databind-3.1.5.jar;C:\Users\tela\.m2\repository\com\fasterxml\jackson\core\jackson-annotations\2.21\jackson-annotations-2.21.jar;C:\Users\tela\.m2\repository\tools\jackson\core\jackson-core\3.1.5\jackson-core-3.1.5.jar;C:\Users\tela\.m2\repository\org\springframework\boot\spring-boot-starter-tomcat\4.1.1\spring-boot-starter-tomcat-4.1.1.jar;C:\Users\tela\.m2\repository\org\springframework\boot\spring-boot-starter-tomcat-runtime\4.1.1\spring-boot-starter-tomcat-runtime-4.1.1.jar;C:\Users\tela\.m2\repository\org\apache\tomcat\embed\tomcat-embed-core\11.0.24\tomcat-embed-core-11.0.24.jar;C:\Users\tela\.m2\repository\org\apache\tomcat\embed\tomcat-embed-websocket\11.0.24\tomcat-embed-websocket-11.0.24.jar;C:\Users\tela\.m2\repository\org\springframework\boot\spring-boot-tomcat\4.1.1\spring-boot-tomcat-4.1.1.jar;C:\Users\tela\.m2\repository\org\springframework\boot\spring-boot-http-converter\4.1.1\spring-boot-http-converter-4.1.1.jar;C:\Users\tela\.m2\repository\org\springframework\boot\spring-boot-webmvc\4.1.1\spring-boot-webmvc-4.1.1.jar;C:\Users\tela\.m2\repository\org\springframework\boot\spring-boot-servlet\4.1.1\spring-boot-servlet-4.1.1.jar;C:\Users\tela\.m2\repository\org\springframework\spring-webmvc\7.0.9\spring-webmvc-7.0.9.jar;C:\Users\tela\.m2\repository\org\springframework\spring-aop\7.0.9\spring-aop-7.0.9.jar;C:\Users\tela\.m2\repository\org\springframework\spring-expression\7.0.9\spring-expression-7.0.9.jar;C:\Users\tela\.m2\repository\org\springframework\boot\spring-boot-starter-data-jpa\4.1.1\spring-boot-starter-data-jpa-4.1.1.jar;C:\Users\tela\.m2\repository\org\springframework\boot\spring-boot-starter-jdbc\4.1.1\spring-boot-starter-jdbc-4.1.1.jar;C:\Users\tela\.m2\repository\com\zaxxer\HikariCP\7.0.2\HikariCP-7.0.2.jar;C:\Users\tela\.m2\repository\org\springframework\boot\spring-boot-data-jpa\4.1.1\spring-boot-data-jpa-4.1.1.jar;C:\Users\tela\.m2\repository\org\springframework\boot\spring-boot-data-commons\4.1.1\spring-boot-data-commons-4.1.1.jar;C:\Users\tela\.m2\repository\org\springframework\boot\spring-boot-persistence\4.1.1\spring-boot-persistence-4.1.1.jar;C:\Users\tela\.m2\repository\org\springframework\data\spring-data-commons\4.1.1\spring-data-commons-4.1.1.jar;C:\Users\tela\.m2\repository\org\springframework\boot\spring-boot-hibernate\4.1.1\spring-boot-hibernate-4.1.1.jar;C:\Users\tela\.m2\repository\org\springframework\boot\spring-boot-jpa\4.1.1\spring-boot-jpa-4.1.1.jar;C:\Users\tela\.m2\repository\jakarta\persistence\jakarta.persistence-api\3.2.0\jakarta.persistence-api-3.2.0.jar;C:\Users\tela\.m2\repository\org\hibernate\orm\hibernate-core\7.4.5.Final\hibernate-core-7.4.5.Final.jar;C:\Users\tela\.m2\repository\jakarta\transaction\jakarta.transaction-api\2.0.1\jakarta.transaction-api-2.0.1.jar;C:\Users\tela\.m2\repository\org\hibernate\models\hibernate-models\1.1.1\hibernate-models-1.1.1.jar;C:\Users\tela\.m2\repository\org\glassfish\jaxb\jaxb-runtime\4.0.9\jaxb-runtime-4.0.9.jar;C:\Users\tela\.m2\repository\org\glassfish\jaxb\jaxb-core\4.0.9\jaxb-core-4.0.9.jar;C:\Users\tela\.m2\repository\org\eclipse\angus\angus-activation\2.0.3\angus-activation-2.0.3.jar;C:\Users\tela\.m2\repository\org\glassfish\jaxb\txw2\4.0.9\txw2-4.0.9.jar;C:\Users\tela\.m2\repository\com\sun\istack\istack-commons-runtime\4.1.2\istack-commons-runtime-4.1.2.jar;C:\Users\tela\.m2\repository\jakarta\inject\jakarta.inject-api\2.0.1\jakarta.inject-api-2.0.1.jar;C:\Users\tela\.m2\repository\org\springframework\spring-orm\7.0.9\spring-orm-7.0.9.jar;C:\Users\tela\.m2\repository\org\springframework\data\spring-data-jpa\4.1.1\spring-data-jpa-4.1.1.jar;C:\Users\tela\.m2\repository\org\springframework\spring-tx\7.0.9\spring-tx-7.0.9.jar;C:\Users\tela\.m2\repository\org\antlr\antlr4-runtime\4.13.2\antlr4-runtime-4.13.2.jar;C:\Users\tela\.m2\repository\org\springframework\spring-aspects\7.0.9\spring-aspects-7.0.9.jar;C:\Users\tela\.m2\repository\org\aspectj\aspectjweaver\1.9.25.1\aspectjweaver-1.9.25.1.jar;C:\Users\tela\.m2\repository\org\springframework\boot\spring-boot-jdbc\4.1.1\spring-boot-jdbc-4.1.1.jar;C:\Users\tela\.m2\repository\org\springframework\boot\spring-boot-sql\4.1.1\spring-boot-sql-4.1.1.jar;C:\Users\tela\.m2\repository\org\springframework\boot\spring-boot-transaction\4.1.1\spring-boot-transaction-4.1.1.jar;C:\Users\tela\.m2\repository\org\springframework\spring-jdbc\7.0.9\spring-jdbc-7.0.9.jar;C:\Users\tela\.m2\repository\org\springframework\boot\spring-boot-starter-validation\4.1.1\spring-boot-starter-validation-4.1.1.jar;C:\Users\tela\.m2\repository\org\springframework\boot\spring-boot-validation\4.1.1\spring-boot-validation-4.1.1.jar;C:\Users\tela\.m2\repository\org\apache\tomcat\embed\tomcat-embed-el\11.0.24\tomcat-embed-el-11.0.24.jar;C:\Users\tela\.m2\repository\org\hibernate\validator\hibernate-validator\9.1.3.Final\hibernate-validator-9.1.3.Final.jar;C:\Users\tela\.m2\repository\jakarta\validation\jakarta.validation-api\3.1.1\jakarta.validation-api-3.1.1.jar;C:\Users\tela\.m2\repository\org\jboss\logging\jboss-logging\3.6.3.Final\jboss-logging-3.6.3.Final.jar;C:\Users\tela\.m2\repository\com\fasterxml\classmate\1.7.3\classmate-1.7.3.jar;C:\Users\tela\.m2\repository\com\mysql\mysql-connector-j\9.7.0\mysql-connector-j-9.7.0.jar;C:\Users\tela\.m2\repository\org\springframework\boot\spring-boot-devtools\4.1.1\spring-boot-devtools-4.1.1.jar;C:\Users\tela\.m2\repository\org\springframework\boot\spring-boot\4.1.1\spring-boot-4.1.1.jar;C:\Users\tela\.m2\repository\org\springframework\spring-core\7.0.9\spring-core-7.0.9.jar;C:\Users\tela\.m2\repository\commons-logging\commons-logging\1.3.6\commons-logging-1.3.6.jar;C:\Users\tela\.m2\repository\org\jspecify\jspecify\1.0.1\jspecify-1.0.1.jar;C:\Users\tela\.m2\repository\org\springframework\spring-context\7.0.9\spring-context-7.0.9.jar;C:\Users\tela\.m2\repository\org\springframework\boot\spring-boot-autoconfigure\4.1.1\spring-boot-autoconfigure-4.1.1.jar;C:\Users\tela\.m2\repository\jakarta\xml\bind\jakarta.xml.bind-api\4.0.5\jakarta.xml.bind-api-4.0.5.jar;C:\Users\tela\.m2\repository\jakarta\activation\jakarta.activation-api\2.1.4\jakarta.activation-api-2.1.4.jar;C:\Users\tela\.m2\repository\net\bytebuddy\byte-buddy\1.18.11\byte-buddy-1.18.11.jar;C:\Users\tela\.m2\repository\org\springframework\boot\spring-boot-web-server\4.1.1\spring-boot-web-server-4.1.1.jar
Launcher Type: SUN_STANDARD

[Global flags]
     intx CICompilerCount                          = 3                                         {product} {ergonomic}
     uint ConcGCThreads                            = 1                                         {product} {ergonomic}
     uint G1ConcRefinementThreads                  = 4                                         {product} {ergonomic}
   size_t G1HeapRegionSize                         = 1048576                                   {product} {ergonomic}
   size_t InitialHeapSize                          = 134217728                                 {product} {ergonomic}
   size_t MarkStackSize                            = 4194304                                   {product} {ergonomic}
   size_t MarkStackSizeMax                         = 536870912                                 {product} {ergonomic}
   size_t MaxHeapSize                              = 2122317824                                {product} {ergonomic}
   size_t MaxNewSize                               = 1272971264                                {product} {ergonomic}
   size_t MinHeapDeltaBytes                        = 1048576                                   {product} {ergonomic}
   size_t MinHeapSize                              = 8388608                                   {product} {ergonomic}
    uintx NonNMethodCodeHeapSize                   = 5898240                                {pd product} {ergonomic}
    uintx NonProfiledCodeHeapSize                  = 122945536                              {pd product} {ergonomic}
    uintx ProfiledCodeHeapSize                     = 122945536                              {pd product} {ergonomic}
    uintx ReservedCodeCacheSize                    = 251789312                              {pd product} {ergonomic}
     bool SegmentedCodeCache                       = true                                      {product} {ergonomic}
     bool ShowCodeDetailsInExceptionMessages       = true                                   {manageable} {command line}
   size_t SoftMaxHeapSize                          = 2122317824                             {manageable} {ergonomic}
     bool UseCompressedOops                        = true                           {product lp64_product} {ergonomic}
     bool UseG1GC                                  = true                                      {product} {ergonomic}
     bool UseLargePagesIndividualAllocation        = false                                  {pd product} {ergonomic}

Logging:
Log output configuration:
 #0: stdout all=warning uptime,level,tags foldmultilines=false
 #1: stderr all=off uptime,level,tags foldmultilines=false

Release file:
IMPLEMENTOR="Azul Systems, Inc." 
IMPLEMENTOR_VERSION="Zulu25.36+15-CA" 
JAVA_RUNTIME_VERSION="25.0.4+7-LTS" 
JAVA_VERSION="25.0.4" 
JAVA_VERSION_DATE="2026-07-21" 
LIBC="default" 
MODULES="java.base java.compiler java.datatransfer java.xml java.prefs java.desktop java.instrument java.logging java.management java.security.sasl java.naming java.rmi java.management.rmi java.net.http java.scripting java.security.jgss java.transaction.xa java.sql java.sql.rowset java.xml.crypto java.se java.smartcardio jdk.accessibility jdk.internal.jvmstat jdk.attach jdk.charsets jdk.internal.opt jdk.zipfs jdk.compiler jdk.crypto.cryptoki jdk.crypto.ec jdk.crypto.mscapi jdk.dynalink jdk.internal.ed jdk.editpad jdk.internal.vm.ci jdk.graal.compiler jdk.graal.compiler.management jdk.hotspot.agent jdk.httpserver jdk.incubator.vector jdk.internal.le jdk.internal.md jdk.jartool jdk.javadoc jdk.jcmd jdk.management jdk.management.agent jdk.jconsole jdk.jdeps jdk.jdwp.agent jdk.jdi jdk.jfr jdk.jlink jdk.jpackage jdk.jshell jdk.jsobject jdk.jstatd jdk.localedata jdk.management.jfr jdk.naming.dns jdk.naming.rmi jdk.net jdk.nio.mapmode jdk.sctp jdk.security.auth jdk.security.jgss jdk.unsupported jdk.unsupported.desktop jdk.xml.dom" 
OS_ARCH="x86_64" 
OS_NAME="Windows" 
SOURCE=".:git:9f5a367f7629" 

Environment Variables:
JAVA_HOME=C:\Users\tela\Java\zulu25.36.15-ca-jdk25.0.4-win_x64
PATH=C:/Users/tela/Downloads/eclipse//plugins/org.eclipse.justj.openjdk.hotspot.jre.full.win32.x86_64_21.0.11.v20260515-1531/jre/bin/server;C:/Users/tela/Downloads/eclipse//plugins/org.eclipse.justj.openjdk.hotspot.jre.full.win32.x86_64_21.0.11.v20260515-1531/jre/bin;C:\Users\tela\Java\zulu25.36.15-ca-jdk25.0.4-win_x64\bin;C:\Program Files (x86)\Common Files\Oracle\Java\java8path;C:\Program Files (x86)\Common Files\Oracle\Java\javapath;C:\Windows\system32;C:\Windows;C:\Windows\System32\Wbem;C:\Windows\System32\WindowsPowerShell\v1.0\;C:\Windows\System32\OpenSSH\;C:\Program Files\dotnet\;C:\workspaces\pi\Git\cmd;C:\Program Files\MySQL\MySQL Shell 8.0\bin\;C:\Users\tela\AppData\Local\Microsoft\WindowsApps;C:\Users\tela\AppData\Local\Programs\Microsoft VS Code\bin;C:\Users\tela\Downloads\eclipse;
USERNAME=JCanela
OS=Windows_NT
PROCESSOR_IDENTIFIER=Intel64 Family 6 Model 142 Stepping 10, GenuineIntel
TMP=C:\Users\tela\AppData\Local\Temp
TEMP=C:\Users\tela\AppData\Local\Temp




Compilation memory statistics disabled.

Periodic native trim disabled

---------------  S Y S T E M  ---------------

OS:
 Windows 10 , 64 bit Build 19041 (10.0.19041.7663)
OS uptime: 0 days 2:30 hours

CPU: total 4 (initial active 4) (2 cores per cpu, 2 threads per core) family 6 model 142 stepping 10 microcode 0xf4, cx8, cmov, fxsr, ht, mmx, 3dnowpref, sse, sse2, sse3, ssse3, sse4.1, sse4.2, popcnt, lzcnt, tsc, tscinvbit, avx, avx2, aes, erms, clmul, bmi1, bmi2, adx, fma, vzeroupper, clflush, clflushopt, rdtscp, f16c
Processor Information for the first 4 processors :
  Max Mhz: 2208, Current Mhz: 2208, Mhz Limit: 2208

Memory: 4k page, system-wide physical 8088M (1079M free)
TotalPageFile size 8088M (AvailPageFile size 100M)
current process WorkingSet (physical memory assigned to process): 260M, peak: 262M
current process commit charge ("private bytes"): 289M, peak: 300M

vm_info: OpenJDK 64-Bit Server VM (25.0.4+7-LTS) for windows-amd64 JRE (25.0.4+7-LTS) (Zulu25.36+15-CA), built on 2026-07-03T22:32:29Z with MS VC++ 17.1 (VS2022)

END.
