#
# There is insufficient memory for the Java Runtime Environment to continue.
# Native memory allocation (malloc) failed to allocate 1276312 bytes. Error detail: Chunk::new
# Possible reasons:
#   The system is out of physical RAM or swap space
#   This process is running with CompressedOops enabled, and the Java Heap may be blocking the growth of the native heap
# Possible solutions:
#   Reduce memory load on the system
#   Increase physical memory or swap space
#   Check if swap backing store is full
#   Decrease Java heap size (-Xmx/-Xms)
#   Decrease number of Java threads
#   Decrease Java thread stack sizes (-Xss)
#   Set larger code cache with -XX:ReservedCodeCacheSize=
#   JVM is running with Unscaled Compressed Oops mode in which the Java heap is
#     placed in the first 4GB address space. The Java Heap base address is the
#     maximum limit for the native heap growth. Please use -XX:HeapBaseMinAddress
#     to set the Java Heap base and to place the Java Heap above 4GB virtual address.
# This output file may be truncated or incomplete.
#
#  Out of Memory Error (arena.cpp:186), pid=6364, tid=1756
#
# JRE version: OpenJDK Runtime Environment Zulu25.36+15-CA (25.0.4+7) (build 25.0.4+7-LTS)
# Java VM: OpenJDK 64-Bit Server VM Zulu25.36+15-CA (25.0.4+7-LTS, mixed mode, sharing, tiered, compressed oops, compressed class ptrs, g1 gc, windows-amd64)
# No core dump will be written. Minidumps are not enabled by default on client versions of Windows
#

---------------  S U M M A R Y ------------

Command Line: -Dfile.encoding=UTF-8 -Dstdout.encoding=UTF-8 -Dstderr.encoding=UTF-8 -XX:+ShowCodeDetailsInExceptionMessages ifrn.pi.eventos.EventosApplication

Host: Intel(R) Core(TM) i3-8130U CPU @ 2.20GHz, 4 cores, 7G,  Windows 10 , 64 bit Build 19041 (10.0.19041.7663)
Time: Sun Sep 20 16:13:17 2026 Hora oficial do Brasil elapsed time: 3063.531411 seconds (0d 0h 51m 3s)

---------------  T H R E A D  ---------------

Current thread (0x0000020f7e748820):  JavaThread "C2 CompilerThread0" daemon [_thread_in_native, id=1756, stack(0x00000019fa800000,0x00000019fa900000) (1024K)]


Current CompileTask:
C2:3063531 11737       4       java.util.TreeMap::put (221 bytes)

Stack: [0x00000019fa800000,0x00000019fa900000]
Native frames: (J=compiled Java code, j=interpreted, Vv=VM code, C=native code)
V  [jvm.dll+0x7b8c49]  (no source info available)
V  [jvm.dll+0x7827ed]  (no source info available)
V  [jvm.dll+0xa06d9d]  (no source info available)
V  [jvm.dll+0xa09214]  (no source info available)
V  [jvm.dll+0xa09913]  (no source info available)
V  [jvm.dll+0x30a356]  (no source info available)
V  [jvm.dll+0x1126a6]  (no source info available)
V  [jvm.dll+0x1129d1]  (no source info available)
V  [jvm.dll+0x1aa43b]  (no source info available)
V  [jvm.dll+0x3c1b62]  (no source info available)
V  [jvm.dll+0x7be4b4]  (no source info available)
V  [jvm.dll+0x2cdc46]  (no source info available)
V  [jvm.dll+0x2cccc1]  (no source info available)
V  [jvm.dll+0x242f2a]  (no source info available)
V  [jvm.dll+0x2dc531]  (no source info available)
V  [jvm.dll+0x2da77a]  (no source info available)
V  [jvm.dll+0x49da6e]  (no source info available)
V  [jvm.dll+0x9a7b38]  (no source info available)
V  [jvm.dll+0x7b7185]  (no source info available)
C  [ucrtbase.dll+0x21bb2]  (no source info available)
C  [KERNEL32.DLL+0x17374]  (no source info available)
C  [ntdll.dll+0x4cc91]  (no source info available)

Lock stack of current Java thread (top to bottom):


---------------  P R O C E S S  ---------------

Threads class SMR info:
_java_thread_list=0x0000020f1fcda510, length=29, elements={
0x0000020f7e739860, 0x0000020f7e73ac40, 0x0000020f7e73d4e0, 0x0000020f7e73e0a0,
0x0000020f7e73f890, 0x0000020f7e740450, 0x0000020f7e748820, 0x0000020f7e749430,
0x0000020f7e7e8580, 0x0000020f19a973a0, 0x0000020f1fd53be0, 0x0000020f1f33ddc0,
0x0000020f20b7ca90, 0x0000020f20b7a380, 0x0000020f20b793e0, 0x0000020f20b7baf0,
0x0000020f1e6b5e10, 0x0000020f1e6af0b0, 0x0000020f1e6b4e70, 0x0000020f1e6b5640,
0x0000020f1e6af880, 0x0000020f1e6b0820, 0x0000020f1e6b0ff0, 0x0000020f1f338000,
0x0000020f1f339770, 0x0000020f1f337060, 0x0000020f1f339f40, 0x0000020f19c92150,
0x0000020f19c8fa40
}

Java Threads: ( => current thread )
  0x0000020f7e739860 JavaThread "Reference Handler"          daemon [_thread_blocked, id=15372, stack(0x00000019fa200000,0x00000019fa300000) (1024K)]
  0x0000020f7e73ac40 JavaThread "Finalizer"                  daemon [_thread_blocked, id=9848, stack(0x00000019fa300000,0x00000019fa400000) (1024K)]
  0x0000020f7e73d4e0 JavaThread "Signal Dispatcher"          daemon [_thread_blocked, id=10708, stack(0x00000019fa400000,0x00000019fa500000) (1024K)]
  0x0000020f7e73e0a0 JavaThread "Attach Listener"            daemon [_thread_blocked, id=7316, stack(0x00000019fa500000,0x00000019fa600000) (1024K)]
  0x0000020f7e73f890 JavaThread "Service Thread"             daemon [_thread_blocked, id=14848, stack(0x00000019fa600000,0x00000019fa700000) (1024K)]
  0x0000020f7e740450 JavaThread "Monitor Deflation Thread"   daemon [_thread_blocked, id=6472, stack(0x00000019fa700000,0x00000019fa800000) (1024K)]
=>0x0000020f7e748820 JavaThread "C2 CompilerThread0"         daemon [_thread_in_native, id=1756, stack(0x00000019fa800000,0x00000019fa900000) (1024K)]
  0x0000020f7e749430 JavaThread "C1 CompilerThread0"         daemon [_thread_blocked, id=7192, stack(0x00000019fa900000,0x00000019faa00000) (1024K)]
  0x0000020f7e7e8580 JavaThread "Notification Thread"        daemon [_thread_blocked, id=2664, stack(0x00000019faa00000,0x00000019fab00000) (1024K)]
  0x0000020f19a973a0 JavaThread "Common-Cleaner"             daemon [_thread_blocked, id=11832, stack(0x00000019fab00000,0x00000019fac00000) (1024K)]
  0x0000020f1fd53be0 JavaThread "mysql-cj-abandoned-connection-cleanup" daemon [_thread_blocked, id=5632, stack(0x00000019fb500000,0x00000019fb600000) (1024K)]
  0x0000020f1f33ddc0 JavaThread "DestroyJavaVM"                     [_thread_blocked, id=11932, stack(0x00000019f9a00000,0x00000019f9b00000) (1024K)]
  0x0000020f20b7ca90 JavaThread "Catalina-utility-1"                [_thread_blocked, id=15992, stack(0x00000019fb200000,0x00000019fb300000) (1024K)]
  0x0000020f20b7a380 JavaThread "Catalina-utility-2"                [_thread_blocked, id=6500, stack(0x00000019fb300000,0x00000019fb400000) (1024K)]
  0x0000020f20b793e0 JavaThread "container-0"                       [_thread_blocked, id=11796, stack(0x00000019fb400000,0x00000019fb500000) (1024K)]
  0x0000020f20b7baf0 JavaThread "HikariPool-4:housekeeper"   daemon [_thread_blocked, id=1932, stack(0x00000019fb600000,0x00000019fb700000) (1024K)]
  0x0000020f1e6b5e10 JavaThread "File Watcher"               daemon [_thread_blocked, id=3852, stack(0x00000019fb800000,0x00000019fb900000) (1024K)]
  0x0000020f1e6af0b0 JavaThread "http-nio-8080-exec-1"       daemon [_thread_blocked, id=2580, stack(0x00000019fb900000,0x00000019fba00000) (1024K)]
  0x0000020f1e6b4e70 JavaThread "http-nio-8080-exec-2"       daemon [_thread_blocked, id=3424, stack(0x00000019fba00000,0x00000019fbb00000) (1024K)]
  0x0000020f1e6b5640 JavaThread "http-nio-8080-exec-3"       daemon [_thread_blocked, id=5772, stack(0x00000019fbb00000,0x00000019fbc00000) (1024K)]
  0x0000020f1e6af880 JavaThread "http-nio-8080-exec-4"       daemon [_thread_blocked, id=10476, stack(0x00000019fbc00000,0x00000019fbd00000) (1024K)]
  0x0000020f1e6b0820 JavaThread "http-nio-8080-exec-5"       daemon [_thread_blocked, id=5096, stack(0x00000019fbd00000,0x00000019fbe00000) (1024K)]
  0x0000020f1e6b0ff0 JavaThread "http-nio-8080-exec-6"       daemon [_thread_blocked, id=11612, stack(0x00000019fbe00000,0x00000019fbf00000) (1024K)]
  0x0000020f1f338000 JavaThread "http-nio-8080-exec-7"       daemon [_thread_blocked, id=13404, stack(0x00000019fbf00000,0x00000019fc000000) (1024K)]
  0x0000020f1f339770 JavaThread "http-nio-8080-exec-8"       daemon [_thread_blocked, id=8880, stack(0x00000019fc000000,0x00000019fc100000) (1024K)]
  0x0000020f1f337060 JavaThread "http-nio-8080-exec-9"       daemon [_thread_blocked, id=10952, stack(0x00000019fc100000,0x00000019fc200000) (1024K)]
  0x0000020f1f339f40 JavaThread "http-nio-8080-exec-10"      daemon [_thread_blocked, id=2752, stack(0x00000019fc200000,0x00000019fc300000) (1024K)]
  0x0000020f19c92150 JavaThread "http-nio-8080-Poller"       daemon [_thread_in_native, id=14000, stack(0x00000019fc300000,0x00000019fc400000) (1024K)]
  0x0000020f19c8fa40 JavaThread "http-nio-8080-Acceptor"     daemon [_thread_in_native, id=7432, stack(0x00000019fc400000,0x00000019fc500000) (1024K)]
Total: 29

Other Threads:
  0x0000020f7e721b30 VMThread "VM Thread"                           [id=15332, stack(0x00000019fa100000,0x00000019fa200000) (1024K)]
  0x0000020f7e7100f0 WatcherThread "VM Periodic Task Thread"        [id=3856, stack(0x00000019fa000000,0x00000019fa100000) (1024K)]
  0x0000020f7babaf60 WorkerThread "GC Thread#0"                     [id=7724, stack(0x00000019f9b00000,0x00000019f9c00000) (1024K)]
  0x0000020f1e2b33a0 WorkerThread "GC Thread#1"                     [id=15424, stack(0x00000019faf00000,0x00000019fb000000) (1024K)]
  0x0000020f1e2b37f0 WorkerThread "GC Thread#2"                     [id=5236, stack(0x00000019fb000000,0x00000019fb100000) (1024K)]
  0x0000020f1e2b1120 WorkerThread "GC Thread#3"                     [id=456, stack(0x00000019fb100000,0x00000019fb200000) (1024K)]
  0x0000020f7bad74f0 ConcurrentGCThread "G1 Main Marker"            [id=1752, stack(0x00000019f9c00000,0x00000019f9d00000) (1024K)]
  0x0000020f7bad8090 WorkerThread "G1 Conc#0"                       [id=3720, stack(0x00000019f9d00000,0x00000019f9e00000) (1024K)]
  0x0000020f7bb0c700 ConcurrentGCThread "G1 Refine#0"               [id=12976, stack(0x00000019f9e00000,0x00000019f9f00000) (1024K)]
  0x0000020f7bb0d310 ConcurrentGCThread "G1 Service"                [id=11892, stack(0x00000019f9f00000,0x00000019fa000000) (1024K)]
Total: 10

Threads with active compile tasks:
C2 CompilerThread0  3063824 11737       4       java.util.TreeMap::put (221 bytes)
Total: 1

VM state: not at safepoint (normal execution)

VM Mutex/Monitor currently owned by a thread: None

Heap address: 0x0000000081800000, size: 2024 MB, Compressed Oops mode: 32-bit

CDS archive(s) mapped at: [0x000000002d000000-0x000000002ddb0000-0x000000002ddb0000), size 14352384, SharedBaseAddress: 0x000000002d000000, ArchiveRelocationMode: 1.
Compressed class space mapped at: 0x000000002e000000-0x000000006e000000, reserved size: 1073741824
UseCompressedClassPointers 1, UseCompactObjectHeaders 0
Narrow klass pointer bits 32, Max shift 3
Narrow klass base: 0x000000002d000000, Narrow klass shift: 0
Encoding Range: [0x000000002d000000 - 0x000000012d000000), (4294967296 bytes)
Klass Range:    [0x000000002d010000 - 0x000000006e000000), (1090453504 bytes)
Klass ID Range:  [65536 - 1090519033) (1090453497)
Protection zone: [0x000000002d000000 - 0x000000002d010000), (65536 bytes)

GC Precious Log:
 CardTable entry size: 512
 Card Set container configuration: InlinePtr #cards 5 size 8 Array Of Cards #cards 10 size 36 Howl #buckets 4 coarsen threshold 1843 Howl Bitmap #cards 512 size 80 coarsen threshold 460 Card regions per heap region 1 cards per card region 2048
 CPUs: 4 total, 4 available
 Memory: 8088M
 Large Page Support: Disabled
 NUMA Support: Disabled
 Compressed Oops: Enabled (32-bit)
 Heap Region Size: 1M
 Heap Min Capacity: 8M
 Heap Initial Capacity: 128M
 Heap Max Capacity: 2024M
 Pre-touch: Disabled
 Parallel Workers: 4
 Concurrent Workers: 1
 Concurrent Refinement Workers: 4
 Periodic GC: Disabled

Heap:
 garbage-first heap   total reserved 2072576K, committed 66560K, used 47781K [0x0000000081800000, 0x0000000100000000)
  region size 1024K, 11 young (11264K), 1 survivors (1024K)

Heap Regions: E=young(eden), S=young(survivor), O=old, HS=humongous(starts), HC=humongous(continues), CS=collection set, F=free, TAMS=top-at-mark-start, PB=parsable bottom
|   0|0x0000000081800000, 0x0000000081900000, 0x0000000081900000|100%|HS|  |TAMS 0x0000000081800000| PB 0x0000000081800000| Complete |  0
|   1|0x0000000081900000, 0x0000000081a00000, 0x0000000081a00000|100%| O|  |TAMS 0x0000000081900000| PB 0x0000000081900000| Untracked |  0
|   2|0x0000000081a00000, 0x0000000081affff0, 0x0000000081b00000| 99%| O|  |TAMS 0x0000000081a00000| PB 0x0000000081a00000| Untracked |  0
|   3|0x0000000081b00000, 0x0000000081bfffe8, 0x0000000081c00000| 99%| O|  |TAMS 0x0000000081b00000| PB 0x0000000081b00000| Untracked |  0
|   4|0x0000000081c00000, 0x0000000081d00000, 0x0000000081d00000|100%| O|  |TAMS 0x0000000081c00000| PB 0x0000000081c00000| Untracked |  0
|   5|0x0000000081d00000, 0x0000000081dffff0, 0x0000000081e00000| 99%| O|  |TAMS 0x0000000081d00000| PB 0x0000000081d00000| Untracked |  0
|   6|0x0000000081e00000, 0x0000000081effff0, 0x0000000081f00000| 99%| O|  |TAMS 0x0000000081e00000| PB 0x0000000081e00000| Untracked |  0
|   7|0x0000000081f00000, 0x0000000081ffffe8, 0x0000000082000000| 99%| O|  |TAMS 0x0000000081f00000| PB 0x0000000081f00000| Untracked |  0
|   8|0x0000000082000000, 0x00000000820ff980, 0x0000000082100000| 99%| O|  |TAMS 0x0000000082000000| PB 0x0000000082000000| Untracked |  0
|   9|0x0000000082100000, 0x0000000082200000, 0x0000000082200000|100%| O|  |TAMS 0x0000000082100000| PB 0x0000000082100000| Untracked |  0
|  10|0x0000000082200000, 0x00000000822ffff8, 0x0000000082300000| 99%| O|  |TAMS 0x0000000082200000| PB 0x0000000082200000| Untracked |  0
|  11|0x0000000082300000, 0x00000000823ffff8, 0x0000000082400000| 99%| O|  |TAMS 0x0000000082300000| PB 0x0000000082300000| Untracked |  0
|  12|0x0000000082400000, 0x00000000824fffe8, 0x0000000082500000| 99%| O|  |TAMS 0x0000000082400000| PB 0x0000000082400000| Untracked |  0
|  13|0x0000000082500000, 0x00000000825fffd8, 0x0000000082600000| 99%| O|  |TAMS 0x0000000082500000| PB 0x0000000082500000| Untracked |  0
|  14|0x0000000082600000, 0x00000000826fffe8, 0x0000000082700000| 99%| O|  |TAMS 0x0000000082600000| PB 0x0000000082600000| Untracked |  0
|  15|0x0000000082700000, 0x00000000827fff90, 0x0000000082800000| 99%| O|  |TAMS 0x0000000082700000| PB 0x0000000082700000| Untracked |  0
|  16|0x0000000082800000, 0x00000000828ffdc8, 0x0000000082900000| 99%| O|  |TAMS 0x0000000082800000| PB 0x0000000082800000| Untracked |  0
|  17|0x0000000082900000, 0x00000000829fffd8, 0x0000000082a00000| 99%| O|  |TAMS 0x0000000082900000| PB 0x0000000082900000| Untracked |  0
|  18|0x0000000082a00000, 0x0000000082affff0, 0x0000000082b00000| 99%| O|  |TAMS 0x0000000082a00000| PB 0x0000000082a00000| Untracked |  0
|  19|0x0000000082b00000, 0x0000000082bffff8, 0x0000000082c00000| 99%| O|  |TAMS 0x0000000082b00000| PB 0x0000000082b00000| Untracked |  0
|  20|0x0000000082c00000, 0x0000000082cfffe0, 0x0000000082d00000| 99%| O|  |TAMS 0x0000000082c00000| PB 0x0000000082c00000| Untracked |  0
|  21|0x0000000082d00000, 0x0000000082dffff8, 0x0000000082e00000| 99%| O|  |TAMS 0x0000000082d00000| PB 0x0000000082d00000| Untracked |  0
|  22|0x0000000082e00000, 0x0000000082efffe8, 0x0000000082f00000| 99%| O|  |TAMS 0x0000000082e00000| PB 0x0000000082e00000| Untracked |  0
|  23|0x0000000082f00000, 0x0000000082fffff8, 0x0000000083000000| 99%| O|  |TAMS 0x0000000082f00000| PB 0x0000000082f00000| Untracked |  0
|  24|0x0000000083000000, 0x00000000830ffb58, 0x0000000083100000| 99%| O|Cm|TAMS 0x0000000083000000| PB 0x0000000083000000| Complete |  0
|  25|0x0000000083100000, 0x00000000831ffff0, 0x0000000083200000| 99%| O|  |TAMS 0x0000000083100000| PB 0x0000000083100000| Untracked |  0
|  26|0x0000000083200000, 0x00000000832ff498, 0x0000000083300000| 99%| O|  |TAMS 0x0000000083200000| PB 0x0000000083200000| Untracked |  0
|  27|0x0000000083300000, 0x0000000083400000, 0x0000000083400000|100%| O|  |TAMS 0x0000000083300000| PB 0x0000000083300000| Untracked |  0
|  28|0x0000000083400000, 0x0000000083449ad8, 0x0000000083500000| 28%| O|Cm|TAMS 0x0000000083400000| PB 0x0000000083400000| Complete |  0
|  29|0x0000000083500000, 0x0000000083566958, 0x0000000083600000| 40%| O|Cm|TAMS 0x0000000083500000| PB 0x0000000083500000| Complete |  0
|  30|0x0000000083600000, 0x0000000083700000, 0x0000000083700000|100%| O|  |TAMS 0x0000000083600000| PB 0x0000000083600000| Untracked |  0
|  31|0x0000000083700000, 0x0000000083800000, 0x0000000083800000|100%| O|  |TAMS 0x0000000083700000| PB 0x0000000083700000| Untracked |  0
|  32|0x0000000083800000, 0x0000000083900000, 0x0000000083900000|100%| O|  |TAMS 0x0000000083800000| PB 0x0000000083800000| Untracked |  0
|  33|0x0000000083900000, 0x0000000083900000, 0x0000000083a00000|  0%| F|  |TAMS 0x0000000083900000| PB 0x0000000083900000| Untracked |  0
|  34|0x0000000083a00000, 0x0000000083b00000, 0x0000000083b00000|100%| O|  |TAMS 0x0000000083a00000| PB 0x0000000083a00000| Untracked |  0
|  35|0x0000000083b00000, 0x0000000083c00000, 0x0000000083c00000|100%| O|  |TAMS 0x0000000083b00000| PB 0x0000000083b00000| Untracked |  0
|  36|0x0000000083c00000, 0x0000000083c00000, 0x0000000083d00000|  0%| F|  |TAMS 0x0000000083c00000| PB 0x0000000083c00000| Untracked |  0
|  37|0x0000000083d00000, 0x0000000083d00000, 0x0000000083e00000|  0%| F|  |TAMS 0x0000000083d00000| PB 0x0000000083d00000| Untracked |  0
|  38|0x0000000083e00000, 0x0000000083e00000, 0x0000000083f00000|  0%| F|  |TAMS 0x0000000083e00000| PB 0x0000000083e00000| Untracked |  0
|  39|0x0000000083f00000, 0x0000000084000000, 0x0000000084000000|100%| O|  |TAMS 0x0000000083f00000| PB 0x0000000083f00000| Untracked |  0
|  40|0x0000000084000000, 0x0000000084100000, 0x0000000084100000|100%| O|  |TAMS 0x0000000084000000| PB 0x0000000084000000| Untracked |  0
|  41|0x0000000084100000, 0x0000000084149080, 0x0000000084200000| 28%| O|  |TAMS 0x0000000084100000| PB 0x0000000084100000| Untracked |  0
|  42|0x0000000084200000, 0x00000000842b1d00, 0x0000000084300000| 69%| S|CS|TAMS 0x0000000084200000| PB 0x0000000084200000| Complete |  0
|  43|0x0000000084300000, 0x0000000084300000, 0x0000000084400000|  0%| F|  |TAMS 0x0000000084300000| PB 0x0000000084300000| Untracked |  0
|  44|0x0000000084400000, 0x0000000084400000, 0x0000000084500000|  0%| F|  |TAMS 0x0000000084400000| PB 0x0000000084400000| Untracked |  0
|  45|0x0000000084500000, 0x0000000084500000, 0x0000000084600000|  0%| F|  |TAMS 0x0000000084500000| PB 0x0000000084500000| Untracked |  0
|  46|0x0000000084600000, 0x0000000084600000, 0x0000000084700000|  0%| F|  |TAMS 0x0000000084600000| PB 0x0000000084600000| Untracked |  0
|  47|0x0000000084700000, 0x0000000084700000, 0x0000000084800000|  0%| F|  |TAMS 0x0000000084700000| PB 0x0000000084700000| Untracked |  0
|  48|0x0000000084800000, 0x0000000084800000, 0x0000000084900000|  0%| F|  |TAMS 0x0000000084800000| PB 0x0000000084800000| Untracked |  0
|  49|0x0000000084900000, 0x0000000084900000, 0x0000000084a00000|  0%| F|  |TAMS 0x0000000084900000| PB 0x0000000084900000| Untracked |  0
|  50|0x0000000084a00000, 0x0000000084a00000, 0x0000000084b00000|  0%| F|  |TAMS 0x0000000084a00000| PB 0x0000000084a00000| Untracked |  0
|  51|0x0000000084b00000, 0x0000000084b00000, 0x0000000084c00000|  0%| F|  |TAMS 0x0000000084b00000| PB 0x0000000084b00000| Untracked |  0
|  52|0x0000000084c00000, 0x0000000084c00000, 0x0000000084d00000|  0%| F|  |TAMS 0x0000000084c00000| PB 0x0000000084c00000| Untracked |  0
|  53|0x0000000084d00000, 0x0000000084d00000, 0x0000000084e00000|  0%| F|  |TAMS 0x0000000084d00000| PB 0x0000000084d00000| Untracked |  0
|  54|0x0000000084e00000, 0x0000000084e42250, 0x0000000084f00000| 25%| E|  |TAMS 0x0000000084e00000| PB 0x0000000084e00000| Complete |  0
| 102|0x0000000087e00000, 0x0000000087f00000, 0x0000000087f00000|100%| E|CS|TAMS 0x0000000087e00000| PB 0x0000000087e00000| Complete |  0
| 103|0x0000000087f00000, 0x0000000088000000, 0x0000000088000000|100%| E|CS|TAMS 0x0000000087f00000| PB 0x0000000087f00000| Complete |  0
| 104|0x0000000088000000, 0x0000000088100000, 0x0000000088100000|100%| E|CS|TAMS 0x0000000088000000| PB 0x0000000088000000| Complete |  0
| 105|0x0000000088100000, 0x0000000088200000, 0x0000000088200000|100%| E|CS|TAMS 0x0000000088100000| PB 0x0000000088100000| Complete |  0
| 106|0x0000000088200000, 0x0000000088300000, 0x0000000088300000|100%| E|CS|TAMS 0x0000000088200000| PB 0x0000000088200000| Complete |  0
| 107|0x0000000088300000, 0x0000000088400000, 0x0000000088400000|100%| E|CS|TAMS 0x0000000088300000| PB 0x0000000088300000| Complete |  0
| 108|0x0000000088400000, 0x0000000088500000, 0x0000000088500000|100%| E|CS|TAMS 0x0000000088400000| PB 0x0000000088400000| Complete |  0
| 127|0x0000000089700000, 0x0000000089800000, 0x0000000089800000|100%| E|CS|TAMS 0x0000000089700000| PB 0x0000000089700000| Complete |  0
|2022|0x00000000ffe00000, 0x00000000fff00000, 0x00000000fff00000|100%| O|  |TAMS 0x00000000ffe00000| PB 0x00000000ffe00000| Untracked |  0
|2023|0x00000000fff00000, 0x0000000100000000, 0x0000000100000000|100%| E|CS|TAMS 0x00000000fff00000| PB 0x00000000fff00000| Complete |  0

Card table byte_map: [0x0000020f7bf20000,0x0000020f7c320000] _byte_map_base: 0x0000020f7bb14000

Marking Bits: (CMBitMap*) 0x0000020f7babb6f0
 Bits: [0x0000020f7c320000, 0x0000020f7e2c0000)

Polling page: 0x0000020f7b230000

Metaspace:
Metaspace        used 86558K, committed 87232K, reserved 1179648K
 class space     used 12227K, committed 12544K, reserved 1048576K

Usage:
  Non-class:     72.59 MB used.
      Class:     11.94 MB used.
       Both:     84.53 MB used.

Virtual space:
  Non-class space:      128.00 MB reserved,      72.94 MB ( 57%) committed,  2 nodes.
      Class space:        1.00 GB reserved,      12.25 MB (  1%) committed,  1 nodes.
             Both:        1.12 GB reserved,      85.19 MB (  7%) committed. 

Chunk freelists:
   Non-Class:  6.34 MB
       Class:  3.67 MB
        Both:  10.02 MB

MaxMetaspaceSize: unlimited
CompressedClassSpaceSize: 1.00 GB
Initial GC threshold: 21.00 MB
Current GC threshold: 141.81 MB
CDS: on
 - commit_granule_bytes: 65536.
 - commit_granule_words: 8192.
 - virtual_space_node_default_size: 8388608.
 - enlarge_chunks_in_place: 1.
UseCompressedClassPointers 1, UseCompactObjectHeaders 0
Narrow klass pointer bits 32, Max shift 3
Narrow klass base: 0x000000002d000000, Narrow klass shift: 0
Encoding Range: [0x000000002d000000 - 0x000000012d000000), (4294967296 bytes)
Klass Range:    [0x000000002d010000 - 0x000000006e000000), (1090453504 bytes)
Klass ID Range:  [65536 - 1090519033) (1090453497)
Protection zone: [0x000000002d000000 - 0x000000002d010000), (65536 bytes)


Internal statistics:

num_allocs_failed_limit: 9.
num_arena_births: 772.
num_arena_deaths: 4.
num_vsnodes_births: 3.
num_vsnodes_deaths: 0.
num_space_committed: 1363.
num_space_uncommitted: 0.
num_chunks_returned_to_freelist: 13.
num_chunks_taken_from_freelist: 3815.
num_chunk_merges: 9.
num_chunk_splits: 2771.
num_chunks_enlarged: 2294.
num_inconsistent_stats: 0.

CodeHeap 'non-profiled nmethods': size=120064Kb used=4260Kb max_used=4260Kb free=115803Kb
 bounds [0x0000020f10530000, 0x0000020f10960000, 0x0000020f17a70000]
CodeHeap 'profiled nmethods': size=120064Kb used=12810Kb max_used=12810Kb free=107253Kb
 bounds [0x0000020f08a50000, 0x0000020f096e0000, 0x0000020f0ff90000]
CodeHeap 'non-nmethods': size=5760Kb used=1718Kb max_used=1820Kb free=4041Kb
 bounds [0x0000020f0ff90000, 0x0000020f10200000, 0x0000020f10530000]
CodeCache: size=245888Kb, used=18788Kb, max_used=18890Kb, free=227097Kb
 total_blobs=8671, nmethods=7847, adapters=725, full_count=0
Compilation: enabled, stopped_count=0, restarted_count=0

Compilation events (20 events):
Event: 3056.456 Thread 0x0000020f7e749430 11728   !   3       java.io.PrintWriter::write (58 bytes)
Event: 3056.458 Thread 0x0000020f7e749430 nmethod 11728 0x0000020f096d0308 code [0x0000020f096d0400, 0x0000020f096d0a58]
Event: 3056.458 Thread 0x0000020f7e749430 11729       3       java.io.StringWriter::write (14 bytes)
Event: 3056.459 Thread 0x0000020f7e749430 nmethod 11729 0x0000020f096d0a88 code [0x0000020f096d0b80, 0x0000020f096d0f50]
Event: 3056.459 Thread 0x0000020f7e749430 11730       3       java.io.PrintWriter::println (5 bytes)
Event: 3056.463 Thread 0x0000020f7e749430 nmethod 11730 0x0000020f096d0f88 code [0x0000020f096d1080, 0x0000020f096d11b0]
Event: 3056.463 Thread 0x0000020f7e749430 11731   !   3       java.io.PrintWriter::newLine (65 bytes)
Event: 3056.466 Thread 0x0000020f7e749430 nmethod 11731 0x0000020f096d1288 code [0x0000020f096d1380, 0x0000020f096d1af8]
Event: 3056.466 Thread 0x0000020f7e749430 11725       3       org.springframework.util.LinkedCaseInsensitiveMap::forEach (9 bytes)
Event: 3056.466 Thread 0x0000020f7e749430 nmethod 11725 0x0000020f096d1b08 code [0x0000020f096d1c00, 0x0000020f096d1dc0]
Event: 3056.466 Thread 0x0000020f7e749430 11724       3       org.apache.catalina.connector.RequestFacade::isAsyncSupported (12 bytes)
Event: 3056.468 Thread 0x0000020f7e749430 nmethod 11724 0x0000020f096d1e08 code [0x0000020f096d1f00, 0x0000020f096d2318]
Event: 3056.468 Thread 0x0000020f7e749430 11735       3       org.apache.coyote.http11.Http11OutputBuffer::sendHeader (41 bytes)
Event: 3056.469 Thread 0x0000020f7e749430 nmethod 11735 0x0000020f096d2388 code [0x0000020f096d2480, 0x0000020f096d2938]
Event: 3056.563 Thread 0x0000020f7e748820 nmethod 11733 0x0000020f10956e88 code [0x0000020f10956f80, 0x0000020f10957e98]
Event: 3056.563 Thread 0x0000020f7e748820 11734       4       java.util.HashMap::putMapEntries (170 bytes)
Event: 3056.600 Thread 0x0000020f7e748820 nmethod 11734 0x0000020f10957f08 code [0x0000020f10958020, 0x0000020f10958d50]
Event: 3056.600 Thread 0x0000020f7e748820 11736       4       java.nio.StringCharBuffer::get (19 bytes)
Event: 3056.604 Thread 0x0000020f7e748820 nmethod 11736 0x0000020f10958d88 code [0x0000020f10958e80, 0x0000020f10959018]
Event: 3063.470 Thread 0x0000020f7e748820 11737       4       java.util.TreeMap::put (221 bytes)

GC Heap Usage History (20 events):
Event: 1045.776 {heap Before GC invocations=23 (full 1):
 garbage-first heap   total reserved 2072576K, committed 66560K, used 56666K [0x0000000081800000, 0x0000000100000000)
  region size 1024K, 28 young (28672K), 3 survivors (3072K)
}
Event: 1045.781 {heap After GC invocations=24 (full 1):
 garbage-first heap   total reserved 2072576K, committed 66560K, used 34602K [0x0000000081800000, 0x0000000100000000)
  region size 1024K, 3 young (3072K), 3 survivors (3072K)
}
Event: 1200.879 {heap Before GC invocations=24 (full 1):
 garbage-first heap   total reserved 2072576K, committed 66560K, used 47914K [0x0000000081800000, 0x0000000100000000)
  region size 1024K, 18 young (18432K), 3 survivors (3072K)
}
Event: 1200.935 {heap After GC invocations=25 (full 2):
 garbage-first heap   total reserved 2072576K, committed 66560K, used 29333K [0x0000000081800000, 0x0000000100000000)
  region size 1024K, 0 young (0K), 0 survivors (0K)
}
Event: 1201.448 {heap Before GC invocations=25 (full 2):
 garbage-first heap   total reserved 2072576K, committed 66560K, used 56981K [0x0000000081800000, 0x0000000100000000)
  region size 1024K, 28 young (28672K), 0 survivors (0K)
}
Event: 1201.453 {heap After GC invocations=26 (full 2):
 garbage-first heap   total reserved 2072576K, committed 66560K, used 32350K [0x0000000081800000, 0x0000000100000000)
  region size 1024K, 3 young (3072K), 3 survivors (3072K)
}
Event: 1202.099 {heap Before GC invocations=27 (full 2):
 garbage-first heap   total reserved 2072576K, committed 66560K, used 56926K [0x0000000081800000, 0x0000000100000000)
  region size 1024K, 28 young (28672K), 3 survivors (3072K)
}
Event: 1202.104 {heap After GC invocations=28 (full 2):
 garbage-first heap   total reserved 2072576K, committed 66560K, used 34704K [0x0000000081800000, 0x0000000100000000)
  region size 1024K, 3 young (3072K), 3 survivors (3072K)
}
Event: 1232.252 {heap Before GC invocations=28 (full 2):
 garbage-first heap   total reserved 2072576K, committed 66560K, used 44944K [0x0000000081800000, 0x0000000100000000)
  region size 1024K, 14 young (14336K), 3 survivors (3072K)
}
Event: 1232.302 {heap After GC invocations=29 (full 3):
 garbage-first heap   total reserved 2072576K, committed 66560K, used 29585K [0x0000000081800000, 0x0000000100000000)
  region size 1024K, 0 young (0K), 0 survivors (0K)
}
Event: 1232.695 {heap Before GC invocations=29 (full 3):
 garbage-first heap   total reserved 2072576K, committed 66560K, used 56209K [0x0000000081800000, 0x0000000100000000)
  region size 1024K, 27 young (27648K), 0 survivors (0K)
}
Event: 1232.698 {heap After GC invocations=30 (full 3):
 garbage-first heap   total reserved 2072576K, committed 66560K, used 32453K [0x0000000081800000, 0x0000000100000000)
  region size 1024K, 3 young (3072K), 3 survivors (3072K)
}
Event: 1233.290 {heap Before GC invocations=31 (full 3):
 garbage-first heap   total reserved 2072576K, committed 66560K, used 57029K [0x0000000081800000, 0x0000000100000000)
  region size 1024K, 28 young (28672K), 3 survivors (3072K)
}
Event: 1233.295 {heap After GC invocations=32 (full 3):
 garbage-first heap   total reserved 2072576K, committed 66560K, used 34575K [0x0000000081800000, 0x0000000100000000)
  region size 1024K, 3 young (3072K), 3 survivors (3072K)
}
Event: 1891.520 {heap Before GC invocations=32 (full 3):
 garbage-first heap   total reserved 2072576K, committed 66560K, used 57103K [0x0000000081800000, 0x0000000100000000)
  region size 1024K, 25 young (25600K), 3 survivors (3072K)
}
Event: 1891.532 {heap After GC invocations=33 (full 3):
 garbage-first heap   total reserved 2072576K, committed 66560K, used 34945K [0x0000000081800000, 0x0000000100000000)
  region size 1024K, 1 young (1024K), 1 survivors (1024K)
}
Event: 1967.314 {heap Before GC invocations=33 (full 3):
 garbage-first heap   total reserved 2072576K, committed 66560K, used 58497K [0x0000000081800000, 0x0000000100000000)
  region size 1024K, 25 young (25600K), 1 survivors (1024K)
}
Event: 1967.330 {heap After GC invocations=34 (full 3):
 garbage-first heap   total reserved 2072576K, committed 66560K, used 38055K [0x0000000081800000, 0x0000000100000000)
  region size 1024K, 4 young (4096K), 4 survivors (4096K)
}
Event: 2818.145 {heap Before GC invocations=35 (full 3):
 garbage-first heap   total reserved 2072576K, committed 66560K, used 59559K [0x0000000081800000, 0x0000000100000000)
  region size 1024K, 25 young (25600K), 4 survivors (4096K)
}
Event: 2818.152 {heap After GC invocations=36 (full 3):
 garbage-first heap   total reserved 2072576K, committed 66560K, used 38565K [0x0000000081800000, 0x0000000100000000)
  region size 1024K, 1 young (1024K), 1 survivors (1024K)
}

Metaspace Usage History (20 events):
Event: 1045.776 {metaspace Before GC invocations=23 (full 1):
 Metaspace       used 81055K, committed 81664K, reserved 1179648K
  class space    used 11456K, committed 11712K, reserved 1048576K
}
Event: 1045.781 {metaspace After GC invocations=24 (full 1):
 Metaspace       used 81055K, committed 81664K, reserved 1179648K
  class space    used 11456K, committed 11712K, reserved 1048576K
}
Event: 1200.879 {metaspace Before GC invocations=24 (full 1):
 Metaspace       used 81460K, committed 82112K, reserved 1179648K
  class space    used 11503K, committed 11776K, reserved 1048576K
}
Event: 1200.935 {metaspace After GC invocations=25 (full 2):
 Metaspace       used 81460K, committed 82112K, reserved 1179648K
  class space    used 11503K, committed 11776K, reserved 1048576K
}
Event: 1201.448 {metaspace Before GC invocations=25 (full 2):
 Metaspace       used 81662K, committed 82240K, reserved 1179648K
  class space    used 11509K, committed 11776K, reserved 1048576K
}
Event: 1201.453 {metaspace After GC invocations=26 (full 2):
 Metaspace       used 81662K, committed 82240K, reserved 1179648K
  class space    used 11509K, committed 11776K, reserved 1048576K
}
Event: 1202.099 {metaspace Before GC invocations=27 (full 2):
 Metaspace       used 82033K, committed 82624K, reserved 1179648K
  class space    used 11523K, committed 11776K, reserved 1048576K
}
Event: 1202.104 {metaspace After GC invocations=28 (full 2):
 Metaspace       used 82033K, committed 82624K, reserved 1179648K
  class space    used 11523K, committed 11776K, reserved 1048576K
}
Event: 1232.252 {metaspace Before GC invocations=28 (full 2):
 Metaspace       used 82193K, committed 82880K, reserved 1179648K
  class space    used 11524K, committed 11840K, reserved 1048576K
}
Event: 1232.302 {metaspace After GC invocations=29 (full 3):
 Metaspace       used 82191K, committed 82880K, reserved 1179648K
  class space    used 11523K, committed 11840K, reserved 1048576K
}
Event: 1232.695 {metaspace Before GC invocations=29 (full 3):
 Metaspace       used 82324K, committed 83008K, reserved 1179648K
  class space    used 11528K, committed 11840K, reserved 1048576K
}
Event: 1232.698 {metaspace After GC invocations=30 (full 3):
 Metaspace       used 82324K, committed 83008K, reserved 1179648K
  class space    used 11528K, committed 11840K, reserved 1048576K
}
Event: 1233.290 {metaspace Before GC invocations=31 (full 3):
 Metaspace       used 82629K, committed 83328K, reserved 1179648K
  class space    used 11544K, committed 11840K, reserved 1048576K
}
Event: 1233.295 {metaspace After GC invocations=32 (full 3):
 Metaspace       used 82629K, committed 83328K, reserved 1179648K
  class space    used 11544K, committed 11840K, reserved 1048576K
}
Event: 1891.520 {metaspace Before GC invocations=32 (full 3):
 Metaspace       used 82663K, committed 83328K, reserved 1179648K
  class space    used 11544K, committed 11840K, reserved 1048576K
}
Event: 1891.532 {metaspace After GC invocations=33 (full 3):
 Metaspace       used 82663K, committed 83328K, reserved 1179648K
  class space    used 11544K, committed 11840K, reserved 1048576K
}
Event: 1967.314 {metaspace Before GC invocations=33 (full 3):
 Metaspace       used 86442K, committed 87104K, reserved 1179648K
  class space    used 12223K, committed 12544K, reserved 1048576K
}
Event: 1967.330 {metaspace After GC invocations=34 (full 3):
 Metaspace       used 86442K, committed 87104K, reserved 1179648K
  class space    used 12223K, committed 12544K, reserved 1048576K
}
Event: 2818.145 {metaspace Before GC invocations=35 (full 3):
 Metaspace       used 86511K, committed 87232K, reserved 1179648K
  class space    used 12224K, committed 12544K, reserved 1048576K
}
Event: 2818.152 {metaspace After GC invocations=36 (full 3):
 Metaspace       used 86511K, committed 87232K, reserved 1179648K
  class space    used 12224K, committed 12544K, reserved 1048576K
}

Dll operation events (18 events):
Event: 0.046 Attempting to load shared library C:\Users\tela\Java\zulu25.36.15-ca-jdk25.0.4-win_x64\bin\java.dll
Event: 0.093 Loaded shared library C:\Users\tela\Java\zulu25.36.15-ca-jdk25.0.4-win_x64\bin\java.dll
Event: 0.224 Attempting to load shared library C:\Users\tela\Java\zulu25.36.15-ca-jdk25.0.4-win_x64\bin\net.dll
Event: 0.265 Loaded shared library C:\Users\tela\Java\zulu25.36.15-ca-jdk25.0.4-win_x64\bin\net.dll
Event: 0.267 Attempting to load shared library C:\Users\tela\Java\zulu25.36.15-ca-jdk25.0.4-win_x64\bin\nio.dll
Event: 0.332 Loaded shared library C:\Users\tela\Java\zulu25.36.15-ca-jdk25.0.4-win_x64\bin\nio.dll
Event: 0.335 Attempting to load shared library C:\Users\tela\Java\zulu25.36.15-ca-jdk25.0.4-win_x64\bin\zip.dll
Event: 0.393 Loaded shared library C:\Users\tela\Java\zulu25.36.15-ca-jdk25.0.4-win_x64\bin\zip.dll
Event: 0.567 Attempting to load shared library C:\Users\tela\Java\zulu25.36.15-ca-jdk25.0.4-win_x64\bin\jimage.dll
Event: 0.567 Loaded shared library C:\Users\tela\Java\zulu25.36.15-ca-jdk25.0.4-win_x64\bin\jimage.dll
Event: 0.996 Attempting to load shared library C:\Users\tela\Java\zulu25.36.15-ca-jdk25.0.4-win_x64\bin\management.dll
Event: 1.020 Loaded shared library C:\Users\tela\Java\zulu25.36.15-ca-jdk25.0.4-win_x64\bin\management.dll
Event: 1.021 Attempting to load shared library C:\Users\tela\Java\zulu25.36.15-ca-jdk25.0.4-win_x64\bin\management_ext.dll
Event: 1.046 Loaded shared library C:\Users\tela\Java\zulu25.36.15-ca-jdk25.0.4-win_x64\bin\management_ext.dll
Event: 2.073 Attempting to load shared library C:\Users\tela\Java\zulu25.36.15-ca-jdk25.0.4-win_x64\bin\sunmscapi.dll
Event: 2.108 Loaded shared library C:\Users\tela\Java\zulu25.36.15-ca-jdk25.0.4-win_x64\bin\sunmscapi.dll
Event: 5.761 Attempting to load shared library C:\Users\tela\Java\zulu25.36.15-ca-jdk25.0.4-win_x64\bin\extnet.dll
Event: 5.784 Loaded shared library C:\Users\tela\Java\zulu25.36.15-ca-jdk25.0.4-win_x64\bin\extnet.dll

Deoptimization events (20 events):
Event: 2915.299 Thread 0x0000020f20b7f1a0 DEOPT PACKING pc=0x0000020f08eb8e90 sp=0x00000019f98fd840
Event: 2915.299 Thread 0x0000020f20b7f1a0 DEOPT UNPACKING pc=0x0000020f0ffe1702 sp=0x00000019f98fccd8 mode 0
Event: 2947.065 Thread 0x0000020f20b7e9d0 DEOPT PACKING pc=0x0000020f08de2741 sp=0x00000019f98fdd30
Event: 2947.065 Thread 0x0000020f20b7e9d0 DEOPT UNPACKING pc=0x0000020f0ffe1702 sp=0x00000019f98fd1a8 mode 0
Event: 3053.468 Thread 0x0000020f20b7a380 Uncommon trap: trap_request=0xffffffbe fr.pc=0x0000020f109553cc relative=0x00000000000001cc
Event: 3053.468 Thread 0x0000020f20b7a380 Uncommon trap: reason=profile_predicate action=maybe_recompile pc=0x0000020f109553cc method=java.util.HashMap.valuesToArray([Ljava/lang/Object;)[Ljava/lang/Object; @ 36 c2
Event: 3053.468 Thread 0x0000020f20b7a380 DEOPT PACKING pc=0x0000020f109553cc sp=0x00000019fb3feb50
Event: 3053.468 Thread 0x0000020f20b7a380 DEOPT UNPACKING pc=0x0000020f100af902 sp=0x00000019fb3fead0 mode 2
Event: 3053.468 Thread 0x0000020f20b7a380 Uncommon trap: trap_request=0xffffffbe fr.pc=0x0000020f109553cc relative=0x00000000000001cc
Event: 3053.468 Thread 0x0000020f20b7a380 Uncommon trap: reason=profile_predicate action=maybe_recompile pc=0x0000020f109553cc method=java.util.HashMap.valuesToArray([Ljava/lang/Object;)[Ljava/lang/Object; @ 36 c2
Event: 3053.468 Thread 0x0000020f20b7a380 DEOPT PACKING pc=0x0000020f109553cc sp=0x00000019fb3fea80
Event: 3053.468 Thread 0x0000020f20b7a380 DEOPT UNPACKING pc=0x0000020f100af902 sp=0x00000019fb3fea00 mode 2
Event: 3053.468 Thread 0x0000020f20b7a380 Uncommon trap: trap_request=0xffffffbe fr.pc=0x0000020f109553cc relative=0x00000000000001cc
Event: 3053.468 Thread 0x0000020f20b7a380 Uncommon trap: reason=profile_predicate action=maybe_recompile pc=0x0000020f109553cc method=java.util.HashMap.valuesToArray([Ljava/lang/Object;)[Ljava/lang/Object; @ 36 c2
Event: 3053.468 Thread 0x0000020f20b7a380 DEOPT PACKING pc=0x0000020f109553cc sp=0x00000019fb3fe9b0
Event: 3053.468 Thread 0x0000020f20b7a380 DEOPT UNPACKING pc=0x0000020f100af902 sp=0x00000019fb3fe930 mode 2
Event: 3063.469 Thread 0x0000020f20b7a380 Uncommon trap: trap_request=0xffffffbe fr.pc=0x0000020f109553cc relative=0x00000000000001cc
Event: 3063.469 Thread 0x0000020f20b7a380 Uncommon trap: reason=profile_predicate action=maybe_recompile pc=0x0000020f109553cc method=java.util.HashMap.valuesToArray([Ljava/lang/Object;)[Ljava/lang/Object; @ 36 c2
Event: 3063.469 Thread 0x0000020f20b7a380 DEOPT PACKING pc=0x0000020f109553cc sp=0x00000019fb3feb50
Event: 3063.469 Thread 0x0000020f20b7a380 DEOPT UNPACKING pc=0x0000020f100af902 sp=0x00000019fb3fead0 mode 2

Classes loaded (20 events):
Event: 1044.197 Loading class java/nio/file/SimpleFileVisitor
Event: 1044.198 Loading class java/nio/file/SimpleFileVisitor done
Event: 1044.198 Loading class java/nio/file/Files$3
Event: 1044.198 Loading class java/nio/file/Files$3 done
Event: 1044.199 Loading class java/nio/file/FileVisitResult
Event: 1044.199 Loading class java/nio/file/FileVisitResult done
Event: 1044.271 Loading class java/lang/ref/Finalizer$1
Event: 1044.271 Loading class java/lang/ref/Finalizer$1 done
Event: 1232.943 Loading class java/util/concurrent/locks/AbstractQueuedLongSynchronizer$Node
Event: 1232.943 Loading class java/util/concurrent/locks/AbstractQueuedLongSynchronizer$Node done
Event: 1936.915 Loading class java/util/function/DoubleUnaryOperator
Event: 1936.915 Loading class java/util/function/DoubleUnaryOperator done
Event: 1936.969 Loading class java/util/EmptyStackException
Event: 1936.969 Loading class java/util/EmptyStackException done
Event: 1936.975 Loading class java/io/InvalidClassException
Event: 1936.975 Loading class java/io/InvalidClassException done
Event: 1937.253 Loading class java/util/regex/Pattern$Behind
Event: 1937.253 Loading class java/util/regex/Pattern$Behind done
Event: 2611.083 Loading class sun/net/ConnectionResetException
Event: 2611.104 Loading class sun/net/ConnectionResetException done

Classes unloaded (2 events):
Event: 1232.271 Thread 0x0000020f7e721b30 Unloading class 0x000000002eb94800 'org/apache/catalina/loader/JdbcLeakPrevention'
Event: 1967.489 Thread 0x0000020f7e721b30 Unloading class 0x000000002eba0000 'org/apache/catalina/loader/JdbcLeakPrevention'

Classes redefined (0 events):
No events

Internal exceptions (20 events):
Event: 2611.082 Thread 0x0000020f19c95fd0 Exception <a 'java/io/IOException'{0x0000000084941360}> (0x0000000084941360) 
thrown [s\src\hotspot\share\prims\jni.cpp, line 516]
Event: 2611.083 Thread 0x0000020f19c95fd0 Exception <a 'java/io/IOException'{0x0000000084942298}> (0x0000000084942298) 
thrown [s\src\hotspot\share\prims\jni.cpp, line 516]
Event: 2632.424 Thread 0x0000020f20b79bb0 Exception <a 'java/io/IOException'{0x00000000848460a0}> (0x00000000848460a0) 
thrown [s\src\hotspot\share\prims\jni.cpp, line 516]
Event: 2632.424 Thread 0x0000020f20b79bb0 Exception <a 'java/io/IOException'{0x0000000084846d00}> (0x0000000084846d00) 
thrown [s\src\hotspot\share\prims\jni.cpp, line 516]
Event: 2746.065 Thread 0x0000020f20b7e9d0 Exception <a 'java/io/IOException'{0x0000000084545f98}> (0x0000000084545f98) 
thrown [s\src\hotspot\share\prims\jni.cpp, line 516]
Event: 2746.066 Thread 0x0000020f20b7e9d0 Exception <a 'java/io/IOException'{0x0000000084546bf8}> (0x0000000084546bf8) 
thrown [s\src\hotspot\share\prims\jni.cpp, line 516]
Event: 2790.722 Thread 0x0000020f1f339770 Exception <a 'java/io/IOException'{0x00000000844f4f18}> (0x00000000844f4f18) 
thrown [s\src\hotspot\share\prims\jni.cpp, line 516]
Event: 2790.765 Thread 0x0000020f1f339770 Exception <a 'java/io/IOException'{0x000000008430f7f0}> (0x000000008430f7f0) 
thrown [s\src\hotspot\share\prims\jni.cpp, line 516]
Event: 2818.144 Thread 0x0000020f20b7c2c0 Exception <a 'java/io/IOException'{0x00000000843fcf60}> (0x00000000843fcf60) 
thrown [s\src\hotspot\share\prims\jni.cpp, line 516]
Event: 2823.080 Thread 0x0000020f20b7c2c0 Exception <a 'java/io/IOException'{0x00000000fffbca58}> (0x00000000fffbca58) 
thrown [s\src\hotspot\share\prims\jni.cpp, line 516]
Event: 2823.081 Thread 0x0000020f20b7c2c0 Exception <a 'java/io/IOException'{0x00000000fffbd990}> (0x00000000fffbd990) 
thrown [s\src\hotspot\share\prims\jni.cpp, line 516]
Event: 2825.628 Thread 0x0000020f20b7c2c0 Exception <a 'java/io/IOException'{0x00000000fffbf9c0}> (0x00000000fffbf9c0) 
thrown [s\src\hotspot\share\prims\jni.cpp, line 516]
Event: 2895.319 Thread 0x0000020f20b7e9d0 Exception <a 'java/io/IOException'{0x000000008833dee8}> (0x000000008833dee8) 
thrown [s\src\hotspot\share\prims\jni.cpp, line 516]
Event: 2895.320 Thread 0x0000020f20b7e9d0 Exception <a 'java/io/IOException'{0x000000008833eb48}> (0x000000008833eb48) 
thrown [s\src\hotspot\share\prims\jni.cpp, line 516]
Event: 2915.263 Thread 0x0000020f20b7c2c0 Exception <a 'java/net/SocketException'{0x0000000088201368}: Connection reset by peer: shutdown> (0x0000000088201368) 
thrown [s\src\hotspot\share\prims\jni.cpp, line 534]
Event: 2920.382 Thread 0x0000020f20b79bb0 Exception <a 'java/net/SocketException'{0x00000000882b2b18}: Connection reset by peer: shutdown> (0x00000000882b2b18) 
thrown [s\src\hotspot\share\prims\jni.cpp, line 534]
Event: 2947.021 Thread 0x0000020f20b7f970 Exception <a 'java/io/IOException'{0x00000000881aa0a8}> (0x00000000881aa0a8) 
thrown [s\src\hotspot\share\prims\jni.cpp, line 516]
Event: 2947.022 Thread 0x0000020f20b7f970 Exception <a 'java/io/IOException'{0x00000000881aad08}> (0x00000000881aad08) 
thrown [s\src\hotspot\share\prims\jni.cpp, line 516]
Event: 3050.845 Thread 0x0000020f1e6af0b0 Exception <a 'java/io/IOException'{0x0000000087e955f0}> (0x0000000087e955f0) 
thrown [s\src\hotspot\share\prims\jni.cpp, line 516]
Event: 3056.420 Thread 0x0000020f1e6b4e70 Exception <a 'java/io/IOException'{0x0000000087ec61a0}> (0x0000000087ec61a0) 
thrown [s\src\hotspot\share\prims\jni.cpp, line 516]

VM Operations (20 events):
Event: 1936.996 Executing non-safepoint VM operation: HandshakeAllThreads (Deoptimize)
Event: 1936.996 Executing non-safepoint VM operation: HandshakeAllThreads (Deoptimize) done
Event: 1937.167 Executing non-safepoint VM operation: HandshakeAllThreads (Deoptimize)
Event: 1937.167 Executing non-safepoint VM operation: HandshakeAllThreads (Deoptimize) done
Event: 1967.314 Executing safepoint VM operation: G1CollectForAllocation (G1 Evacuation Pause)
Event: 1967.331 Executing safepoint VM operation: G1CollectForAllocation (G1 Evacuation Pause) done
Event: 1967.488 Executing safepoint VM operation: G1PauseRemark
Event: 1967.510 Executing safepoint VM operation: G1PauseRemark done
Event: 1967.564 Executing safepoint VM operation: G1PauseCleanup
Event: 1967.564 Executing safepoint VM operation: G1PauseCleanup done
Event: 1984.851 Executing non-safepoint VM operation: HandshakeAllThreads (HandshakeForDeflation)
Event: 1984.851 Executing non-safepoint VM operation: HandshakeAllThreads (HandshakeForDeflation) done
Event: 1984.851 Executing non-safepoint VM operation: RendezvousGCThreads
Event: 1984.851 Executing non-safepoint VM operation: RendezvousGCThreads done
Event: 2818.145 Executing safepoint VM operation: G1CollectForAllocation (G1 Evacuation Pause)
Event: 2818.152 Executing safepoint VM operation: G1CollectForAllocation (G1 Evacuation Pause) done
Event: 2826.735 Executing non-safepoint VM operation: HandshakeAllThreads (HandshakeForDeflation)
Event: 2826.735 Executing non-safepoint VM operation: HandshakeAllThreads (HandshakeForDeflation) done
Event: 2826.735 Executing non-safepoint VM operation: RendezvousGCThreads
Event: 2826.735 Executing non-safepoint VM operation: RendezvousGCThreads done

Memory protections (0 events):
No events

Nmethod flushes (20 events):
Event: 1967.509 Thread 0x0000020f7e721b30 flushing  nmethod 0x0000020f08f0e108
Event: 1967.509 Thread 0x0000020f7e721b30 flushing  nmethod 0x0000020f08fba908
Event: 1967.509 Thread 0x0000020f7e721b30 flushing  nmethod 0x0000020f08fe8608
Event: 1967.509 Thread 0x0000020f7e721b30 flushing  nmethod 0x0000020f09004008
Event: 1967.509 Thread 0x0000020f7e721b30 flushing  nmethod 0x0000020f09106108
Event: 1967.509 Thread 0x0000020f7e721b30 flushing  nmethod 0x0000020f09108908
Event: 1967.509 Thread 0x0000020f7e721b30 flushing  nmethod 0x0000020f0931ef08
Event: 1967.509 Thread 0x0000020f7e721b30 flushing  nmethod 0x0000020f08c8fb88
Event: 1967.509 Thread 0x0000020f7e721b30 flushing  nmethod 0x0000020f08c92508
Event: 1967.509 Thread 0x0000020f7e721b30 flushing  nmethod 0x0000020f08c92808
Event: 1967.509 Thread 0x0000020f7e721b30 flushing  nmethod 0x0000020f08e44088
Event: 1967.509 Thread 0x0000020f7e721b30 flushing  nmethod 0x0000020f08e62588
Event: 1967.509 Thread 0x0000020f7e721b30 flushing  nmethod 0x0000020f08e97d88
Event: 1967.509 Thread 0x0000020f7e721b30 flushing  nmethod 0x0000020f08e99c08
Event: 1967.509 Thread 0x0000020f7e721b30 flushing  nmethod 0x0000020f08ea0f88
Event: 1967.509 Thread 0x0000020f7e721b30 flushing  nmethod 0x0000020f08ec7308
Event: 1967.509 Thread 0x0000020f7e721b30 flushing  nmethod 0x0000020f08f2c208
Event: 1967.509 Thread 0x0000020f7e721b30 flushing  nmethod 0x0000020f08f66f88
Event: 1967.509 Thread 0x0000020f7e721b30 flushing  nmethod 0x0000020f0910fe88
Event: 1967.509 Thread 0x0000020f7e721b30 flushing  nmethod 0x0000020f092f8f88

Events (20 events):
Event: 2818.143 Thread 0x0000020f20b7baf0 Thread added: 0x0000020f20b7c2c0
Event: 2818.144 Thread 0x0000020f20b7c2c0 Thread added: 0x0000020f20b78440
Event: 2830.629 Thread 0x0000020f20b7c2c0 Thread exited: 0x0000020f20b7c2c0
Event: 2830.693 Thread 0x0000020f20b78440 Thread exited: 0x0000020f20b78440
Event: 2895.297 Thread 0x0000020f20b7baf0 Thread added: 0x0000020f20b7e9d0
Event: 2895.321 Thread 0x0000020f20b7e9d0 Thread added: 0x0000020f20b7f970
Event: 2900.323 Thread 0x0000020f20b7e9d0 Thread exited: 0x0000020f20b7e9d0
Event: 2900.434 Thread 0x0000020f20b7f970 Thread exited: 0x0000020f20b7f970
Event: 2915.262 Thread 0x0000020f20b7baf0 Thread added: 0x0000020f20b7c2c0
Event: 2915.264 Thread 0x0000020f20b7c2c0 Thread added: 0x0000020f20b7f1a0
Event: 2920.266 Thread 0x0000020f20b7c2c0 Thread exited: 0x0000020f20b7c2c0
Event: 2920.344 Thread 0x0000020f20b7f1a0 Thread exited: 0x0000020f20b7f1a0
Event: 2920.380 Thread 0x0000020f20b7baf0 Thread added: 0x0000020f20b79bb0
Event: 2920.383 Thread 0x0000020f20b79bb0 Thread added: 0x0000020f20b7e9d0
Event: 2925.385 Thread 0x0000020f20b79bb0 Thread exited: 0x0000020f20b79bb0
Event: 2925.469 Thread 0x0000020f20b7e9d0 Thread exited: 0x0000020f20b7e9d0
Event: 2947.016 Thread 0x0000020f20b7baf0 Thread added: 0x0000020f20b7f970
Event: 2947.023 Thread 0x0000020f20b7f970 Thread added: 0x0000020f20b7e9d0
Event: 2952.025 Thread 0x0000020f20b7f970 Thread exited: 0x0000020f20b7f970
Event: 2952.108 Thread 0x0000020f20b7e9d0 Thread exited: 0x0000020f20b7e9d0


Dynamic libraries:
0x00007ff67f520000 - 0x00007ff67f52e000 	C:\Users\tela\Java\zulu25.36.15-ca-jdk25.0.4-win_x64\bin\javaw.exe
0x00007fff60610000 - 0x00007fff60809000 	C:\Windows\SYSTEM32\ntdll.dll
0x00007fff5ed70000 - 0x00007fff5ee32000 	C:\Windows\System32\KERNEL32.DLL
0x00007fff5dcd0000 - 0x00007fff5dfc7000 	C:\Windows\System32\KERNELBASE.dll
0x00007fff5e440000 - 0x00007fff5e540000 	C:\Windows\System32\ucrtbase.dll
0x00007fff55050000 - 0x00007fff5506e000 	C:\Users\tela\Java\zulu25.36.15-ca-jdk25.0.4-win_x64\bin\VCRUNTIME140.dll
0x00007fff531d0000 - 0x00007fff531e7000 	C:\Users\tela\Java\zulu25.36.15-ca-jdk25.0.4-win_x64\bin\jli.dll
0x00007fff48a90000 - 0x00007fff48d2b000 	C:\Windows\WinSxS\amd64_microsoft.windows.common-controls_6595b64144ccf1df_6.0.19041.7663_none_60b9ed0b71f50c93\COMCTL32.dll
0x00007fff5eb90000 - 0x00007fff5ec2e000 	C:\Windows\System32\msvcrt.dll
0x00007fff5f8c0000 - 0x00007fff5f8eb000 	C:\Windows\System32\GDI32.dll
0x00007fff5e5e0000 - 0x00007fff5e602000 	C:\Windows\System32\win32u.dll
0x00007fff5e1b0000 - 0x00007fff5e2ca000 	C:\Windows\System32\gdi32full.dll
0x00007fff5e690000 - 0x00007fff5e82d000 	C:\Windows\System32\USER32.dll
0x00007fff5e540000 - 0x00007fff5e5dd000 	C:\Windows\System32\msvcp_win.dll
0x00007fff605a0000 - 0x00007fff605cf000 	C:\Windows\System32\IMM32.DLL
0x00007fff56ff0000 - 0x00007fff56ffc000 	C:\Users\tela\Java\zulu25.36.15-ca-jdk25.0.4-win_x64\bin\vcruntime140_1.dll
0x00007fff462a0000 - 0x00007fff4632d000 	C:\Users\tela\Java\zulu25.36.15-ca-jdk25.0.4-win_x64\bin\msvcp140.dll
0x00007fff241b0000 - 0x00007fff250e9000 	C:\Users\tela\Java\zulu25.36.15-ca-jdk25.0.4-win_x64\bin\server\jvm.dll
0x00007fff5f1d0000 - 0x00007fff5f282000 	C:\Windows\System32\ADVAPI32.dll
0x00007fff5fb50000 - 0x00007fff5fbf0000 	C:\Windows\System32\sechost.dll
0x00007fff5f290000 - 0x00007fff5f3b6000 	C:\Windows\System32\RPCRT4.dll
0x00007fff5e410000 - 0x00007fff5e437000 	C:\Windows\System32\bcrypt.dll
0x00007fff5f3e0000 - 0x00007fff5f44b000 	C:\Windows\System32\WS2_32.dll
0x00007fff5dad0000 - 0x00007fff5db1b000 	C:\Windows\SYSTEM32\POWRPROF.dll
0x00007fff45a60000 - 0x00007fff45a87000 	C:\Windows\SYSTEM32\WINMM.dll
0x00007fff52ef0000 - 0x00007fff52efa000 	C:\Windows\SYSTEM32\VERSION.dll
0x00007fff5dab0000 - 0x00007fff5dac2000 	C:\Windows\SYSTEM32\UMPDC.dll
0x00007fff5c490000 - 0x00007fff5c4a2000 	C:\Windows\SYSTEM32\kernel.appcore.dll
0x00007fff55d50000 - 0x00007fff55d5a000 	C:\Users\tela\Java\zulu25.36.15-ca-jdk25.0.4-win_x64\bin\jimage.dll
0x00007fff5b9b0000 - 0x00007fff5bbb1000 	C:\Windows\SYSTEM32\DBGHELP.DLL
0x00007fff41600000 - 0x00007fff41634000 	C:\Windows\SYSTEM32\dbgcore.DLL
0x00007fff5e2d0000 - 0x00007fff5e352000 	C:\Windows\System32\bcryptPrimitives.dll
0x00007fff531b0000 - 0x00007fff531ce000 	C:\Users\tela\Java\zulu25.36.15-ca-jdk25.0.4-win_x64\bin\java.dll
0x00007fff5ee40000 - 0x00007fff5ef6b000 	C:\Windows\System32\ole32.dll
0x00007fff5e830000 - 0x00007fff5eb83000 	C:\Windows\System32\combase.dll
0x00007fff5fd00000 - 0x00007fff60471000 	C:\Windows\System32\SHELL32.dll
0x00007fff5bbc0000 - 0x00007fff5c36c000 	C:\Windows\SYSTEM32\windows.storage.dll
0x00007fff5d5d0000 - 0x00007fff5d5fb000 	C:\Windows\SYSTEM32\Wldp.dll
0x00007fff5ec90000 - 0x00007fff5ed66000 	C:\Windows\System32\OLEAUT32.dll
0x00007fff5faa0000 - 0x00007fff5fb4d000 	C:\Windows\System32\SHCORE.dll
0x00007fff5ec30000 - 0x00007fff5ec8b000 	C:\Windows\System32\shlwapi.dll
0x00007fff5dbb0000 - 0x00007fff5dbd5000 	C:\Windows\SYSTEM32\profapi.dll
0x00007fff555c0000 - 0x00007fff555d0000 	C:\Users\tela\Java\zulu25.36.15-ca-jdk25.0.4-win_x64\bin\net.dll
0x00007fff5d300000 - 0x00007fff5d36a000 	C:\Windows\system32\mswsock.dll
0x00007fff53110000 - 0x00007fff53126000 	C:\Users\tela\Java\zulu25.36.15-ca-jdk25.0.4-win_x64\bin\nio.dll
0x00007fff53090000 - 0x00007fff530a6000 	C:\Users\tela\Java\zulu25.36.15-ca-jdk25.0.4-win_x64\bin\zip.dll
0x00007fff55020000 - 0x00007fff5502a000 	C:\Users\tela\Java\zulu25.36.15-ca-jdk25.0.4-win_x64\bin\management.dll
0x00007fff55000000 - 0x00007fff5500b000 	C:\Users\tela\Java\zulu25.36.15-ca-jdk25.0.4-win_x64\bin\management_ext.dll
0x00007fff5ef70000 - 0x00007fff5ef78000 	C:\Windows\System32\PSAPI.DLL
0x00007fff53c80000 - 0x00007fff53c8e000 	C:\Users\tela\Java\zulu25.36.15-ca-jdk25.0.4-win_x64\bin\sunmscapi.dll
0x00007fff5dfd0000 - 0x00007fff5e12d000 	C:\Windows\System32\CRYPT32.dll
0x00007fff5d640000 - 0x00007fff5d667000 	C:\Windows\SYSTEM32\ncrypt.dll
0x00007fff5d600000 - 0x00007fff5d63b000 	C:\Windows\SYSTEM32\NTASN1.dll
0x00007fff5d530000 - 0x00007fff5d548000 	C:\Windows\SYSTEM32\CRYPTSP.dll
0x00007fff5cc20000 - 0x00007fff5cc58000 	C:\Windows\system32\rsaenh.dll
0x00007fff5db20000 - 0x00007fff5db4e000 	C:\Windows\SYSTEM32\USERENV.dll
0x00007fff5d520000 - 0x00007fff5d52c000 	C:\Windows\SYSTEM32\CRYPTBASE.dll
0x00007fff5cfe0000 - 0x00007fff5d01b000 	C:\Windows\SYSTEM32\IPHLPAPI.DLL
0x00007fff5f3d0000 - 0x00007fff5f3d8000 	C:\Windows\System32\NSI.dll
0x00007fff5d020000 - 0x00007fff5d0ec000 	C:\Windows\SYSTEM32\DNSAPI.dll
0x0000000000680000 - 0x00000000006a6000 	C:\Program Files\Bonjour\mdnsNSP.dll
0x00007fff52eb0000 - 0x00007fff52eba000 	C:\Windows\System32\rasadhlp.dll
0x00007fff47a40000 - 0x00007fff47ac0000 	C:\Windows\System32\fwpuclnt.dll
0x00007fff532a0000 - 0x00007fff532a9000 	C:\Users\tela\Java\zulu25.36.15-ca-jdk25.0.4-win_x64\bin\extnet.dll
0x00007fff53080000 - 0x00007fff53087000 	C:\Windows\system32\wshunix.dll

JVMTI agents: none

dbghelp: loaded successfully - version: 4.0.5 - missing functions: none
symbol engine: initialized successfully - sym options: 0x614 - pdb path: .;C:\Users\tela\Java\zulu25.36.15-ca-jdk25.0.4-win_x64\bin;C:\Windows\SYSTEM32;C:\Windows\WinSxS\amd64_microsoft.windows.common-controls_6595b64144ccf1df_6.0.19041.7663_none_60b9ed0b71f50c93;C:\Users\tela\Java\zulu25.36.15-ca-jdk25.0.4-win_x64\bin\server;C:\Program Files\Bonjour

VM Arguments:
jvm_args: -Dfile.encoding=UTF-8 -Dstdout.encoding=UTF-8 -Dstderr.encoding=UTF-8 -XX:+ShowCodeDetailsInExceptionMessages 
java_command: ifrn.pi.eventos.EventosApplication
java_class_path (initial): C:\Users\tela\workspace\pi\eventos\target\classes;C:\Users\tela\.m2\repository\org\springframework\boot\spring-boot-starter-thymeleaf\4.1.1\spring-boot-starter-thymeleaf-4.1.1.jar;C:\Users\tela\.m2\repository\org\springframework\boot\spring-boot-starter\4.1.1\spring-boot-starter-4.1.1.jar;C:\Users\tela\.m2\repository\org\springframework\boot\spring-boot-starter-logging\4.1.1\spring-boot-starter-logging-4.1.1.jar;C:\Users\tela\.m2\repository\ch\qos\logback\logback-classic\1.5.38\logback-classic-1.5.38.jar;C:\Users\tela\.m2\repository\ch\qos\logback\logback-core\1.5.38\logback-core-1.5.38.jar;C:\Users\tela\.m2\repository\org\apache\logging\log4j\log4j-to-slf4j\2.25.5\log4j-to-slf4j-2.25.5.jar;C:\Users\tela\.m2\repository\org\apache\logging\log4j\log4j-api\2.25.5\log4j-api-2.25.5.jar;C:\Users\tela\.m2\repository\org\slf4j\jul-to-slf4j\2.0.18\jul-to-slf4j-2.0.18.jar;C:\Users\tela\.m2\repository\jakarta\annotation\jakarta.annotation-api\3.0.0\jakarta.annotation-api-3.0.0.jar;C:\Users\tela\.m2\repository\org\yaml\snakeyaml\2.6\snakeyaml-2.6.jar;C:\Users\tela\.m2\repository\org\springframework\boot\spring-boot-thymeleaf\4.1.1\spring-boot-thymeleaf-4.1.1.jar;C:\Users\tela\.m2\repository\org\thymeleaf\thymeleaf-spring6\3.1.5.RELEASE\thymeleaf-spring6-3.1.5.RELEASE.jar;C:\Users\tela\.m2\repository\org\thymeleaf\thymeleaf\3.1.5.RELEASE\thymeleaf-3.1.5.RELEASE.jar;C:\Users\tela\.m2\repository\org\attoparser\attoparser\2.0.7.RELEASE\attoparser-2.0.7.RELEASE.jar;C:\Users\tela\.m2\repository\org\unbescape\unbescape\1.1.6.RELEASE\unbescape-1.1.6.RELEASE.jar;C:\Users\tela\.m2\repository\org\slf4j\slf4j-api\2.0.18\slf4j-api-2.0.18.jar;C:\Users\tela\.m2\repository\org\springframework\spring-web\7.0.9\spring-web-7.0.9.jar;C:\Users\tela\.m2\repository\org\springframework\spring-beans\7.0.9\spring-beans-7.0.9.jar;C:\Users\tela\.m2\repository\io\micrometer\micrometer-observation\1.17.1\micrometer-observation-1.17.1.jar;C:\Users\tela\.m2\repository\io\micrometer\micrometer-commons\1.17.1\micrometer-commons-1.17.1.jar;C:\Users\tela\.m2\repository\org\springframework\boot\spring-boot-starter-webmvc\4.1.1\spring-boot-starter-webmvc-4.1.1.jar;C:\Users\tela\.m2\repository\org\springframework\boot\spring-boot-starter-jackson\4.1.1\spring-boot-starter-jackson-4.1.1.jar;C:\Users\tela\.m2\repository\org\springframework\boot\spring-boot-jackson\4.1.1\spring-boot-jackson-4.1.1.jar;C:\Users\tela\.m2\repository\tools\jackson\core\jackson-databind\3.1.5\jackson-databind-3.1.5.jar;C:\Users\tela\.m2\repository\com\fasterxml\jackson\core\jackson-annotations\2.21\jackson-annotations-2.21.jar;C:\Users\tela\.m2\repository\tools\jackson\core\jackson-core\3.1.5\jackson-core-3.1.5.jar;C:\Users\tela\.m2\repository\org\springframework\boot\spring-boot-starter-tomcat\4.1.1\spring-boot-starter-tomcat-4.1.1.jar;C:\Users\tela\.m2\repository\org\springframework\boot\spring-boot-starter-tomcat-runtime\4.1.1\spring-boot-starter-tomcat-runtime-4.1.1.jar;C:\Users\tela\.m2\repository\org\apache\tomcat\embed\tomcat-embed-core\11.0.24\tomcat-embed-core-11.0.24.jar;C:\Users\tela\.m2\repository\org\apache\tomcat\embed\tomcat-embed-el\11.0.24\tomcat-embed-el-11.0.24.jar;C:\Users\tela\.m2\repository\org\apache\tomcat\embed\tomcat-embed-websocket\11.0.24\tomcat-embed-websocket-11.0.24.jar;C:\Users\tela\.m2\repository\org\springframework\boot\spring-boot-tomcat\4.1.1\spring-boot-tomcat-4.1.1.jar;C:\Users\tela\.m2\repository\org\springframework\boot\spring-boot-http-converter\4.1.1\spring-boot-http-converter-4.1.1.jar;C:\Users\tela\.m2\repository\org\springframework\boot\spring-boot-webmvc\4.1.1\spring-boot-webmvc-4.1.1.jar;C:\Users\tela\.m2\repository\org\springframework\boot\spring-boot-servlet\4.1.1\spring-boot-servlet-4.1.1.jar;C:\Users\tela\.m2\repository\org\springframework\spring-webmvc\7.0.9\spring-webmvc-7.0.9.jar;C:\Users\tela\.m2\repository\org\springframework\spring-aop\7.0.9\spring-aop-7.0.9.jar;C:\Users\tela\.m2\repository\org\springframework\spring-expression\7.0.9\spring-expression-7.0.9.jar;C:\Users\tela\.m2\repository\org\springframework\boot\spring-boot-devtools\4.1.1\spring-boot-devtools-4.1.1.jar;C:\Users\tela\.m2\repository\org\springframework\boot\spring-boot\4.1.1\spring-boot-4.1.1.jar;C:\Users\tela\.m2\repository\org\springframework\spring-core\7.0.9\spring-core-7.0.9.jar;C:\Users\tela\.m2\repository\commons-logging\commons-logging\1.3.6\commons-logging-1.3.6.jar;C:\Users\tela\.m2\repository\org\jspecify\jspecify\1.0.1\jspecify-1.0.1.jar;C:\Users\tela\.m2\repository\org\springframework\spring-context\7.0.9\spring-context-7.0.9.jar;C:\Users\tela\.m2\repository\org\springframework\boot\spring-boot-autoconfigure\4.1.1\spring-boot-autoconfigure-4.1.1.jar;C:\Users\tela\.m2\repository\jakarta\xml\bind\jakarta.xml.bind-api\4.0.5\jakarta.xml.bind-api-4.0.5.jar;C:\Users\tela\.m2\repository\jakarta\activation\jakarta.activation-api\2.1.4\jakarta.activation-api-2.1.4.jar;C:\Users\tela\.m2\repository\net\bytebuddy\byte-buddy\1.18.11\byte-buddy-1.18.11.jar;C:\Users\tela\.m2\repository\org\springframework\boot\spring-boot-web-server\4.1.1\spring-boot-web-server-4.1.1.jar;C:\Users\tela\.m2\repository\org\springframework\boot\spring-boot-starter-data-jpa\4.1.1\spring-boot-starter-data-jpa-4.1.1.jar;C:\Users\tela\.m2\repository\org\springframework\boot\spring-boot-starter-jdbc\4.1.1\spring-boot-starter-jdbc-4.1.1.jar;C:\Users\tela\.m2\repository\com\zaxxer\HikariCP\7.0.2\HikariCP-7.0.2.jar;C:\Users\tela\.m2\repository\org\springframework\boot\spring-boot-data-jpa\4.1.1\spring-boot-data-jpa-4.1.1.jar;C:\Users\tela\.m2\repository\org\springframework\boot\spring-boot-data-commons\4.1.1\spring-boot-data-commons-4.1.1.jar;C:\Users\tela\.m2\repository\org\springframework\boot\spring-boot-persistence\4.1.1\spring-boot-persistence-4.1.1.jar;C:\Users\tela\.m2\repository\org\springframework\data\spring-data-commons\4.1.1\spring-data-commons-4.1.1.jar;C:\Users\tela\.m2\repository\org\springframework\boot\spring-boot-hibernate\4.1.1\spring-boot-hibernate-4.1.1.jar;C:\Users\tela\.m2\repository\org\springframework\boot\spring-boot-jpa\4.1.1\spring-boot-jpa-4.1.1.jar;C:\Users\tela\.m2\repository\jakarta\persistence\jakarta.persistence-api\3.2.0\jakarta.persistence-api-3.2.0.jar;C:\Users\tela\.m2\repository\org\hibernate\orm\hibernate-core\7.4.5.Final\hibernate-core-7.4.5.Final.jar;C:\Users\tela\.m2\repository\jakarta\transaction\jakarta.transaction-api\2.0.1\jakarta.transaction-api-2.0.1.jar;C:\Users\tela\.m2\repository\org\jboss\logging\jboss-logging\3.6.3.Final\jboss-logging-3.6.3.Final.jar;C:\Users\tela\.m2\repository\org\hibernate\models\hibernate-models\1.1.1\hibernate-models-1.1.1.jar;C:\Users\tela\.m2\repository\org\glassfish\jaxb\jaxb-runtime\4.0.9\jaxb-runtime-4.0.9.jar;C:\Users\tela\.m2\repository\org\glassfish\jaxb\jaxb-core\4.0.9\jaxb-core-4.0.9.jar;C:\Users\tela\.m2\repository\org\eclipse\angus\angus-activation\2.0.3\angus-activation-2.0.3.jar;C:\Users\tela\.m2\repository\org\glassfish\jaxb\txw2\4.0.9\txw2-4.0.9.jar;C:\Users\tela\.m2\repository\com\sun\istack\istack-commons-runtime\4.1.2\istack-commons-runtime-4.1.2.jar;C:\Users\tela\.m2\repository\jakarta\inject\jakarta.inject-api\2.0.1\jakarta.inject-api-2.0.1.jar;C:\Users\tela\.m2\repository\org\springframework\spring-orm\7.0.9\spring-orm-7.0.9.jar;C:\Users\tela\.m2\repository\org\springframework\data\spring-data-jpa\4.1.1\spring-data-jpa-4.1.1.jar;C:\Users\tela\.m2\repository\org\springframework\spring-tx\7.0.9\spring-tx-7.0.9.jar;C:\Users\tela\.m2\repository\org\antlr\antlr4-runtime\4.13.2\antlr4-runtime-4.13.2.jar;C:\Users\tela\.m2\repository\org\springframework\spring-aspects\7.0.9\spring-aspects-7.0.9.jar;C:\Users\tela\.m2\repository\org\aspectj\aspectjweaver\1.9.25.1\aspectjweaver-1.9.25.1.jar;C:\Users\tela\.m2\repository\org\springframework\boot\spring-boot-jdbc\4.1.1\spring-boot-jdbc-4.1.1.jar;C:\Users\tela\.m2\repository\org\springframework\boot\spring-boot-sql\4.1.1\spring-boot-sql-4.1.1.jar;C:\Users\tela\.m2\repository\org\springframework\boot\spring-boot-transaction\4.1.1\spring-boot-transaction-4.1.1.jar;C:\Users\tela\.m2\repository\org\springframework\spring-jdbc\7.0.9\spring-jdbc-7.0.9.jar;C:\Users\tela\.m2\repository\com\mysql\mysql-connector-j\9.7.0\mysql-connector-j-9.7.0.jar
Launcher Type: SUN_STANDARD

[Global flags]
     intx CICompilerCount                          = 3                                         {product} {ergonomic}
     uint ConcGCThreads                            = 1                                         {product} {ergonomic}
     uint G1ConcRefinementThreads                  = 4                                         {product} {ergonomic}
   size_t G1HeapRegionSize                         = 1048576                                   {product} {ergonomic}
   size_t InitialHeapSize                          = 134217728                                 {product} {ergonomic}
   size_t MarkStackSize                            = 4194304                                   {product} {ergonomic}
   size_t MarkStackSizeMax                         = 536870912                                 {product} {ergonomic}
   size_t MaxHeapSize                              = 2122317824                                {product} {ergonomic}
   size_t MaxNewSize                               = 1272971264                                {product} {ergonomic}
   size_t MinHeapDeltaBytes                        = 1048576                                   {product} {ergonomic}
   size_t MinHeapSize                              = 8388608                                   {product} {ergonomic}
    uintx NonNMethodCodeHeapSize                   = 5898240                                {pd product} {ergonomic}
    uintx NonProfiledCodeHeapSize                  = 122945536                              {pd product} {ergonomic}
    uintx ProfiledCodeHeapSize                     = 122945536                              {pd product} {ergonomic}
    uintx ReservedCodeCacheSize                    = 251789312                              {pd product} {ergonomic}
     bool SegmentedCodeCache                       = true                                      {product} {ergonomic}
     bool ShowCodeDetailsInExceptionMessages       = true                                   {manageable} {command line}
   size_t SoftMaxHeapSize                          = 2122317824                             {manageable} {ergonomic}
     bool UseCompressedOops                        = true                           {product lp64_product} {ergonomic}
     bool UseG1GC                                  = true                                      {product} {ergonomic}
     bool UseLargePagesIndividualAllocation        = false                                  {pd product} {ergonomic}

Logging:
Log output configuration:
 #0: stdout all=warning uptime,level,tags foldmultilines=false
 #1: stderr all=off uptime,level,tags foldmultilines=false

Release file:
IMPLEMENTOR="Azul Systems, Inc." 
IMPLEMENTOR_VERSION="Zulu25.36+15-CA" 
JAVA_RUNTIME_VERSION="25.0.4+7-LTS" 
JAVA_VERSION="25.0.4" 
JAVA_VERSION_DATE="2026-07-21" 
LIBC="default" 
MODULES="java.base java.compiler java.datatransfer java.xml java.prefs java.desktop java.instrument java.logging java.management java.security.sasl java.naming java.rmi java.management.rmi java.net.http java.scripting java.security.jgss java.transaction.xa java.sql java.sql.rowset java.xml.crypto java.se java.smartcardio jdk.accessibility jdk.internal.jvmstat jdk.attach jdk.charsets jdk.internal.opt jdk.zipfs jdk.compiler jdk.crypto.cryptoki jdk.crypto.ec jdk.crypto.mscapi jdk.dynalink jdk.internal.ed jdk.editpad jdk.internal.vm.ci jdk.graal.compiler jdk.graal.compiler.management jdk.hotspot.agent jdk.httpserver jdk.incubator.vector jdk.internal.le jdk.internal.md jdk.jartool jdk.javadoc jdk.jcmd jdk.management jdk.management.agent jdk.jconsole jdk.jdeps jdk.jdwp.agent jdk.jdi jdk.jfr jdk.jlink jdk.jpackage jdk.jshell jdk.jsobject jdk.jstatd jdk.localedata jdk.management.jfr jdk.naming.dns jdk.naming.rmi jdk.net jdk.nio.mapmode jdk.sctp jdk.security.auth jdk.security.jgss jdk.unsupported jdk.unsupported.desktop jdk.xml.dom" 
OS_ARCH="x86_64" 
OS_NAME="Windows" 
SOURCE=".:git:9f5a367f7629" 

Environment Variables:
JAVA_HOME=C:\Users\tela\Java\zulu25.36.15-ca-jdk25.0.4-win_x64
PATH=C:/Users/tela/Downloads/eclipse//plugins/org.eclipse.justj.openjdk.hotspot.jre.full.win32.x86_64_21.0.11.v20260515-1531/jre/bin/server;C:/Users/tela/Downloads/eclipse//plugins/org.eclipse.justj.openjdk.hotspot.jre.full.win32.x86_64_21.0.11.v20260515-1531/jre/bin;C:\Users\tela\Java\zulu25.36.15-ca-jdk25.0.4-win_x64\bin;C:\Program Files (x86)\Common Files\Oracle\Java\java8path;C:\Program Files (x86)\Common Files\Oracle\Java\javapath;C:\Windows\system32;C:\Windows;C:\Windows\System32\Wbem;C:\Windows\System32\WindowsPowerShell\v1.0\;C:\Windows\System32\OpenSSH\;C:\Program Files\dotnet\;C:\workspaces\pi\Git\cmd;C:\Program Files\MySQL\MySQL Shell 8.0\bin\;C:\Users\tela\AppData\Local\Microsoft\WindowsApps;C:\Users\tela\AppData\Local\Programs\Microsoft VS Code\bin;C:\Users\tela\Downloads\eclipse;
USERNAME=JCanela
OS=Windows_NT
PROCESSOR_IDENTIFIER=Intel64 Family 6 Model 142 Stepping 10, GenuineIntel
TMP=C:\Users\tela\AppData\Local\Temp
TEMP=C:\Users\tela\AppData\Local\Temp




Compilation memory statistics disabled.

Periodic native trim disabled

---------------  S Y S T E M  ---------------

OS:
 Windows 10 , 64 bit Build 19041 (10.0.19041.7663)
OS uptime: 0 days 1:35 hours

CPU: total 4 (initial active 4) (2 cores per cpu, 2 threads per core) family 6 model 142 stepping 10 microcode 0xf4, cx8, cmov, fxsr, ht, mmx, 3dnowpref, sse, sse2, sse3, ssse3, sse4.1, sse4.2, popcnt, lzcnt, tsc, tscinvbit, avx, avx2, aes, erms, clmul, bmi1, bmi2, adx, fma, vzeroupper, clflush, clflushopt, rdtscp, f16c
Processor Information for the first 4 processors :
  Max Mhz: 2208, Current Mhz: 2208, Mhz Limit: 2208

Memory: 4k page, system-wide physical 8088M (694M free)
TotalPageFile size 8088M (AvailPageFile size 3M)
current process WorkingSet (physical memory assigned to process): 252M, peak: 293M
current process commit charge ("private bytes"): 295M, peak: 334M

vm_info: OpenJDK 64-Bit Server VM (25.0.4+7-LTS) for windows-amd64 JRE (25.0.4+7-LTS) (Zulu25.36+15-CA), built on 2026-07-03T22:32:29Z with MS VC++ 17.1 (VS2022)

END.
